Archive member included to satisfy reference by file (symbol)

e:/stm32cubeide/stm32cubeide_1.11.2/stm32cubeide/plugins/com.st.stm32cube.ide.mcu.externaltools.gnu-tools-for-stm32.10.3-2021.10.win32_1.0.100.202210260954/tools/bin/../lib/gcc/arm-none-eabi/10.3.1/../../../../arm-none-eabi/lib/thumb/v7-m/nofp\libc_nano.a(lib_a-errno.o)
                              ./Core/Src/syscalls.o (__errno)
e:/stm32cubeide/stm32cubeide_1.11.2/stm32cubeide/plugins/com.st.stm32cube.ide.mcu.externaltools.gnu-tools-for-stm32.10.3-2021.10.win32_1.0.100.202210260954/tools/bin/../lib/gcc/arm-none-eabi/10.3.1/../../../../arm-none-eabi/lib/thumb/v7-m/nofp\libc_nano.a(lib_a-exit.o)
                              e:/stm32cubeide/stm32cubeide_1.11.2/stm32cubeide/plugins/com.st.stm32cube.ide.mcu.externaltools.gnu-tools-for-stm32.10.3-2021.10.win32_1.0.100.202210260954/tools/bin/../lib/gcc/arm-none-eabi/10.3.1/../../../../arm-none-eabi/lib/thumb/v7-m/nofp/crt0.o (exit)
e:/stm32cubeide/stm32cubeide_1.11.2/stm32cubeide/plugins/com.st.stm32cube.ide.mcu.externaltools.gnu-tools-for-stm32.10.3-2021.10.win32_1.0.100.202210260954/tools/bin/../lib/gcc/arm-none-eabi/10.3.1/../../../../arm-none-eabi/lib/thumb/v7-m/nofp\libc_nano.a(lib_a-impure.o)
                              e:/stm32cubeide/stm32cubeide_1.11.2/stm32cubeide/plugins/com.st.stm32cube.ide.mcu.externaltools.gnu-tools-for-stm32.10.3-2021.10.win32_1.0.100.202210260954/tools/bin/../lib/gcc/arm-none-eabi/10.3.1/../../../../arm-none-eabi/lib/thumb/v7-m/nofp\libc_nano.a(lib_a-exit.o) (_global_impure_ptr)
e:/stm32cubeide/stm32cubeide_1.11.2/stm32cubeide/plugins/com.st.stm32cube.ide.mcu.externaltools.gnu-tools-for-stm32.10.3-2021.10.win32_1.0.100.202210260954/tools/bin/../lib/gcc/arm-none-eabi/10.3.1/../../../../arm-none-eabi/lib/thumb/v7-m/nofp\libc_nano.a(lib_a-init.o)
                              e:/stm32cubeide/stm32cubeide_1.11.2/stm32cubeide/plugins/com.st.stm32cube.ide.mcu.externaltools.gnu-tools-for-stm32.10.3-2021.10.win32_1.0.100.202210260954/tools/bin/../lib/gcc/arm-none-eabi/10.3.1/../../../../arm-none-eabi/lib/thumb/v7-m/nofp/crt0.o (__libc_init_array)
e:/stm32cubeide/stm32cubeide_1.11.2/stm32cubeide/plugins/com.st.stm32cube.ide.mcu.externaltools.gnu-tools-for-stm32.10.3-2021.10.win32_1.0.100.202210260954/tools/bin/../lib/gcc/arm-none-eabi/10.3.1/../../../../arm-none-eabi/lib/thumb/v7-m/nofp\libc_nano.a(lib_a-memcpy-stub.o)
                              ./Core/Src/freertos.o (memcpy)
e:/stm32cubeide/stm32cubeide_1.11.2/stm32cubeide/plugins/com.st.stm32cube.ide.mcu.externaltools.gnu-tools-for-stm32.10.3-2021.10.win32_1.0.100.202210260954/tools/bin/../lib/gcc/arm-none-eabi/10.3.1/../../../../arm-none-eabi/lib/thumb/v7-m/nofp\libc_nano.a(lib_a-memset.o)
                              e:/stm32cubeide/stm32cubeide_1.11.2/stm32cubeide/plugins/com.st.stm32cube.ide.mcu.externaltools.gnu-tools-for-stm32.10.3-2021.10.win32_1.0.100.202210260954/tools/bin/../lib/gcc/arm-none-eabi/10.3.1/../../../../arm-none-eabi/lib/thumb/v7-m/nofp/crt0.o (memset)
e:/stm32cubeide/stm32cubeide_1.11.2/stm32cubeide/plugins/com.st.stm32cube.ide.mcu.externaltools.gnu-tools-for-stm32.10.3-2021.10.win32_1.0.100.202210260954/tools/bin/../lib/gcc/arm-none-eabi/10.3.1/../../../../arm-none-eabi/lib/thumb/v7-m/nofp\libc_nano.a(lib_a-snprintf.o)
                              ./Core/Src/freertos.o (snprintf)
e:/stm32cubeide/stm32cubeide_1.11.2/stm32cubeide/plugins/com.st.stm32cube.ide.mcu.externaltools.gnu-tools-for-stm32.10.3-2021.10.win32_1.0.100.202210260954/tools/bin/../lib/gcc/arm-none-eabi/10.3.1/../../../../arm-none-eabi/lib/thumb/v7-m/nofp\libc_nano.a(lib_a-nano-svfprintf.o)
                              e:/stm32cubeide/stm32cubeide_1.11.2/stm32cubeide/plugins/com.st.stm32cube.ide.mcu.externaltools.gnu-tools-for-stm32.10.3-2021.10.win32_1.0.100.202210260954/tools/bin/../lib/gcc/arm-none-eabi/10.3.1/../../../../arm-none-eabi/lib/thumb/v7-m/nofp\libc_nano.a(lib_a-snprintf.o) (_svfprintf_r)
e:/stm32cubeide/stm32cubeide_1.11.2/stm32cubeide/plugins/com.st.stm32cube.ide.mcu.externaltools.gnu-tools-for-stm32.10.3-2021.10.win32_1.0.100.202210260954/tools/bin/../lib/gcc/arm-none-eabi/10.3.1/../../../../arm-none-eabi/lib/thumb/v7-m/nofp\libc_nano.a(lib_a-nano-vfprintf_i.o)
                              e:/stm32cubeide/stm32cubeide_1.11.2/stm32cubeide/plugins/com.st.stm32cube.ide.mcu.externaltools.gnu-tools-for-stm32.10.3-2021.10.win32_1.0.100.202210260954/tools/bin/../lib/gcc/arm-none-eabi/10.3.1/../../../../arm-none-eabi/lib/thumb/v7-m/nofp\libc_nano.a(lib_a-nano-svfprintf.o) (_printf_i)
e:/stm32cubeide/stm32cubeide_1.11.2/stm32cubeide/plugins/com.st.stm32cube.ide.mcu.externaltools.gnu-tools-for-stm32.10.3-2021.10.win32_1.0.100.202210260954/tools/bin/../lib/gcc/arm-none-eabi/10.3.1/../../../../arm-none-eabi/lib/thumb/v7-m/nofp\libc_nano.a(lib_a-memchr-stub.o)
[...]
Memory Configuration

Name             Origin             Length             Attributes
RAM              0x0000000020000000 0x0000000000005000 xrw
FLASH            0x0000000008000000 0x0000000000020000 xr
*default*        0x0000000000000000 0xffffffffffffffff

Linker script and memory map

LOAD e:/stm32cubeide/stm32cubeide_1.11.2/stm32cubeide/plugins/com.st.stm32cube.ide.mcu.externaltools.gnu-tools-for-stm32.10.3-2021.10.win32_1.0.100.202210260954/tools/bin/../lib/gcc/arm-none-eabi/10.3.1/thumb/v7-m/nofp/crti.o
LOAD e:/stm32cubeide/stm32cubeide_1.11.2/stm32cubeide/plugins/com.st.stm32cube.ide.mcu.externaltools.gnu-tools-for-stm32.10.3-2021.10.win32_1.0.100.202210260954/tools/bin/../lib/gcc/arm-none-eabi/10.3.1/thumb/v7-m/nofp/crtbegin.o
LOAD e:/stm32cubeide/stm32cubeide_1.11.2/stm32cubeide/plugins/com.st.stm32cube.ide.mcu.externaltools.gnu-tools-for-stm32.10.3-2021.10.win32_1.0.100.202210260954/tools/bin/../lib/gcc/arm-none-eabi/10.3.1/../../../../arm-none-eabi/lib/thumb/v7-m/nofp/crt0.o
LOAD ./Core/Src/dma.o
LOAD ./Core/Src/fifo.o
LOAD ./Core/Src/freertos.o
LOAD ./Core/Src/gpio.o
LOAD ./Core/Src/main.o
LOAD ./Core/Src/stm32f1xx_hal_msp.o
LOAD ./Core/Src/stm32f1xx_hal_timebase_tim.o
LOAD ./Core/Src/stm32f1xx_it.o
LOAD ./Core/Src/syscalls.o
LOAD ./Core/Src/sysmem.o
LOAD ./Core/Src/system_stm32f1xx.o
LOAD ./Core/Src/usart.o
LOAD ./Core/Startup/startup_stm32f103rbtx.o
LOAD ./Drivers/STM32F1xx_HAL_Driver/Src/stm32f1xx_hal.o
LOAD ./Drivers/STM32F1xx_HAL_Driver/Src/stm32f1xx_hal_cortex.o
LOAD ./Drivers/STM32F1xx_HAL_Driver/Src/stm32f1xx_hal_dma.o
LOAD ./Drivers/STM32F1xx_HAL_Driver/Src/stm32f1xx_hal_exti.o
LOAD ./Drivers/STM32F1xx_HAL_Driver/Src/stm32f1xx_hal_flash.o
LOAD ./Drivers/STM32F1xx_HAL_Driver/Src/stm32f1xx_hal_flash_ex.o
LOAD ./Drivers/STM32F1xx_HAL_Driver/Src/stm32f1xx_hal_gpio.o
LOAD ./Drivers/STM32F1xx_HAL_Driver/Src/stm32f1xx_hal_gpio_ex.o
LOAD ./Drivers/STM32F1xx_HAL_Driver/Src/stm32f1xx_hal_pwr.o
LOAD ./Drivers/STM32F1xx_HAL_Driver/Src/stm32f1xx_hal_rcc.o
LOAD ./Drivers/STM32F1xx_HAL_Driver/Src/stm32f1xx_hal_rcc_ex.o
LOAD ./Drivers/STM32F1xx_HAL_Driver/Src/stm32f1xx_hal_tim.o
LOAD ./Drivers/STM32F1xx_HAL_Driver/Src/stm32f1xx_hal_tim_ex.o
LOAD ./Drivers/STM32F1xx_HAL_Driver/Src/stm32f1xx_hal_uart.o
LOAD ./Middlewares/MAVLink/MAVLinkV1.o
LOAD ./Middlewares/Third_Party/FreeRTOS/Source/CMSIS_RTOS_V2/cmsis_os2.o
LOAD ./Middlewares/Third_Party/FreeRTOS/Source/croutine.o
LOAD ./Middlewares/Third_Party/FreeRTOS/Source/event_groups.o
LOAD ./Middlewares/Third_Party/FreeRTOS/Source/list.o
LOAD ./Middlewares/Third_Party/FreeRTOS/Source/queue.o
LOAD ./Middlewares/Third_Party/FreeRTOS/Source/stream_buffer.o
LOAD ./Middlewares/Third_Party/FreeRTOS/Source/tasks.o
LOAD ./Middlewares/Third_Party/FreeRTOS/Source/timers.o
LOAD ./Middlewares/Third_Party/FreeRTOS/Source/portable/GCC/ARM_CM3/port.o
LOAD ./Middlewares/Third_Party/FreeRTOS/Source/portable/MemMang/heap_4.o
START GROUP
LOAD e:/stm32cubeide/stm32cubeide_1.11.2/stm32cubeide/plugins/com.st.stm32cube.ide.mcu.externaltools.gnu-tools-for-stm32.10.3-2021.10.win32_1.0.100.202210260954/tools/bin/../lib/gcc/arm-none-eabi/10.3.1/../../../../arm-none-eabi/lib/thumb/v7-m/nofp\libc_nano.a
LOAD e:/stm32cubeide/stm32cubeide_1.11.2/stm32cubeide/plugins/com.st.stm32cube.ide.mcu.externaltools.gnu-tools-for-stm32.10.3-2021.10.win32_1.0.100.202210260954/tools/bin/../lib/gcc/arm-none-eabi/10.3.1/../../../../arm-none-eabi/lib/thumb/v7-m/nofp\libm.a
END GROUP
START GROUP
LOAD e:/stm32cubeide/stm32cubeide_1.11.2/stm32cubeide/plugins/com.st.stm32cube.ide.mcu.externaltools.gnu-tools-for-stm32.10.3-2021.10.win32_1.0.100.202210260954/tools/bin/../lib/gcc/arm-none-eabi/10.3.1/thumb/v7-m/nofp\libgcc.a
LOAD e:/stm32cubeide/stm32cubeide_1.11.2/stm32cubeide/plugins/com.st.stm32cube.ide.mcu.externaltools.gnu-tools-for-stm32.10.3-2021.10.win32_1.0.100.202210260954/tools/bin/../lib/gcc/arm-none-eabi/10.3.1/../../../../arm-none-eabi/lib/thumb/v7-m/nofp\libc_nano.a
END GROUP
START GROUP
LOAD e:/stm32cubeide/stm32cubeide_1.11.2/stm32cubeide/plugins/com.st.stm32cube.ide.mcu.externaltools.gnu-tools-for-stm32.10.3-2021.10.win32_1.0.100.202210260954/tools/bin/../lib/gcc/arm-none-eabi/10.3.1/thumb/v7-m/nofp\libgcc.a
LOAD e:/stm32cubeide/stm32cubeide_1.11.2/stm32cubeide/plugins/com.st.stm32cube.ide.mcu.externaltools.gnu-tools-for-stm32.10.3-2021.10.win32_1.0.100.202210260954/tools/bin/../lib/gcc/arm-none-eabi/10.3.1/../../../../arm-none-eabi/lib/thumb/v7-m/nofp\libc_nano.a
LOAD e:/stm32cubeide/stm32cubeide_1.11.2/stm32cubeide/plugins/com.st.stm32cube.ide.mcu.externaltools.gnu-tools-for-stm32.10.3-2021.10.win32_1.0.100.202210260954/tools/bin/../lib/gcc/arm-none-eabi/10.3.1/../../../../arm-none-eabi/lib/thumb/v7-m/nofp\libnosys.a
END GROUP
START GROUP
LOAD e:/stm32cubeide/stm32cubeide_1.11.2/stm32cubeide/plugins/com.st.stm32cube.ide.mcu.externaltools.gnu-tools-for-stm32.10.3-2021.10.win32_1.0.100.202210260954/tools/bin/../lib/gcc/arm-none-eabi/10.3.1/thumb/v7-m/nofp\libgcc.a
LOAD e:/stm32cubeide/stm32cubeide_1.11.2/stm32cubeide/plugins/com.st.stm32cube.ide.mcu.externaltools.gnu-tools-for-stm32.10.3-2021.10.win32_1.0.100.202210260954/tools/bin/../lib/gcc/arm-none-eabi/10.3.1/../../../../arm-none-eabi/lib/thumb/v7-m/nofp\libc_nano.a
LOAD e:/stm32cubeide/stm32cubeide_1.11.2/stm32cubeide/plugins/com.st.stm32cube.ide.mcu.externaltools.gnu-tools-for-stm32.10.3-2021.10.win32_1.0.100.202210260954/tools/bin/../lib/gcc/arm-none-eabi/10.3.1/../../../../arm-none-eabi/lib/thumb/v7-m/nofp\libnosys.a
END GROUP
LOAD e:/stm32cubeide/stm32cubeide_1.11.2/stm32cubeide/plugins/com.st.stm32cube.ide.mcu.externaltools.gnu-tools-for-stm32.10.3-2021.10.win32_1.0.100.202210260954/tools/bin/../lib/gcc/arm-none-eabi/10.3.1/thumb/v7-m/nofp/crtend.o
LOAD e:/stm32cubeide/stm32cubeide_1.11.2/stm32cubeide/plugins/com.st.stm32cube.ide.mcu.externaltools.gnu-tools-for-stm32.10.3-2021.10.win32_1.0.100.202210260954/tools/bin/../lib/gcc/arm-none-eabi/10.3.1/thumb/v7-m/nofp/crtn.o
                0x0000000020005000                _estack = (ORIGIN (RAM) + LENGTH (RAM))
                0x0000000000000200                _Min_Heap_Size = 0x200
                0x0000000000000400                _Min_Stack_Size = 0x400

.isr_vector     0x0000000008000000      0x10c
                0x0000000008000000                . = ALIGN (0x4)
 *(.isr_vector)
 .isr_vector    0x0000000008000000      0x10c ./Core/Startup/startup_stm32f103rbtx.o
                0x0000000008000000                g_pfnVectors
                0x000000000800010c                . = ALIGN (0x4)

.text           0x0000000008000110     0x7604
                0x0000000008000110                . = ALIGN (0x4)
 *(.text)
 .text          0x0000000008000110       0x40 e:/stm32cubeide/stm32cubeide_1.11.2/stm32cubeide/plugins/com.st.stm32cube.ide.mcu.externaltools.gnu-tools-for-stm32.10.3-2021.10.win32_1.0.100.202210260954/tools/bin/../lib/gcc/arm-none-eabi/10.3.1/thumb/v7-m/nofp/crtbegin.o
 *(.text*)
 .text.MX_DMA_Init
                0x0000000008000150       0x5c ./Core/Src/dma.o
                0x0000000008000150                MX_DMA_Init
 .text.FIFO_Init
                0x00000000080001ac       0x4a ./Core/Src/fifo.o
                0x00000000080001ac                FIFO_Init
 .text.FIFO_Write
                0x00000000080001f6       0x6c ./Core/Src/fifo.o
                0x00000000080001f6                FIFO_Write
 .text.FIFO_Read
                0x0000000008000262       0x70 ./Core/Src/fifo.o
                0x0000000008000262                FIFO_Read
 .text.FIFO_Available
                0x00000000080002d2       0x40 ./Core/Src/fifo.o
                0x00000000080002d2                FIFO_Available
 *fill*         0x0000000008000312        0x2 
 .text.MX_FREERTOS_Init
                0x0000000008000314       0xd0 ./Core/Src/freertos.o
                0x0000000008000314                MX_FREERTOS_Init
 .text.StartDefaultTask
                0x00000000080003e4       0x10 ./Core/Src/freertos.o
                0x00000000080003e4                StartDefaultTask
 .text.StartUART1Task
                0x00000000080003f4       0xf8 ./Core/Src/freertos.o
                0x00000000080003f4                StartUART1Task
 .text.StartUART2Task
                0x00000000080004ec       0xf8 ./Core/Src/freertos.o
                0x00000000080004ec                StartUART2Task
 .text.StartUART3Task
                0x00000000080005e4       0x70 ./Core/Src/freertos.o
                0x00000000080005e4                StartUART3Task
 .text.MX_GPIO_Init
                0x0000000008000654       0xdc ./Core/Src/gpio.o
                0x0000000008000654                MX_GPIO_Init
 .text.main     0x0000000008000730       0x44 ./Core/Src/main.o
                0x0000000008000730                main
 .text.SystemClock_Config
                0x0000000008000774       0x82 ./Core/Src/main.o
                0x0000000008000774                SystemClock_Config
 *fill*         0x00000000080007f6        0x2 
 .text.HAL_TIM_PeriodElapsedCallback
                0x00000000080007f8       0x24 ./Core/Src/main.o
                0x00000000080007f8                HAL_TIM_PeriodElapsedCallback
 .text.Error_Handler
                0x000000000800081c        0xa ./Core/Src/main.o
                0x000000000800081c                Error_Handler
 *fill*         0x0000000008000826        0x2 
 .text.HAL_MspInit
                0x0000000008000828       0x70 ./Core/Src/stm32f1xx_hal_msp.o
                0x0000000008000828                HAL_MspInit
 .text.HAL_InitTick
                0x0000000008000898       0xfc ./Core/Src/stm32f1xx_hal_timebase_tim.o
                0x0000000008000898                HAL_InitTick
 .text.NMI_Handler
                0x0000000008000994        0x6 ./Core/Src/stm32f1xx_it.o
                0x0000000008000994                NMI_Handler
 *fill*         0x000000000800099a        0x2 
 .text.HardFault_Handler
                0x000000000800099c       0x1c ./Core/Src/stm32f1xx_it.o
                0x000000000800099c                HardFault_Handler
 .text.MemManage_Handler
                0x00000000080009b8        0x6 ./Core/Src/stm32f1xx_it.o
                0x00000000080009b8                MemManage_Handler
 .text.BusFault_Handler
                0x00000000080009be        0x6 ./Core/Src/stm32f1xx_it.o
                0x00000000080009be                BusFault_Handler
 .text.UsageFault_Handler
                0x00000000080009c4        0x6 ./Core/Src/stm32f1xx_it.o
                0x00000000080009c4                UsageFault_Handler
 .text.DebugMon_Handler
                0x00000000080009ca        0xc ./Core/Src/stm32f1xx_it.o
                0x00000000080009ca                DebugMon_Handler
 *fill*         0x00000000080009d6        0x2 
 .text.DMA1_Channel2_IRQHandler
                0x00000000080009d8       0x14 ./Core/Src/stm32f1xx_it.o
                0x00000000080009d8                DMA1_Channel2_IRQHandler
 .text.DMA1_Channel5_IRQHandler
                0x00000000080009ec       0x14 ./Core/Src/stm32f1xx_it.o
                0x00000000080009ec                DMA1_Channel5_IRQHandler
 .text.DMA1_Channel6_IRQHandler
                0x0000000008000a00       0x14 ./Core/Src/stm32f1xx_it.o
                0x0000000008000a00                DMA1_Channel6_IRQHandler
 .text.TIM4_IRQHandler
                0x0000000008000a14       0x14 ./Core/Src/stm32f1xx_it.o
                0x0000000008000a14                TIM4_IRQHandler
 .text.USART1_IRQHandler
                0x0000000008000a28      0x11c ./Core/Src/stm32f1xx_it.o
                0x0000000008000a28                USART1_IRQHandler
 .text.USART2_IRQHandler
                0x0000000008000b44      0x11c ./Core/Src/stm32f1xx_it.o
                0x0000000008000b44                USART2_IRQHandler
 .text.USART3_IRQHandler
                0x0000000008000c60       0x14 ./Core/Src/stm32f1xx_it.o
                0x0000000008000c60                USART3_IRQHandler
 .text.EXTI15_10_IRQHandler
                0x0000000008000c74       0x10 ./Core/Src/stm32f1xx_it.o
                0x0000000008000c74                EXTI15_10_IRQHandler
 .text.HAL_UART_TxCpltCallback
                0x0000000008000c84       0x50 ./Core/Src/stm32f1xx_it.o
                0x0000000008000c84                HAL_UART_TxCpltCallback
 .text._sbrk    0x0000000008000cd4       0x6c ./Core/Src/sysmem.o
                0x0000000008000cd4                _sbrk
 .text.SystemInit
                0x0000000008000d40        0xc ./Core/Src/system_stm32f1xx.o
                0x0000000008000d40                SystemInit
 .text.MX_USART1_UART_Init
                0x0000000008000d4c       0x98 ./Core/Src/usart.o
                0x0000000008000d4c                MX_USART1_UART_Init
 .text.MX_USART2_UART_Init
                0x0000000008000de4       0x98 ./Core/Src/usart.o
                0x0000000008000de4                MX_USART2_UART_Init
 .text.MX_USART3_UART_Init
                0x0000000008000e7c       0x64 ./Core/Src/usart.o
                0x0000000008000e7c                MX_USART3_UART_Init
 .text.HAL_UART_MspInit
                0x0000000008000ee0      0x294 ./Core/Src/usart.o
                0x0000000008000ee0                HAL_UART_MspInit
 .text.Reset_Handler
                0x0000000008001174       0x48 ./Core/Startup/startup_stm32f103rbtx.o
                0x0000000008001174                Reset_Handler
 .text.Default_Handler
                0x00000000080011bc        0x2 ./Core/Startup/startup_stm32f103rbtx.o
                0x00000000080011bc                RTC_Alarm_IRQHandler
                0x00000000080011bc                EXTI2_IRQHandler
                0x00000000080011bc                TIM1_CC_IRQHandler
                0x00000000080011bc                PVD_IRQHandler
                0x00000000080011bc                EXTI3_IRQHandler
                0x00000000080011bc                EXTI0_IRQHandler
                0x00000000080011bc                I2C2_EV_IRQHandler
                0x00000000080011bc                ADC1_2_IRQHandler
                0x00000000080011bc                SPI1_IRQHandler
                0x00000000080011bc                TAMPER_IRQHandler
                0x00000000080011bc                DMA1_Channel4_IRQHandler
                0x00000000080011bc                RTC_IRQHandler
                0x00000000080011bc                DMA1_Channel7_IRQHandler
                0x00000000080011bc                CAN1_RX1_IRQHandler
                0x00000000080011bc                I2C1_EV_IRQHandler
                0x00000000080011bc                TIM3_IRQHandler
                0x00000000080011bc                RCC_IRQHandler
                0x00000000080011bc                TIM1_TRG_COM_IRQHandler
                0x00000000080011bc                DMA1_Channel1_IRQHandler
                0x00000000080011bc                Default_Handler
                0x00000000080011bc                EXTI9_5_IRQHandler
                0x00000000080011bc                SPI2_IRQHandler
                0x00000000080011bc                EXTI4_IRQHandler
                0x00000000080011bc                USB_LP_CAN1_RX0_IRQHandler
                0x00000000080011bc                USB_HP_CAN1_TX_IRQHandler
                0x00000000080011bc                DMA1_Channel3_IRQHandler
                0x00000000080011bc                TIM1_UP_IRQHandler
                0x00000000080011bc                WWDG_IRQHandler
                0x00000000080011bc                TIM2_IRQHandler
                0x00000000080011bc                TIM1_BRK_IRQHandler
                0x00000000080011bc                EXTI1_IRQHandler
                0x00000000080011bc                I2C2_ER_IRQHandler
                0x00000000080011bc                CAN1_SCE_IRQHandler
                0x00000000080011bc                FLASH_IRQHandler
                0x00000000080011bc                I2C1_ER_IRQHandler
                0x00000000080011bc                USBWakeUp_IRQHandler
 *fill*         0x00000000080011be        0x2 
 .text.HAL_Init
                0x00000000080011c0       0x2c ./Drivers/STM32F1xx_HAL_Driver/Src/stm32f1xx_hal.o
                0x00000000080011c0                HAL_Init
 .text.HAL_IncTick
                0x00000000080011ec       0x24 ./Drivers/STM32F1xx_HAL_Driver/Src/stm32f1xx_hal.o
                0x00000000080011ec                HAL_IncTick
 .text.HAL_GetTick
                0x0000000008001210       0x14 ./Drivers/STM32F1xx_HAL_Driver/Src/stm32f1xx_hal.o
                0x0000000008001210                HAL_GetTick
 .text.__NVIC_SetPriorityGrouping
                0x0000000008001224       0x48 ./Drivers/STM32F1xx_HAL_Driver/Src/stm32f1xx_hal_cortex.o
 .text.__NVIC_GetPriorityGrouping
                0x000000000800126c       0x1c ./Drivers/STM32F1xx_HAL_Driver/Src/stm32f1xx_hal_cortex.o
 .text.__NVIC_EnableIRQ
                0x0000000008001288       0x38 ./Drivers/STM32F1xx_HAL_Driver/Src/stm32f1xx_hal_cortex.o
 .text.__NVIC_SetPriority
                0x00000000080012c0       0x54 ./Drivers/STM32F1xx_HAL_Driver/Src/stm32f1xx_hal_cortex.o
 .text.NVIC_EncodePriority
                0x0000000008001314       0x64 ./Drivers/STM32F1xx_HAL_Driver/Src/stm32f1xx_hal_cortex.o
 .text.HAL_NVIC_SetPriorityGrouping
                0x0000000008001378       0x16 ./Drivers/STM32F1xx_HAL_Driver/Src/stm32f1xx_hal_cortex.o
                0x0000000008001378                HAL_NVIC_SetPriorityGrouping
 .text.HAL_NVIC_SetPriority
                0x000000000800138e       0x38 ./Drivers/STM32F1xx_HAL_Driver/Src/stm32f1xx_hal_cortex.o
                0x000000000800138e                HAL_NVIC_SetPriority
 .text.HAL_NVIC_EnableIRQ
                0x00000000080013c6       0x1c ./Drivers/STM32F1xx_HAL_Driver/Src/stm32f1xx_hal_cortex.o
                0x00000000080013c6                HAL_NVIC_EnableIRQ
 *fill*         0x00000000080013e2        0x2 
 .text.HAL_DMA_Init
                0x00000000080013e4       0xb4 ./Drivers/STM32F1xx_HAL_Driver/Src/stm32f1xx_hal_dma.o
                0x00000000080013e4                HAL_DMA_Init
 .text.HAL_DMA_Start_IT
                0x0000000008001498       0xbe ./Drivers/STM32F1xx_HAL_Driver/Src/stm32f1xx_hal_dma.o
                0x0000000008001498                HAL_DMA_Start_IT
 .text.HAL_DMA_Abort
                0x0000000008001556       0x74 ./Drivers/STM32F1xx_HAL_Driver/Src/stm32f1xx_hal_dma.o
                0x0000000008001556                HAL_DMA_Abort
 *fill*         0x00000000080015ca        0x2 
 .text.HAL_DMA_Abort_IT
                0x00000000080015cc       0xec ./Drivers/STM32F1xx_HAL_Driver/Src/stm32f1xx_hal_dma.o
                0x00000000080015cc                HAL_DMA_Abort_IT
 .text.HAL_DMA_IRQHandler
                0x00000000080016b8      0x20c ./Drivers/STM32F1xx_HAL_Driver/Src/stm32f1xx_hal_dma.o
                0x00000000080016b8                HAL_DMA_IRQHandler
 .text.DMA_SetConfig
                0x00000000080018c4       0x5a ./Drivers/STM32F1xx_HAL_Driver/Src/stm32f1xx_hal_dma.o
 *fill*         0x000000000800191e        0x2 
 .text.HAL_GPIO_Init
                0x0000000008001920      0x308 ./Drivers/STM32F1xx_HAL_Driver/Src/stm32f1xx_hal_gpio.o
                0x0000000008001920                HAL_GPIO_Init
 .text.HAL_GPIO_WritePin
                0x0000000008001c28       0x30 ./Drivers/STM32F1xx_HAL_Driver/Src/stm32f1xx_hal_gpio.o
                0x0000000008001c28                HAL_GPIO_WritePin
 .text.HAL_GPIO_TogglePin
                0x0000000008001c58       0x32 ./Drivers/STM32F1xx_HAL_Driver/Src/stm32f1xx_hal_gpio.o
                0x0000000008001c58                HAL_GPIO_TogglePin
 *fill*         0x0000000008001c8a        0x2 
 .text.HAL_GPIO_EXTI_IRQHandler
                0x0000000008001c8c       0x30 ./Drivers/STM32F1xx_HAL_Driver/Src/stm32f1xx_hal_gpio.o
                0x0000000008001c8c                HAL_GPIO_EXTI_IRQHandler
 .text.HAL_GPIO_EXTI_Callback
                0x0000000008001cbc       0x14 ./Drivers/STM32F1xx_HAL_Driver/Src/stm32f1xx_hal_gpio.o
                0x0000000008001cbc                HAL_GPIO_EXTI_Callback
 .text.HAL_RCC_OscConfig
                0x0000000008001cd0      0x504 ./Drivers/STM32F1xx_HAL_Driver/Src/stm32f1xx_hal_rcc.o
                0x0000000008001cd0                HAL_RCC_OscConfig
 .text.HAL_RCC_ClockConfig
                0x00000000080021d4      0x1d4 ./Drivers/STM32F1xx_HAL_Driver/Src/stm32f1xx_hal_rcc.o
                0x00000000080021d4                HAL_RCC_ClockConfig
 .text.HAL_RCC_GetSysClockFreq
                0x00000000080023a8       0xbc ./Drivers/STM32F1xx_HAL_Driver/Src/stm32f1xx_hal_rcc.o
                0x00000000080023a8                HAL_RCC_GetSysClockFreq
 .text.HAL_RCC_GetHCLKFreq
                0x0000000008002464       0x14 ./Drivers/STM32F1xx_HAL_Driver/Src/stm32f1xx_hal_rcc.o
                0x0000000008002464                HAL_RCC_GetHCLKFreq
 .text.HAL_RCC_GetPCLK1Freq
                0x0000000008002478       0x28 ./Drivers/STM32F1xx_HAL_Driver/Src/stm32f1xx_hal_rcc.o
                0x0000000008002478                HAL_RCC_GetPCLK1Freq
 .text.HAL_RCC_GetPCLK2Freq
                0x00000000080024a0       0x28 ./Drivers/STM32F1xx_HAL_Driver/Src/stm32f1xx_hal_rcc.o
                0x00000000080024a0                HAL_RCC_GetPCLK2Freq
 .text.HAL_RCC_GetClockConfig
                0x00000000080024c8       0x60 ./Drivers/STM32F1xx_HAL_Driver/Src/stm32f1xx_hal_rcc.o
                0x00000000080024c8                HAL_RCC_GetClockConfig
 .text.RCC_Delay
                0x0000000008002528       0x3c ./Drivers/STM32F1xx_HAL_Driver/Src/stm32f1xx_hal_rcc.o
 .text.HAL_TIM_Base_Init
                0x0000000008002564       0x9e ./Drivers/STM32F1xx_HAL_Driver/Src/stm32f1xx_hal_tim.o
                0x0000000008002564                HAL_TIM_Base_Init
 .text.HAL_TIM_Base_MspInit
                0x0000000008002602       0x12 ./Drivers/STM32F1xx_HAL_Driver/Src/stm32f1xx_hal_tim.o
                0x0000000008002602                HAL_TIM_Base_MspInit
 .text.HAL_TIM_Base_Start_IT
                0x0000000008002614       0xa4 ./Drivers/STM32F1xx_HAL_Driver/Src/stm32f1xx_hal_tim.o
                0x0000000008002614                HAL_TIM_Base_Start_IT
 .text.HAL_TIM_IRQHandler
                0x00000000080026b8      0x210 ./Drivers/STM32F1xx_HAL_Driver/Src/stm32f1xx_hal_tim.o
                0x00000000080026b8                HAL_TIM_IRQHandler
 .text.HAL_TIM_OC_DelayElapsedCallback
                0x00000000080028c8       0x12 ./Drivers/STM32F1xx_HAL_Driver/Src/stm32f1xx_hal_tim.o
                0x00000000080028c8                HAL_TIM_OC_DelayElapsedCallback
 .text.HAL_TIM_IC_CaptureCallback
                0x00000000080028da       0x12 ./Drivers/STM32F1xx_HAL_Driver/Src/stm32f1xx_hal_tim.o
                0x00000000080028da                HAL_TIM_IC_CaptureCallback
 .text.HAL_TIM_PWM_PulseFinishedCallback
                0x00000000080028ec       0x12 ./Drivers/STM32F1xx_HAL_Driver/Src/stm32f1xx_hal_tim.o
                0x00000000080028ec                HAL_TIM_PWM_PulseFinishedCallback
 .text.HAL_TIM_TriggerCallback
                0x00000000080028fe       0x12 ./Drivers/STM32F1xx_HAL_Driver/Src/stm32f1xx_hal_tim.o
                0x00000000080028fe                HAL_TIM_TriggerCallback
 .text.TIM_Base_SetConfig
                0x0000000008002910       0xc4 ./Drivers/STM32F1xx_HAL_Driver/Src/stm32f1xx_hal_tim.o
                0x0000000008002910                TIM_Base_SetConfig
 .text.HAL_TIMEx_CommutCallback
                0x00000000080029d4       0x12 ./Drivers/STM32F1xx_HAL_Driver/Src/stm32f1xx_hal_tim_ex.o
                0x00000000080029d4                HAL_TIMEx_CommutCallback
 .text.HAL_TIMEx_BreakCallback
                0x00000000080029e6       0x12 ./Drivers/STM32F1xx_HAL_Driver/Src/stm32f1xx_hal_tim_ex.o
                0x00000000080029e6                HAL_TIMEx_BreakCallback
 .text.HAL_UART_Init
                0x00000000080029f8       0x9a ./Drivers/STM32F1xx_HAL_Driver/Src/stm32f1xx_hal_uart.o
                0x00000000080029f8                HAL_UART_Init
 .text.HAL_UART_Transmit
                0x0000000008002a92      0x124 ./Drivers/STM32F1xx_HAL_Driver/Src/stm32f1xx_hal_uart.o
                0x0000000008002a92                HAL_UART_Transmit
 *fill*         0x0000000008002bb6        0x2 
 .text.HAL_UART_Transmit_DMA
                0x0000000008002bb8       0xd8 ./Drivers/STM32F1xx_HAL_Driver/Src/stm32f1xx_hal_uart.o
                0x0000000008002bb8                HAL_UART_Transmit_DMA
 .text.HAL_UART_Receive_DMA
                0x0000000008002c90       0x60 ./Drivers/STM32F1xx_HAL_Driver/Src/stm32f1xx_hal_uart.o
                0x0000000008002c90                HAL_UART_Receive_DMA
 .text.HAL_UART_IRQHandler
                0x0000000008002cf0      0x354 ./Drivers/STM32F1xx_HAL_Driver/Src/stm32f1xx_hal_uart.o
                0x0000000008002cf0                HAL_UART_IRQHandler
 .text.HAL_UART_TxHalfCpltCallback
                0x0000000008003044       0x12 ./Drivers/STM32F1xx_HAL_Driver/Src/stm32f1xx_hal_uart.o
                0x0000000008003044                HAL_UART_TxHalfCpltCallback
 .text.HAL_UART_RxCpltCallback
                0x0000000008003056       0x12 ./Drivers/STM32F1xx_HAL_Driver/Src/stm32f1xx_hal_uart.o
                0x0000000008003056                HAL_UART_RxCpltCallback
 .text.HAL_UART_RxHalfCpltCallback
                0x0000000008003068       0x12 ./Drivers/STM32F1xx_HAL_Driver/Src/stm32f1xx_hal_uart.o
                0x0000000008003068                HAL_UART_RxHalfCpltCallback
 .text.HAL_UART_ErrorCallback
                0x000000000800307a       0x12 ./Drivers/STM32F1xx_HAL_Driver/Src/stm32f1xx_hal_uart.o
                0x000000000800307a                HAL_UART_ErrorCallback
 .text.HAL_UARTEx_RxEventCallback
                0x000000000800308c       0x16 ./Drivers/STM32F1xx_HAL_Driver/Src/stm32f1xx_hal_uart.o
                0x000000000800308c                HAL_UARTEx_RxEventCallback
 .text.UART_DMATransmitCplt
                0x00000000080030a2       0x52 ./Drivers/STM32F1xx_HAL_Driver/Src/stm32f1xx_hal_uart.o
 .text.UART_DMATxHalfCplt
                0x00000000080030f4       0x1c ./Drivers/STM32F1xx_HAL_Driver/Src/stm32f1xx_hal_uart.o
 .text.UART_DMAReceiveCplt
                0x0000000008003110       0x96 ./Drivers/STM32F1xx_HAL_Driver/Src/stm32f1xx_hal_uart.o
 .text.UART_DMARxHalfCplt
                0x00000000080031a6       0x36 ./Drivers/STM32F1xx_HAL_Driver/Src/stm32f1xx_hal_uart.o
 .text.UART_DMAError
                0x00000000080031dc       0x94 ./Drivers/STM32F1xx_HAL_Driver/Src/stm32f1xx_hal_uart.o
 .text.UART_WaitOnFlagUntilTimeout
                0x0000000008003270       0x94 ./Drivers/STM32F1xx_HAL_Driver/Src/stm32f1xx_hal_uart.o
 .text.UART_Start_Receive_DMA
                0x0000000008003304       0xc8 ./Drivers/STM32F1xx_HAL_Driver/Src/stm32f1xx_hal_uart.o
                0x0000000008003304                UART_Start_Receive_DMA
 .text.UART_EndTxTransfer
                0x00000000080033cc       0x2a ./Drivers/STM32F1xx_HAL_Driver/Src/stm32f1xx_hal_uart.o
 .text.UART_EndRxTransfer
                0x00000000080033f6       0x58 ./Drivers/STM32F1xx_HAL_Driver/Src/stm32f1xx_hal_uart.o
 .text.UART_DMAAbortOnError
                0x000000000800344e       0x28 ./Drivers/STM32F1xx_HAL_Driver/Src/stm32f1xx_hal_uart.o
 .text.UART_Transmit_IT
                0x0000000008003476       0x9e ./Drivers/STM32F1xx_HAL_Driver/Src/stm32f1xx_hal_uart.o
 .text.UART_EndTransmit_IT
                0x0000000008003514       0x30 ./Drivers/STM32F1xx_HAL_Driver/Src/stm32f1xx_hal_uart.o
 .text.UART_Receive_IT
                0x0000000008003544      0x152 ./Drivers/STM32F1xx_HAL_Driver/Src/stm32f1xx_hal_uart.o
 *fill*         0x0000000008003696        0x2 
 .text.UART_SetConfig
                0x0000000008003698      0x11c ./Drivers/STM32F1xx_HAL_Driver/Src/stm32f1xx_hal_uart.o
 .text.crc_accumulate
                0x00000000080037b4       0x66 ./Middlewares/MAVLink/MAVLinkV1.o
                0x00000000080037b4                crc_accumulate
 .text.crc_init
                0x000000000800381a       0x1a ./Middlewares/MAVLink/MAVLinkV1.o
                0x000000000800381a                crc_init
 .text.mavlink_start_checksum
                0x0000000008003834       0x1c ./Middlewares/MAVLink/MAVLinkV1.o
                0x0000000008003834                mavlink_start_checksum
 .text.mavlink_update_checksum
                0x0000000008003850       0x24 ./Middlewares/MAVLink/MAVLinkV1.o
                0x0000000008003850                mavlink_update_checksum
 .text.mavlink_parse_byte
                0x0000000008003874      0x190 ./Middlewares/MAVLink/MAVLinkV1.o
                0x0000000008003874                mavlink_parse_byte
 .text.osKernelInitialize
                0x0000000008003a04       0x64 ./Middlewares/Third_Party/FreeRTOS/Source/CMSIS_RTOS_V2/cmsis_os2.o
                0x0000000008003a04                osKernelInitialize
 .text.osKernelStart
                0x0000000008003a68       0x68 ./Middlewares/Third_Party/FreeRTOS/Source/CMSIS_RTOS_V2/cmsis_os2.o
                0x0000000008003a68                osKernelStart
 .text.osThreadNew
                0x0000000008003ad0      0x154 ./Middlewares/Third_Party/FreeRTOS/Source/CMSIS_RTOS_V2/cmsis_os2.o
                0x0000000008003ad0                osThreadNew
 .text.osDelay  0x0000000008003c24       0x5c ./Middlewares/Third_Party/FreeRTOS/Source/CMSIS_RTOS_V2/cmsis_os2.o
                0x0000000008003c24                osDelay
 .text.osMessageQueueNew
                0x0000000008003c80      0x10c ./Middlewares/Third_Party/FreeRTOS/Source/CMSIS_RTOS_V2/cmsis_os2.o
                0x0000000008003c80                osMessageQueueNew
 .text.osMessageQueuePut
                0x0000000008003d8c       0xe8 ./Middlewares/Third_Party/FreeRTOS/Source/CMSIS_RTOS_V2/cmsis_os2.o
                0x0000000008003d8c                osMessageQueuePut
 .text.osMessageQueueGet
                0x0000000008003e74       0xe4 ./Middlewares/Third_Party/FreeRTOS/Source/CMSIS_RTOS_V2/cmsis_os2.o
                0x0000000008003e74                osMessageQueueGet
 .text.vApplicationGetIdleTaskMemory
                0x0000000008003f58       0x30 ./Middlewares/Third_Party/FreeRTOS/Source/CMSIS_RTOS_V2/cmsis_os2.o
                0x0000000008003f58                vApplicationGetIdleTaskMemory
 .text.vApplicationGetTimerTaskMemory
                0x0000000008003f88       0x34 ./Middlewares/Third_Party/FreeRTOS/Source/CMSIS_RTOS_V2/cmsis_os2.o
                0x0000000008003f88                vApplicationGetTimerTaskMemory
 .text.vListInitialise
                0x0000000008003fbc       0x3e ./Middlewares/Third_Party/FreeRTOS/Source/list.o
                0x0000000008003fbc                vListInitialise
 .text.vListInitialiseItem
                0x0000000008003ffa       0x18 ./Middlewares/Third_Party/FreeRTOS/Source/list.o
                0x0000000008003ffa                vListInitialiseItem
 .text.vListInsertEnd
                0x0000000008004012       0x46 ./Middlewares/Third_Party/FreeRTOS/Source/list.o
                0x0000000008004012                vListInsertEnd
 .text.vListInsert
                0x0000000008004058       0x70 ./Middlewares/Third_Party/FreeRTOS/Source/list.o
                0x0000000008004058                vListInsert
 .text.uxListRemove
                0x00000000080040c8       0x52 ./Middlewares/Third_Party/FreeRTOS/Source/list.o
                0x00000000080040c8                uxListRemove
 *fill*         0x000000000800411a        0x2 
 .text.xQueueGenericReset
                0x000000000800411c       0xd0 ./Middlewares/Third_Party/FreeRTOS/Source/queue.o
                0x000000000800411c                xQueueGenericReset
 .text.xQueueGenericCreateStatic
                0x00000000080041ec       0xee ./Middlewares/Third_Party/FreeRTOS/Source/queue.o
                0x00000000080041ec                xQueueGenericCreateStatic
 .text.xQueueGenericCreate
                0x00000000080042da       0x7c ./Middlewares/Third_Party/FreeRTOS/Source/queue.o
                0x00000000080042da                xQueueGenericCreate
 .text.prvInitialiseNewQueue
                0x0000000008004356       0x46 ./Middlewares/Third_Party/FreeRTOS/Source/queue.o
 .text.xQueueGenericSend
                0x000000000800439c      0x1fc ./Middlewares/Third_Party/FreeRTOS/Source/queue.o
                0x000000000800439c                xQueueGenericSend
 .text.xQueueGenericSendFromISR
                0x0000000008004598      0x130 ./Middlewares/Third_Party/FreeRTOS/Source/queue.o
                0x0000000008004598                xQueueGenericSendFromISR
 .text.xQueueGiveFromISR
                0x00000000080046c8      0x11a ./Middlewares/Third_Party/FreeRTOS/Source/queue.o
                0x00000000080046c8                xQueueGiveFromISR
 *fill*         0x00000000080047e2        0x2 
 .text.xQueueReceive
                0x00000000080047e4      0x1c0 ./Middlewares/Third_Party/FreeRTOS/Source/queue.o
                0x00000000080047e4                xQueueReceive
 .text.xQueueSemaphoreTake
                0x00000000080049a4      0x218 ./Middlewares/Third_Party/FreeRTOS/Source/queue.o
                0x00000000080049a4                xQueueSemaphoreTake
 .text.xQueueReceiveFromISR
                0x0000000008004bbc      0x100 ./Middlewares/Third_Party/FreeRTOS/Source/queue.o
                0x0000000008004bbc                xQueueReceiveFromISR
 .text.prvGetDisinheritPriorityAfterTimeout
                0x0000000008004cbc       0x2e ./Middlewares/Third_Party/FreeRTOS/Source/queue.o
 .text.prvCopyDataToQueue
                0x0000000008004cea       0xd4 ./Middlewares/Third_Party/FreeRTOS/Source/queue.o
 .text.prvCopyDataFromQueue
                0x0000000008004dbe       0x4c ./Middlewares/Third_Party/FreeRTOS/Source/queue.o
 .text.prvUnlockQueue
                0x0000000008004e0a       0xa4 ./Middlewares/Third_Party/FreeRTOS/Source/queue.o
 .text.prvIsQueueEmpty
                0x0000000008004eae       0x2c ./Middlewares/Third_Party/FreeRTOS/Source/queue.o
 .text.prvIsQueueFull
                0x0000000008004eda       0x30 ./Middlewares/Third_Party/FreeRTOS/Source/queue.o
 *fill*         0x0000000008004f0a        0x2 
 .text.vQueueAddToRegistry
                0x0000000008004f0c       0x50 ./Middlewares/Third_Party/FreeRTOS/Source/queue.o
                0x0000000008004f0c                vQueueAddToRegistry
 .text.vQueueWaitForMessageRestricted
                0x0000000008004f5c       0x68 ./Middlewares/Third_Party/FreeRTOS/Source/queue.o
                0x0000000008004f5c                vQueueWaitForMessageRestricted
 .text.xTaskCreateStatic
                0x0000000008004fc4       0xb8 ./Middlewares/Third_Party/FreeRTOS/Source/tasks.o
                0x0000000008004fc4                xTaskCreateStatic
 .text.xTaskCreate
                0x000000000800507c       0x8a ./Middlewares/Third_Party/FreeRTOS/Source/tasks.o
                0x000000000800507c                xTaskCreate
 .text.prvInitialiseNewTask
                0x0000000008005106      0x10e ./Middlewares/Third_Party/FreeRTOS/Source/tasks.o
 .text.prvAddNewTaskToReadyList
                0x0000000008005214       0xe0 ./Middlewares/Third_Party/FreeRTOS/Source/tasks.o
 .text.vTaskDelay
                0x00000000080052f4       0x68 ./Middlewares/Third_Party/FreeRTOS/Source/tasks.o
                0x00000000080052f4                vTaskDelay
 .text.vTaskStartScheduler
                0x000000000800535c       0xcc ./Middlewares/Third_Party/FreeRTOS/Source/tasks.o
                0x000000000800535c                vTaskStartScheduler
 .text.vTaskSuspendAll
                0x0000000008005428       0x1c ./Middlewares/Third_Party/FreeRTOS/Source/tasks.o
                0x0000000008005428                vTaskSuspendAll
 .text.xTaskResumeAll
                0x0000000008005444      0x13c ./Middlewares/Third_Party/FreeRTOS/Source/tasks.o
                0x0000000008005444                xTaskResumeAll
 .text.xTaskGetTickCount
                0x0000000008005580       0x1c ./Middlewares/Third_Party/FreeRTOS/Source/tasks.o
                0x0000000008005580                xTaskGetTickCount
 .text.xTaskIncrementTick
                0x000000000800559c      0x17c ./Middlewares/Third_Party/FreeRTOS/Source/tasks.o
                0x000000000800559c                xTaskIncrementTick
 .text.vTaskSwitchContext
                0x0000000008005718       0xb8 ./Middlewares/Third_Party/FreeRTOS/Source/tasks.o
                0x0000000008005718                vTaskSwitchContext
 .text.vTaskPlaceOnEventList
                0x00000000080057d0       0x48 ./Middlewares/Third_Party/FreeRTOS/Source/tasks.o
                0x00000000080057d0                vTaskPlaceOnEventList
 .text.vTaskPlaceOnEventListRestricted
                0x0000000008005818       0x58 ./Middlewares/Third_Party/FreeRTOS/Source/tasks.o
                0x0000000008005818                vTaskPlaceOnEventListRestricted
 .text.xTaskRemoveFromEventList
                0x0000000008005870       0xc8 ./Middlewares/Third_Party/FreeRTOS/Source/tasks.o
                0x0000000008005870                xTaskRemoveFromEventList
 .text.vTaskInternalSetTimeOutState
                0x0000000008005938       0x2c ./Middlewares/Third_Party/FreeRTOS/Source/tasks.o
                0x0000000008005938                vTaskInternalSetTimeOutState
 .text.xTaskCheckForTimeOut
                0x0000000008005964       0xc4 ./Middlewares/Third_Party/FreeRTOS/Source/tasks.o
                0x0000000008005964                xTaskCheckForTimeOut
 .text.vTaskMissedYield
                0x0000000008005a28       0x18 ./Middlewares/Third_Party/FreeRTOS/Source/tasks.o
                0x0000000008005a28                vTaskMissedYield
 .text.prvIdleTask
                0x0000000008005a40       0x30 ./Middlewares/Third_Party/FreeRTOS/Source/tasks.o
 .text.prvInitialiseTaskLists
                0x0000000008005a70       0x80 ./Middlewares/Third_Party/FreeRTOS/Source/tasks.o
 .text.prvCheckTasksWaitingTermination
                0x0000000008005af0       0x5c ./Middlewares/Third_Party/FreeRTOS/Source/tasks.o
 .text.prvDeleteTCB
                0x0000000008005b4c       0x5e ./Middlewares/Third_Party/FreeRTOS/Source/tasks.o
 *fill*         0x0000000008005baa        0x2 
 .text.prvResetNextTaskUnblockTime
                0x0000000008005bac       0x48 ./Middlewares/Third_Party/FreeRTOS/Source/tasks.o
 .text.xTaskGetSchedulerState
                0x0000000008005bf4       0x3c ./Middlewares/Third_Party/FreeRTOS/Source/tasks.o
                0x0000000008005bf4                xTaskGetSchedulerState
 .text.xTaskPriorityInherit
                0x0000000008005c30       0xdc ./Middlewares/Third_Party/FreeRTOS/Source/tasks.o
                0x0000000008005c30                xTaskPriorityInherit
 .text.xTaskPriorityDisinherit
                0x0000000008005d0c       0xdc ./Middlewares/Third_Party/FreeRTOS/Source/tasks.o
                0x0000000008005d0c                xTaskPriorityDisinherit
 .text.vTaskPriorityDisinheritAfterTimeout
                0x0000000008005de8      0x10c ./Middlewares/Third_Party/FreeRTOS/Source/tasks.o
                0x0000000008005de8                vTaskPriorityDisinheritAfterTimeout
 .text.pvTaskIncrementMutexHeldCount
                0x0000000008005ef4       0x28 ./Middlewares/Third_Party/FreeRTOS/Source/tasks.o
                0x0000000008005ef4                pvTaskIncrementMutexHeldCount
 .text.prvAddCurrentTaskToDelayedList
                0x0000000008005f1c       0xa8 ./Middlewares/Third_Party/FreeRTOS/Source/tasks.o
 .text.xTimerCreateTimerTask
                0x0000000008005fc4       0x90 ./Middlewares/Third_Party/FreeRTOS/Source/timers.o
                0x0000000008005fc4                xTimerCreateTimerTask
 .text.xTimerGenericCommand
                0x0000000008006054       0x9c ./Middlewares/Third_Party/FreeRTOS/Source/timers.o
                0x0000000008006054                xTimerGenericCommand
 .text.prvProcessExpiredTimer
                0x00000000080060f0       0x80 ./Middlewares/Third_Party/FreeRTOS/Source/timers.o
 .text.prvTimerTask
                0x0000000008006170       0x24 ./Middlewares/Third_Party/FreeRTOS/Source/timers.o
 .text.prvProcessTimerOrBlockTask
                0x0000000008006194       0x9c ./Middlewares/Third_Party/FreeRTOS/Source/timers.o
 .text.prvGetNextExpireTime
                0x0000000008006230       0x48 ./Middlewares/Third_Party/FreeRTOS/Source/timers.o
 .text.prvSampleTimeNow
                0x0000000008006278       0x40 ./Middlewares/Third_Party/FreeRTOS/Source/timers.o
 .text.prvInsertTimerInActiveList
                0x00000000080062b8       0x84 ./Middlewares/Third_Party/FreeRTOS/Source/timers.o
 .text.prvProcessReceivedCommands
                0x000000000800633c      0x168 ./Middlewares/Third_Party/FreeRTOS/Source/timers.o
 .text.prvSwitchTimerLists
                0x00000000080064a4       0xc4 ./Middlewares/Third_Party/FreeRTOS/Source/timers.o
 .text.prvCheckForValidListAndQueue
                0x0000000008006568       0x80 ./Middlewares/Third_Party/FreeRTOS/Source/timers.o
 .text.pxPortInitialiseStack
                0x00000000080065e8       0x58 ./Middlewares/Third_Party/FreeRTOS/Source/portable/GCC/ARM_CM3/port.o
                0x00000000080065e8                pxPortInitialiseStack
 .text.prvTaskExitError
                0x0000000008006640       0x58 ./Middlewares/Third_Party/FreeRTOS/Source/portable/GCC/ARM_CM3/port.o
 *fill*         0x0000000008006698        0x8 
 .text.SVC_Handler
                0x00000000080066a0       0x28 ./Middlewares/Third_Party/FreeRTOS/Source/portable/GCC/ARM_CM3/port.o
                0x00000000080066a0                SVC_Handler
 .text.prvPortStartFirstTask
                0x00000000080066c8       0x20 ./Middlewares/Third_Party/FreeRTOS/Source/portable/GCC/ARM_CM3/port.o
 .text.xPortStartScheduler
                0x00000000080066e8       0xe4 ./Middlewares/Third_Party/FreeRTOS/Source/portable/GCC/ARM_CM3/port.o
                0x00000000080066e8                xPortStartScheduler
 .text.vPortEnterCritical
                0x00000000080067cc       0x60 ./Middlewares/Third_Party/FreeRTOS/Source/portable/GCC/ARM_CM3/port.o
                0x00000000080067cc                vPortEnterCritical
 .text.vPortExitCritical
                0x000000000800682c       0x50 ./Middlewares/Third_Party/FreeRTOS/Source/portable/GCC/ARM_CM3/port.o
                0x000000000800682c                vPortExitCritical
 *fill*         0x000000000800687c        0x4 
 .text.PendSV_Handler
                0x0000000008006880       0x48 ./Middlewares/Third_Party/FreeRTOS/Source/portable/GCC/ARM_CM3/port.o
                0x0000000008006880                PendSV_Handler
 .text.SysTick_Handler
                0x00000000080068c8       0x44 ./Middlewares/Third_Party/FreeRTOS/Source/portable/GCC/ARM_CM3/port.o
                0x00000000080068c8                SysTick_Handler
 .text.vPortSetupTimerInterrupt
                0x000000000800690c       0x44 ./Middlewares/Third_Party/FreeRTOS/Source/portable/GCC/ARM_CM3/port.o
                0x000000000800690c                vPortSetupTimerInterrupt
 .text.vPortValidateInterruptPriority
                0x0000000008006950       0x7c ./Middlewares/Third_Party/FreeRTOS/Source/portable/GCC/ARM_CM3/port.o
                0x0000000008006950                vPortValidateInterruptPriority
 .text.pvPortMalloc
                0x00000000080069cc      0x188 ./Middlewares/Third_Party/FreeRTOS/Source/portable/MemMang/heap_4.o
                0x00000000080069cc                pvPortMalloc
 .text.vPortFree
                0x0000000008006b54       0xb4 ./Middlewares/Third_Party/FreeRTOS/Source/portable/MemMang/heap_4.o
                0x0000000008006b54                vPortFree
 .text.prvHeapInit
                0x0000000008006c08       0xc4 ./Middlewares/Third_Party/FreeRTOS/Source/portable/MemMang/heap_4.o
 .text.prvInsertBlockIntoFreeList
                0x0000000008006ccc       0xb0 ./Middlewares/Third_Party/FreeRTOS/Source/portable/MemMang/heap_4.o
 .text.__errno  0x0000000008006d7c        0xc e:/stm32cubeide/stm32cubeide_1.11.2/stm32cubeide/plugins/com.st.stm32cube.ide.mcu.externaltools.gnu-tools-for-stm32.10.3-2021.10.win32_1.0.100.202210260954/tools/bin/../lib/gcc/arm-none-eabi/10.3.1/../../../../arm-none-eabi/lib/thumb/v7-m/nofp\libc_nano.a(lib_a-errno.o)
                0x0000000008006d7c                __errno
 .text.__libc_init_array
                0x0000000008006d88       0x48 e:/stm32cubeide/stm32cubeide_1.11.2/stm32cubeide/plugins/com.st.stm32cube.ide.mcu.externaltools.gnu-tools-for-stm32.10.3-2021.10.win32_1.0.100.202210260954/tools/bin/../lib/gcc/arm-none-eabi/10.3.1/../../../../arm-none-eabi/lib/thumb/v7-m/nofp\libc_nano.a(lib_a-init.o)
                0x0000000008006d88                __libc_init_array
 .text.memcpy   0x0000000008006dd0       0x1c e:/stm32cubeide/stm32cubeide_1.11.2/stm32cubeide/plugins/com.st.stm32cube.ide.mcu.externaltools.gnu-tools-for-stm32.10.3-2021.10.win32_1.0.100.202210260954/tools/bin/../lib/gcc/arm-none-eabi/10.3.1/../../../../arm-none-eabi/lib/thumb/v7-m/nofp\libc_nano.a(lib_a-memcpy-stub.o)
                0x0000000008006dd0                memcpy
 .text.memset   0x0000000008006dec       0x10 e:/stm32cubeide/stm32cubeide_1.11.2/stm32cubeide/plugins/com.st.stm32cube.ide.mcu.externaltools.gnu-tools-for-stm32.10.3-2021.10.win32_1.0.100.202210260954/tools/bin/../lib/gcc/arm-none-eabi/10.3.1/../../../../arm-none-eabi/lib/thumb/v7-m/nofp\libc_nano.a(lib_a-memset.o)
                0x0000000008006dec                memset
 .text.snprintf
                0x0000000008006dfc       0x68 e:/stm32cubeide/stm32cubeide_1.11.2/stm32cubeide/plugins/com.st.stm32cube.ide.mcu.externaltools.gnu-tools-for-stm32.10.3-2021.10.win32_1.0.100.202210260954/tools/bin/../lib/gcc/arm-none-eabi/10.3.1/../../../../arm-none-eabi/lib/thumb/v7-m/nofp\libc_nano.a(lib_a-snprintf.o)
                0x0000000008006dfc                sniprintf
                0x0000000008006dfc                snprintf
 .text.__ssputs_r
                0x0000000008006e64       0xb6 e:/stm32cubeide/stm32cubeide_1.11.2/stm32cubeide/plugins/com.st.stm32cube.ide.mcu.externaltools.gnu-tools-for-stm32.10.3-2021.10.win32_1.0.100.202210260954/tools/bin/../lib/gcc/arm-none-eabi/10.3.1/../../../../arm-none-eabi/lib/thumb/v7-m/nofp\libc_nano.a(lib_a-nano-svfprintf.o)
                0x0000000008006e64                __ssputs_r
 *fill*         0x0000000008006f1a        0x2 
 .text._svfprintf_r
                0x0000000008006f1c      0x200 e:/stm32cubeide/stm32cubeide_1.11.2/stm32cubeide/plugins/com.st.stm32cube.ide.mcu.externaltools.gnu-tools-for-stm32.10.3-2021.10.win32_1.0.100.202210260954/tools/bin/../lib/gcc/arm-none-eabi/10.3.1/../../../../arm-none-eabi/lib/thumb/v7-m/nofp\libc_nano.a(lib_a-nano-svfprintf.o)
                0x0000000008006f1c                _svfiprintf_r
                0x0000000008006f1c                _svfprintf_r
 .text._printf_common
                0x000000000800711c       0xde e:/stm32cubeide/stm32cubeide_1.11.2/stm32cubeide/plugins/com.st.stm32cube.ide.mcu.externaltools.gnu-tools-for-stm32.10.3-2021.10.win32_1.0.100.202210260954/tools/bin/../lib/gcc/arm-none-eabi/10.3.1/../../../../arm-none-eabi/lib/thumb/v7-m/nofp\libc_nano.a(lib_a-nano-vfprintf_i.o)
                0x000000000800711c                _printf_common
 *fill*         0x00000000080071fa        0x2 
 .text._printf_i
                0x00000000080071fc      0x24c e:/stm32cubeide/stm32cubeide_1.11.2/stm32cubeide/plugins/com.st.stm32cube.ide.mcu.externaltools.gnu-tools-for-stm32.10.3-2021.10.win32_1.0.100.202210260954/tools/bin/../lib/gcc/arm-none-eabi/10.3.1/../../../../arm-none-eabi/lib/thumb/v7-m/nofp\libc_nano.a(lib_a-nano-vfprintf_i.o)
                0x00000000080071fc                _printf_i
 .text.memchr   0x0000000008007448       0x1c e:/stm32cubeide/stm32cubeide_1.11.2/stm32cubeide/plugins/com.st.stm32cube.ide.mcu.externaltools.gnu-tools-for-stm32.10.3-2021.10.win32_1.0.100.202210260954/tools/bin/../lib/gcc/arm-none-eabi/10.3.1/../../../../arm-none-eabi/lib/thumb/v7-m/nofp\libc_nano.a(lib_a-memchr-stub.o)
                0x0000000008007448                memchr
 .text.memmove  0x0000000008007464       0x34 e:/stm32cubeide/stm32cubeide_1.11.2/stm32cubeide/plugins/com.st.stm32cube.ide.mcu.externaltools.gnu-tools-for-stm32.10.3-2021.10.win32_1.0.100.202210260954/tools/bin/../lib/gcc/arm-none-eabi/10.3.1/../../../../arm-none-eabi/lib/thumb/v7-m/nofp\libc_nano.a(lib_a-memmove.o)
                0x0000000008007464                memmove
 .text._free_r  0x0000000008007498       0x90 e:/stm32cubeide/stm32cubeide_1.11.2/stm32cubeide/plugins/com.st.stm32cube.ide.mcu.externaltools.gnu-tools-for-stm32.10.3-2021.10.win32_1.0.100.202210260954/tools/bin/../lib/gcc/arm-none-eabi/10.3.1/../../../../arm-none-eabi/lib/thumb/v7-m/nofp\libc_nano.a(lib_a-nano-freer.o)
                0x0000000008007498                _free_r
 .text.sbrk_aligned
                0x0000000008007528       0x40 e:/stm32cubeide/stm32cubeide_1.11.2/stm32cubeide/plugins/com.st.stm32cube.ide.mcu.externaltools.gnu-tools-for-stm32.10.3-2021.10.win32_1.0.100.202210260954/tools/bin/../lib/gcc/arm-none-eabi/10.3.1/../../../../arm-none-eabi/lib/thumb/v7-m/nofp\libc_nano.a(lib_a-nano-mallocr.o)
 .text._malloc_r
                0x0000000008007568       0xe8 e:/stm32cubeide/stm32cubeide_1.11.2/stm32cubeide/plugins/com.st.stm32cube.ide.mcu.externaltools.gnu-tools-for-stm32.10.3-2021.10.win32_1.0.100.202210260954/tools/bin/../lib/gcc/arm-none-eabi/10.3.1/../../../../arm-none-eabi/lib/thumb/v7-m/nofp\libc_nano.a(lib_a-nano-mallocr.o)
                0x0000000008007568                _malloc_r
 .text._realloc_r
                0x0000000008007650       0x5e e:/stm32cubeide/stm32cubeide_1.11.2/stm32cubeide/plugins/com.st.stm32cube.ide.mcu.externaltools.gnu-tools-for-stm32.10.3-2021.10.win32_1.0.100.202210260954/tools/bin/../lib/gcc/arm-none-eabi/10.3.1/../../../../arm-none-eabi/lib/thumb/v7-m/nofp\libc_nano.a(lib_a-nano-reallocr.o)
                0x0000000008007650                _realloc_r
 *fill*         0x00000000080076ae        0x2 
 .text._sbrk_r  0x00000000080076b0       0x20 e:/stm32cubeide/stm32cubeide_1.11.2/stm32cubeide/plugins/com.st.stm32cube.ide.mcu.externaltools.gnu-tools-for-stm32.10.3-2021.10.win32_1.0.100.202210260954/tools/bin/../lib/gcc/arm-none-eabi/10.3.1/../../../../arm-none-eabi/lib/thumb/v7-m/nofp\libc_nano.a(lib_a-sbrkr.o)
                0x00000000080076b0                _sbrk_r
 .text.__malloc_lock
                0x00000000080076d0        0xc e:/stm32cubeide/stm32cubeide_1.11.2/stm32cubeide/plugins/com.st.stm32cube.ide.mcu.externaltools.gnu-tools-for-stm32.10.3-2021.10.win32_1.0.100.202210260954/tools/bin/../lib/gcc/arm-none-eabi/10.3.1/../../../../arm-none-eabi/lib/thumb/v7-m/nofp\libc_nano.a(lib_a-mlock.o)
                0x00000000080076d0                __malloc_lock
 .text.__malloc_unlock
                0x00000000080076dc        0xc e:/stm32cubeide/stm32cubeide_1.11.2/stm32cubeide/plugins/com.st.stm32cube.ide.mcu.externaltools.gnu-tools-for-stm32.10.3-2021.10.win32_1.0.100.202210260954/tools/bin/../lib/gcc/arm-none-eabi/10.3.1/../../../../arm-none-eabi/lib/thumb/v7-m/nofp\libc_nano.a(lib_a-mlock.o)
                0x00000000080076dc                __malloc_unlock
 .text._malloc_usable_size_r
                0x00000000080076e8       0x10 e:/stm32cubeide/stm32cubeide_1.11.2/stm32cubeide/plugins/com.st.stm32cube.ide.mcu.externaltools.gnu-tools-for-stm32.10.3-2021.10.win32_1.0.100.202210260954/tools/bin/../lib/gcc/arm-none-eabi/10.3.1/../../../../arm-none-eabi/lib/thumb/v7-m/nofp\libc_nano.a(lib_a-nano-msizer.o)
                0x00000000080076e8                _malloc_usable_size_r
 .text.__retarget_lock_acquire_recursive
                0x00000000080076f8        0x2 e:/stm32cubeide/stm32cubeide_1.11.2/stm32cubeide/plugins/com.st.stm32cube.ide.mcu.externaltools.gnu-tools-for-stm32.10.3-2021.10.win32_1.0.100.202210260954/tools/bin/../lib/gcc/arm-none-eabi/10.3.1/../../../../arm-none-eabi/lib/thumb/v7-m/nofp\libc_nano.a(lib_a-lock.o)
                0x00000000080076f8                __retarget_lock_acquire_recursive
 .text.__retarget_lock_release_recursive
                0x00000000080076fa        0x2 e:/stm32cubeide/stm32cubeide_1.11.2/stm32cubeide/plugins/com.st.stm32cube.ide.mcu.externaltools.gnu-tools-for-stm32.10.3-2021.10.win32_1.0.100.202210260954/tools/bin/../lib/gcc/arm-none-eabi/10.3.1/../../../../arm-none-eabi/lib/thumb/v7-m/nofp\libc_nano.a(lib_a-lock.o)
                0x00000000080076fa                __retarget_lock_release_recursive
 *(.glue_7)
 .glue_7        0x00000000080076fc        0x0 linker stubs
 *(.glue_7t)
 .glue_7t       0x00000000080076fc        0x0 linker stubs
 *(.eh_frame)
 .eh_frame      0x00000000080076fc        0x0 e:/stm32cubeide/stm32cubeide_1.11.2/stm32cubeide/plugins/com.st.stm32cube.ide.mcu.externaltools.gnu-tools-for-stm32.10.3-2021.10.win32_1.0.100.202210260954/tools/bin/../lib/gcc/arm-none-eabi/10.3.1/thumb/v7-m/nofp/crtbegin.o
 *(.init)
 .init          0x00000000080076fc        0x4 e:/stm32cubeide/stm32cubeide_1.11.2/stm32cubeide/plugins/com.st.stm32cube.ide.mcu.externaltools.gnu-tools-for-stm32.10.3-2021.10.win32_1.0.100.202210260954/tools/bin/../lib/gcc/arm-none-eabi/10.3.1/thumb/v7-m/nofp/crti.o
                0x00000000080076fc                _init
 .init          0x0000000008007700        0x8 e:/stm32cubeide/stm32cubeide_1.11.2/stm32cubeide/plugins/com.st.stm32cube.ide.mcu.externaltools.gnu-tools-for-stm32.10.3-2021.10.win32_1.0.100.202210260954/tools/bin/../lib/gcc/arm-none-eabi/10.3.1/thumb/v7-m/nofp/crtn.o
 *(.fini)
 .fini          0x0000000008007708        0x4 e:/stm32cubeide/stm32cubeide_1.11.2/stm32cubeide/plugins/com.st.stm32cube.ide.mcu.externaltools.gnu-tools-for-stm32.10.3-2021.10.win32_1.0.100.202210260954/tools/bin/../lib/gcc/arm-none-eabi/10.3.1/thumb/v7-m/nofp/crti.o
                0x0000000008007708                _fini
 .fini          0x000000000800770c        0x8 e:/stm32cubeide/stm32cubeide_1.11.2/stm32cubeide/plugins/com.st.stm32cube.ide.mcu.externaltools.gnu-tools-for-stm32.10.3-2021.10.win32_1.0.100.202210260954/tools/bin/../lib/gcc/arm-none-eabi/10.3.1/thumb/v7-m/nofp/crtn.o
                0x0000000008007714                . = ALIGN (0x4)
                0x0000000008007714                _etext = .

.vfp11_veneer   0x0000000008007714        0x0
 .vfp11_veneer  0x0000000008007714        0x0 linker stubs

.v4_bx          0x0000000008007714        0x0
 .v4_bx         0x0000000008007714        0x0 linker stubs

.iplt           0x0000000008007714        0x0
 .iplt          0x0000000008007714        0x0 e:/stm32cubeide/stm32cubeide_1.11.2/stm32cubeide/plugins/com.st.stm32cube.ide.mcu.externaltools.gnu-tools-for-stm32.10.3-2021.10.win32_1.0.100.202210260954/tools/bin/../lib/gcc/arm-none-eabi/10.3.1/thumb/v7-m/nofp/crtbegin.o

.rodata         0x0000000008007714      0x18c
                0x0000000008007714                . = ALIGN (0x4)
 *(.rodata)
 .rodata        0x0000000008007714       0x54 ./Core/Src/freertos.o
 .rodata        0x0000000008007768        0xb ./Core/Src/main.o
 *fill*         0x0000000008007773        0x1 
 .rodata        0x0000000008007774        0xd ./Core/Src/stm32f1xx_it.o
 *fill*         0x0000000008007781        0x3 
 .rodata        0x0000000008007784       0x10 ./Drivers/STM32F1xx_HAL_Driver/Src/stm32f1xx_hal_rcc.o
 .rodata        0x0000000008007794        0x5 ./Middlewares/Third_Party/FreeRTOS/Source/tasks.o
 *fill*         0x0000000008007799        0x3 
 .rodata        0x000000000800779c        0xd ./Middlewares/Third_Party/FreeRTOS/Source/timers.o
 *(.rodata*)
 *fill*         0x00000000080077a9        0x3 
 .rodata.defaultTask_attributes
                0x00000000080077ac       0x24 ./Core/Src/freertos.o
                0x00000000080077ac                defaultTask_attributes
 .rodata.UART1Task_attributes
                0x00000000080077d0       0x24 ./Core/Src/freertos.o
                0x00000000080077d0                UART1Task_attributes
 .rodata.UART2Task_attributes
                0x00000000080077f4       0x24 ./Core/Src/freertos.o
                0x00000000080077f4                UART2Task_attributes
 .rodata.UART3Task_attributes
                0x0000000008007818       0x24 ./Core/Src/freertos.o
                0x0000000008007818                UART3Task_attributes
 .rodata.UARTQueue_attributes
                0x000000000800783c       0x18 ./Core/Src/freertos.o
                0x000000000800783c                UARTQueue_attributes
 .rodata.AHBPrescTable
                0x0000000008007854       0x10 ./Core/Src/system_stm32f1xx.o
                0x0000000008007854                AHBPrescTable
 .rodata.APBPrescTable
                0x0000000008007864        0x8 ./Core/Src/system_stm32f1xx.o
                0x0000000008007864                APBPrescTable
 .rodata._svfprintf_r.str1.1
                0x000000000800786c       0x11 e:/stm32cubeide/stm32cubeide_1.11.2/stm32cubeide/plugins/com.st.stm32cube.ide.mcu.externaltools.gnu-tools-for-stm32.10.3-2021.10.win32_1.0.100.202210260954/tools/bin/../lib/gcc/arm-none-eabi/10.3.1/../../../../arm-none-eabi/lib/thumb/v7-m/nofp\libc_nano.a(lib_a-nano-svfprintf.o)
 .rodata._printf_i.str1.1
                0x000000000800787d       0x22 e:/stm32cubeide/stm32cubeide_1.11.2/stm32cubeide/plugins/com.st.stm32cube.ide.mcu.externaltools.gnu-tools-for-stm32.10.3-2021.10.win32_1.0.100.202210260954/tools/bin/../lib/gcc/arm-none-eabi/10.3.1/../../../../arm-none-eabi/lib/thumb/v7-m/nofp\libc_nano.a(lib_a-nano-vfprintf_i.o)
                0x00000000080078a0                . = ALIGN (0x4)
 *fill*         0x000000000800789f        0x1 

.rel.dyn        0x00000000080078a0        0x0
 .rel.iplt      0x00000000080078a0        0x0 e:/stm32cubeide/stm32cubeide_1.11.2/stm32cubeide/plugins/com.st.stm32cube.ide.mcu.externaltools.gnu-tools-for-stm32.10.3-2021.10.win32_1.0.100.202210260954/tools/bin/../lib/gcc/arm-none-eabi/10.3.1/thumb/v7-m/nofp/crtbegin.o

.ARM.extab      0x00000000080078a0        0x0
                0x00000000080078a0                . = ALIGN (0x4)
 *(.ARM.extab* .gnu.linkonce.armextab.*)
                0x00000000080078a0                . = ALIGN (0x4)

.ARM            0x00000000080078a0        0x0
                0x00000000080078a0                . = ALIGN (0x4)
                0x00000000080078a0                __exidx_start = .
 *(.ARM.exidx*)
                0x00000000080078a0                __exidx_end = .
                0x00000000080078a0                . = ALIGN (0x4)

.preinit_array  0x00000000080078a0        0x0
                0x00000000080078a0                . = ALIGN (0x4)
                0x00000000080078a0                PROVIDE (__preinit_array_start = .)
 *(.preinit_array*)
                0x00000000080078a0                PROVIDE (__preinit_array_end = .)
                0x00000000080078a0                . = ALIGN (0x4)

.init_array     0x00000000080078a0        0x4
                0x00000000080078a0                . = ALIGN (0x4)
                0x00000000080078a0                PROVIDE (__init_array_start = .)
 *(SORT_BY_NAME(.init_array.*))
 *(.init_array*)
 .init_array    0x00000000080078a0        0x4 e:/stm32cubeide/stm32cubeide_1.11.2/stm32cubeide/plugins/com.st.stm32cube.ide.mcu.externaltools.gnu-tools-for-stm32.10.3-2021.10.win32_1.0.100.202210260954/tools/bin/../lib/gcc/arm-none-eabi/10.3.1/thumb/v7-m/nofp/crtbegin.o
                0x00000000080078a4                PROVIDE (__init_array_end = .)
                0x00000000080078a4                . = ALIGN (0x4)

.fini_array     0x00000000080078a4        0x4
                0x00000000080078a4                . = ALIGN (0x4)
                [!provide]                        PROVIDE (__fini_array_start = .)
 *(SORT_BY_NAME(.fini_array.*))
 *(.fini_array*)
 .fini_array    0x00000000080078a4        0x4 e:/stm32cubeide/stm32cubeide_1.11.2/stm32cubeide/plugins/com.st.stm32cube.ide.mcu.externaltools.gnu-tools-for-stm32.10.3-2021.10.win32_1.0.100.202210260954/tools/bin/../lib/gcc/arm-none-eabi/10.3.1/thumb/v7-m/nofp/crtbegin.o
                [!provide]                        PROVIDE (__fini_array_end = .)
                0x00000000080078a8                . = ALIGN (0x4)
                0x00000000080078a8                _sidata = LOADADDR (.data)

.data           0x0000000020000000       0x74 load address 0x00000000080078a8
                0x0000000020000000                . = ALIGN (0x4)
                0x0000000020000000                _sdata = .
 *(.data)
 *(.data*)
 .data.SystemCoreClock
                0x0000000020000000        0x4 ./Core/Src/system_stm32f1xx.o
                0x0000000020000000                SystemCoreClock
 .data.uwTickPrio
                0x0000000020000004        0x4 ./Drivers/STM32F1xx_HAL_Driver/Src/stm32f1xx_hal.o
                0x0000000020000004                uwTickPrio
 .data.uwTickFreq
                0x0000000020000008        0x1 ./Drivers/STM32F1xx_HAL_Driver/Src/stm32f1xx_hal.o
                0x0000000020000008                uwTickFreq
 *fill*         0x0000000020000009        0x3 
 .data.uxCriticalNesting
                0x000000002000000c        0x4 ./Middlewares/Third_Party/FreeRTOS/Source/portable/GCC/ARM_CM3/port.o
 .data._impure_ptr
                0x0000000020000010        0x4 e:/stm32cubeide/stm32cubeide_1.11.2/stm32cubeide/plugins/com.st.stm32cube.ide.mcu.externaltools.gnu-tools-for-stm32.10.3-2021.10.win32_1.0.100.202210260954/tools/bin/../lib/gcc/arm-none-eabi/10.3.1/../../../../arm-none-eabi/lib/thumb/v7-m/nofp\libc_nano.a(lib_a-impure.o)
                0x0000000020000010                _impure_ptr
 .data.impure_data
                0x0000000020000014       0x60 e:/stm32cubeide/stm32cubeide_1.11.2/stm32cubeide/plugins/com.st.stm32cube.ide.mcu.externaltools.gnu-tools-for-stm32.10.3-2021.10.win32_1.0.100.202210260954/tools/bin/../lib/gcc/arm-none-eabi/10.3.1/../../../../arm-none-eabi/lib/thumb/v7-m/nofp\libc_nano.a(lib_a-impure.o)
 *(.RamFunc)
 *(.RamFunc*)
                0x0000000020000074                . = ALIGN (0x4)
                0x0000000020000074                _edata = .

.igot.plt       0x0000000020000074        0x0 load address 0x000000000800791c
 .igot.plt      0x0000000020000074        0x0 e:/stm32cubeide/stm32cubeide_1.11.2/stm32cubeide/plugins/com.st.stm32cube.ide.mcu.externaltools.gnu-tools-for-stm32.10.3-2021.10.win32_1.0.100.202210260954/tools/bin/../lib/gcc/arm-none-eabi/10.3.1/thumb/v7-m/nofp/crtbegin.o
                0x0000000020000074                . = ALIGN (0x4)

.bss            0x0000000020000074     0x4864 load address 0x000000000800791c
                0x0000000020000074                _sbss = .
                0x0000000020000074                __bss_start__ = _sbss
 *(.bss)
 .bss           0x0000000020000074       0x1c e:/stm32cubeide/stm32cubeide_1.11.2/stm32cubeide/plugins/com.st.stm32cube.ide.mcu.externaltools.gnu-tools-for-stm32.10.3-2021.10.win32_1.0.100.202210260954/tools/bin/../lib/gcc/arm-none-eabi/10.3.1/thumb/v7-m/nofp/crtbegin.o
 *(.bss*)
 .bss.xUART1Sem
                0x0000000020000090        0x4 ./Core/Src/freertos.o
                0x0000000020000090                xUART1Sem
 .bss.xUART2Sem
                0x0000000020000094        0x4 ./Core/Src/freertos.o
                0x0000000020000094                xUART2Sem
 .bss.xUART3TxDoneSem
                0x0000000020000098        0x4 ./Core/Src/freertos.o
                0x0000000020000098                xUART3TxDoneSem
 .bss.defaultTaskHandle
                0x000000002000009c        0x4 ./Core/Src/freertos.o
                0x000000002000009c                defaultTaskHandle
 .bss.defaultTaskBuffer
                0x00000000200000a0      0x200 ./Core/Src/freertos.o
                0x00000000200000a0                defaultTaskBuffer
 .bss.defaultTaskControlBlock
                0x00000000200002a0       0x5c ./Core/Src/freertos.o
                0x00000000200002a0                defaultTaskControlBlock
 .bss.UART1TaskHandle
                0x00000000200002fc        0x4 ./Core/Src/freertos.o
                0x00000000200002fc                UART1TaskHandle
 .bss.UART1TaskBuffer
                0x0000000020000300      0x4b0 ./Core/Src/freertos.o
                0x0000000020000300                UART1TaskBuffer
 .bss.UART1TaskControlBlock
                0x00000000200007b0       0x5c ./Core/Src/freertos.o
                0x00000000200007b0                UART1TaskControlBlock
 .bss.UART2TaskHandle
                0x000000002000080c        0x4 ./Core/Src/freertos.o
                0x000000002000080c                UART2TaskHandle
 .bss.UART2TaskBuffer
                0x0000000020000810      0x4b0 ./Core/Src/freertos.o
                0x0000000020000810                UART2TaskBuffer
 .bss.UART2TaskControlBlock
                0x0000000020000cc0       0x5c ./Core/Src/freertos.o
                0x0000000020000cc0                UART2TaskControlBlock
 .bss.UART3TaskHandle
                0x0000000020000d1c        0x4 ./Core/Src/freertos.o
                0x0000000020000d1c                UART3TaskHandle
 .bss.UART3TaskBuffer
                0x0000000020000d20      0x4b0 ./Core/Src/freertos.o
                0x0000000020000d20                UART3TaskBuffer
 .bss.UART3TaskControlBlock
                0x00000000200011d0       0x5c ./Core/Src/freertos.o
                0x00000000200011d0                UART3TaskControlBlock
 .bss.UARTQueueHandle
                0x000000002000122c        0x4 ./Core/Src/freertos.o
                0x000000002000122c                UARTQueueHandle
 .bss.UARTQueueBuffer
                0x0000000020001230     0x12e0 ./Core/Src/freertos.o
                0x0000000020001230                UARTQueueBuffer
 .bss.UARTQueueControlBlock
                0x0000000020002510       0x50 ./Core/Src/freertos.o
                0x0000000020002510                UARTQueueControlBlock
 .bss.mav_state.3
                0x0000000020002560        0x1 ./Core/Src/freertos.o
 *fill*         0x0000000020002561        0x3 
 .bss.mav_msg.2
                0x0000000020002564      0x10a ./Core/Src/freertos.o
 .bss.mav_state.1
                0x000000002000266e        0x1 ./Core/Src/freertos.o
 *fill*         0x000000002000266f        0x1 
 .bss.mav_msg.0
                0x0000000020002670      0x10a ./Core/Src/freertos.o
 *fill*         0x000000002000277a        0x2 
 .bss.htim4     0x000000002000277c       0x48 ./Core/Src/stm32f1xx_hal_timebase_tim.o
                0x000000002000277c                htim4
 .bss.last_dma_pos_uart1.1
                0x00000000200027c4        0x2 ./Core/Src/stm32f1xx_it.o
 .bss.last_dma_pos.0
                0x00000000200027c6        0x2 ./Core/Src/stm32f1xx_it.o
 .bss.__sbrk_heap_end
                0x00000000200027c8        0x4 ./Core/Src/sysmem.o
 .bss.uart1_fifo
                0x00000000200027cc        0xc ./Core/Src/usart.o
                0x00000000200027cc                uart1_fifo
 .bss.uart2_fifo
                0x00000000200027d8        0xc ./Core/Src/usart.o
                0x00000000200027d8                uart2_fifo
 .bss.uart1_dma_rx_buf
                0x00000000200027e4       0x80 ./Core/Src/usart.o
                0x00000000200027e4                uart1_dma_rx_buf
 .bss.uart2_dma_rx_buf
                0x0000000020002864       0x80 ./Core/Src/usart.o
                0x0000000020002864                uart2_dma_rx_buf
 .bss.uart1_fifo_array
                0x00000000200028e4       0x80 ./Core/Src/usart.o
                0x00000000200028e4                uart1_fifo_array
 .bss.uart2_fifo_array
                0x0000000020002964       0x80 ./Core/Src/usart.o
                0x0000000020002964                uart2_fifo_array
 .bss.huart1    0x00000000200029e4       0x44 ./Core/Src/usart.o
                0x00000000200029e4                huart1
 .bss.huart2    0x0000000020002a28       0x44 ./Core/Src/usart.o
                0x0000000020002a28                huart2
 .bss.huart3    0x0000000020002a6c       0x44 ./Core/Src/usart.o
                0x0000000020002a6c                huart3
 .bss.hdma_usart1_rx
                0x0000000020002ab0       0x44 ./Core/Src/usart.o
                0x0000000020002ab0                hdma_usart1_rx
 .bss.hdma_usart2_rx
                0x0000000020002af4       0x44 ./Core/Src/usart.o
                0x0000000020002af4                hdma_usart2_rx
 .bss.hdma_usart3_tx
                0x0000000020002b38       0x44 ./Core/Src/usart.o
                0x0000000020002b38                hdma_usart3_tx
 .bss.uwTick    0x0000000020002b7c        0x4 ./Drivers/STM32F1xx_HAL_Driver/Src/stm32f1xx_hal.o
                0x0000000020002b7c                uwTick
 .bss.KernelState
                0x0000000020002b80        0x4 ./Middlewares/Third_Party/FreeRTOS/Source/CMSIS_RTOS_V2/cmsis_os2.o
 .bss.Idle_TCB  0x0000000020002b84       0x5c ./Middlewares/Third_Party/FreeRTOS/Source/CMSIS_RTOS_V2/cmsis_os2.o
 .bss.Idle_Stack
                0x0000000020002be0      0x200 ./Middlewares/Third_Party/FreeRTOS/Source/CMSIS_RTOS_V2/cmsis_os2.o
 .bss.Timer_TCB
                0x0000000020002de0       0x5c ./Middlewares/Third_Party/FreeRTOS/Source/CMSIS_RTOS_V2/cmsis_os2.o
 .bss.Timer_Stack
                0x0000000020002e3c      0x400 ./Middlewares/Third_Party/FreeRTOS/Source/CMSIS_RTOS_V2/cmsis_os2.o
 .bss.xQueueRegistry
                0x000000002000323c       0x40 ./Middlewares/Third_Party/FreeRTOS/Source/queue.o
                0x000000002000323c                xQueueRegistry
 .bss.pxCurrentTCB
                0x000000002000327c        0x4 ./Middlewares/Third_Party/FreeRTOS/Source/tasks.o
                0x000000002000327c                pxCurrentTCB
 .bss.pxReadyTasksLists
                0x0000000020003280      0x460 ./Middlewares/Third_Party/FreeRTOS/Source/tasks.o
 .bss.xDelayedTaskList1
                0x00000000200036e0       0x14 ./Middlewares/Third_Party/FreeRTOS/Source/tasks.o
 .bss.xDelayedTaskList2
                0x00000000200036f4       0x14 ./Middlewares/Third_Party/FreeRTOS/Source/tasks.o
 .bss.pxDelayedTaskList
                0x0000000020003708        0x4 ./Middlewares/Third_Party/FreeRTOS/Source/tasks.o
 .bss.pxOverflowDelayedTaskList
                0x000000002000370c        0x4 ./Middlewares/Third_Party/FreeRTOS/Source/tasks.o
 .bss.xPendingReadyList
                0x0000000020003710       0x14 ./Middlewares/Third_Party/FreeRTOS/Source/tasks.o
 .bss.xTasksWaitingTermination
                0x0000000020003724       0x14 ./Middlewares/Third_Party/FreeRTOS/Source/tasks.o
 .bss.uxDeletedTasksWaitingCleanUp
                0x0000000020003738        0x4 ./Middlewares/Third_Party/FreeRTOS/Source/tasks.o
 .bss.xSuspendedTaskList
                0x000000002000373c       0x14 ./Middlewares/Third_Party/FreeRTOS/Source/tasks.o
 .bss.uxCurrentNumberOfTasks
                0x0000000020003750        0x4 ./Middlewares/Third_Party/FreeRTOS/Source/tasks.o
 .bss.xTickCount
                0x0000000020003754        0x4 ./Middlewares/Third_Party/FreeRTOS/Source/tasks.o
 .bss.uxTopReadyPriority
                0x0000000020003758        0x4 ./Middlewares/Third_Party/FreeRTOS/Source/tasks.o
 .bss.xSchedulerRunning
                0x000000002000375c        0x4 ./Middlewares/Third_Party/FreeRTOS/Source/tasks.o
 .bss.uxPendedTicks
                0x0000000020003760        0x4 ./Middlewares/Third_Party/FreeRTOS/Source/tasks.o
 .bss.xYieldPending
                0x0000000020003764        0x4 ./Middlewares/Third_Party/FreeRTOS/Source/tasks.o
 .bss.xNumOfOverflows
                0x0000000020003768        0x4 ./Middlewares/Third_Party/FreeRTOS/Source/tasks.o
 .bss.uxTaskNumber
                0x000000002000376c        0x4 ./Middlewares/Third_Party/FreeRTOS/Source/tasks.o
 .bss.xNextTaskUnblockTime
                0x0000000020003770        0x4 ./Middlewares/Third_Party/FreeRTOS/Source/tasks.o
 .bss.xIdleTaskHandle
                0x0000000020003774        0x4 ./Middlewares/Third_Party/FreeRTOS/Source/tasks.o
 .bss.uxSchedulerSuspended
                0x0000000020003778        0x4 ./Middlewares/Third_Party/FreeRTOS/Source/tasks.o
 .bss.xActiveTimerList1
                0x000000002000377c       0x14 ./Middlewares/Third_Party/FreeRTOS/Source/timers.o
 .bss.xActiveTimerList2
                0x0000000020003790       0x14 ./Middlewares/Third_Party/FreeRTOS/Source/timers.o
 .bss.pxCurrentTimerList
                0x00000000200037a4        0x4 ./Middlewares/Third_Party/FreeRTOS/Source/timers.o
 .bss.pxOverflowTimerList
                0x00000000200037a8        0x4 ./Middlewares/Third_Party/FreeRTOS/Source/timers.o
 .bss.xTimerQueue
                0x00000000200037ac        0x4 ./Middlewares/Third_Party/FreeRTOS/Source/timers.o
 .bss.xTimerTaskHandle
                0x00000000200037b0        0x4 ./Middlewares/Third_Party/FreeRTOS/Source/timers.o
 .bss.xLastTime.2
                0x00000000200037b4        0x4 ./Middlewares/Third_Party/FreeRTOS/Source/timers.o
 .bss.ucStaticTimerQueueStorage.1
                0x00000000200037b8       0xa0 ./Middlewares/Third_Party/FreeRTOS/Source/timers.o
 .bss.xStaticTimerQueue.0
                0x0000000020003858       0x50 ./Middlewares/Third_Party/FreeRTOS/Source/timers.o
 .bss.ucMaxSysCallPriority
                0x00000000200038a8        0x1 ./Middlewares/Third_Party/FreeRTOS/Source/portable/GCC/ARM_CM3/port.o
 *fill*         0x00000000200038a9        0x3 
 .bss.ulMaxPRIGROUPValue
                0x00000000200038ac        0x4 ./Middlewares/Third_Party/FreeRTOS/Source/portable/GCC/ARM_CM3/port.o
 .bss.ucHeap    0x00000000200038b0     0x1000 ./Middlewares/Third_Party/FreeRTOS/Source/portable/MemMang/heap_4.o
 .bss.xStart    0x00000000200048b0        0x8 ./Middlewares/Third_Party/FreeRTOS/Source/portable/MemMang/heap_4.o
 .bss.pxEnd     0x00000000200048b8        0x4 ./Middlewares/Third_Party/FreeRTOS/Source/portable/MemMang/heap_4.o
 .bss.xFreeBytesRemaining
                0x00000000200048bc        0x4 ./Middlewares/Third_Party/FreeRTOS/Source/portable/MemMang/heap_4.o
 .bss.xMinimumEverFreeBytesRemaining
                0x00000000200048c0        0x4 ./Middlewares/Third_Party/FreeRTOS/Source/portable/MemMang/heap_4.o
 .bss.xBlockAllocatedBit
                0x00000000200048c4        0x4 ./Middlewares/Third_Party/FreeRTOS/Source/portable/MemMang/heap_4.o
 .bss.__malloc_free_list
                0x00000000200048c8        0x4 e:/stm32cubeide/stm32cubeide_1.11.2/stm32cubeide/plugins/com.st.stm32cube.ide.mcu.externaltools.gnu-tools-for-stm32.10.3-2021.10.win32_1.0.100.202210260954/tools/bin/../lib/gcc/arm-none-eabi/10.3.1/../../../../arm-none-eabi/lib/thumb/v7-m/nofp\libc_nano.a(lib_a-nano-mallocr.o)
                0x00000000200048c8                __malloc_free_list
 .bss.__malloc_sbrk_start
                0x00000000200048cc        0x4 e:/stm32cubeide/stm32cubeide_1.11.2/stm32cubeide/plugins/com.st.stm32cube.ide.mcu.externaltools.gnu-tools-for-stm32.10.3-2021.10.win32_1.0.100.202210260954/tools/bin/../lib/gcc/arm-none-eabi/10.3.1/../../../../arm-none-eabi/lib/thumb/v7-m/nofp\libc_nano.a(lib_a-nano-mallocr.o)
                0x00000000200048cc                __malloc_sbrk_start
 .bss.errno     0x00000000200048d0        0x4 e:/stm32cubeide/stm32cubeide_1.11.2/stm32cubeide/plugins/com.st.stm32cube.ide.mcu.externaltools.gnu-tools-for-stm32.10.3-2021.10.win32_1.0.100.202210260954/tools/bin/../lib/gcc/arm-none-eabi/10.3.1/../../../../arm-none-eabi/lib/thumb/v7-m/nofp\libc_nano.a(lib_a-reent.o)
                0x00000000200048d0                errno
 .bss.__lock___malloc_recursive_mutex
                0x00000000200048d4        0x1 e:/stm32cubeide/stm32cubeide_1.11.2/stm32cubeide/plugins/com.st.stm32cube.ide.mcu.externaltools.gnu-tools-for-stm32.10.3-2021.10.win32_1.0.100.202210260954/tools/bin/../lib/gcc/arm-none-eabi/10.3.1/../../../../arm-none-eabi/lib/thumb/v7-m/nofp\libc_nano.a(lib_a-lock.o)
                0x00000000200048d4                __lock___malloc_recursive_mutex
 *(COMMON)
                0x00000000200048d8                . = ALIGN (0x4)
 *fill*         0x00000000200048d5        0x3 
                0x00000000200048d8                _ebss = .
                0x00000000200048d8                __bss_end__ = _ebss

._user_heap_stack
                0x00000000200048d8      0x600 load address 0x000000000800791c
                0x00000000200048d8                . = ALIGN (0x8)
                [!provide]                        PROVIDE (end = .)
                0x00000000200048d8                PROVIDE (_end = .)
                0x0000000020004ad8                . = (. + _Min_Heap_Size)
 *fill*         0x00000000200048d8      0x200 
                0x0000000020004ed8                . = (. + _Min_Stack_Size)
 *fill*         0x0000000020004ad8      0x400 
                0x0000000020004ed8                . = ALIGN (0x8)

/DISCARD/
 libc.a(*)
 libm.a(*)
 libgcc.a(*)

.ARM.attributes
                0x0000000000000000       0x29
 *(.ARM.attributes)
 .ARM.attributes
                0x0000000000000000       0x1d e:/stm32cubeide/stm32cubeide_1.11.2/stm32cubeide/plugins/com.st.stm32cube.ide.mcu.externaltools.gnu-tools-for-stm32.10.3-2021.10.win32_1.0.100.202210260954/tools/bin/../lib/gcc/arm-none-eabi/10.3.1/thumb/v7-m/nofp/crti.o
 .ARM.attributes
                0x000000000000001d       0x2d e:/stm32cubeide/stm32cubeide_1.11.2/stm32cubeide/plugins/com.st.stm32cube.ide.mcu.externaltools.gnu-tools-for-stm32.10.3-2021.10.win32_1.0.100.202210260954/tools/bin/../lib/gcc/arm-none-eabi/10.3.1/thumb/v7-m/nofp/crtbegin.o
 .ARM.attributes
                0x000000000000004a       0x2d ./Core/Src/dma.o
 .ARM.attributes
                0x0000000000000077       0x2d ./Core/Src/fifo.o
 .ARM.attributes
                0x00000000000000a4       0x2d ./Core/Src/freertos.o
 .ARM.attributes
                0x00000000000000d1       0x2d ./Core/Src/gpio.o
 .ARM.attributes
                0x00000000000000fe       0x2d ./Core/Src/main.o
 .ARM.attributes
                0x000000000000012b       0x2d ./Core/Src/stm32f1xx_hal_msp.o
 .ARM.attributes
                0x0000000000000158       0x2d ./Core/Src/stm32f1xx_hal_timebase_tim.o
 .ARM.attributes
                0x0000000000000185       0x2d ./Core/Src/stm32f1xx_it.o
 .ARM.attributes
                0x00000000000001b2       0x2d ./Core/Src/sysmem.o
 .ARM.attributes
                0x00000000000001df       0x2d ./Core/Src/system_stm32f1xx.o
 .ARM.attributes
                0x000000000000020c       0x2d ./Core/Src/usart.o
 .ARM.attributes
                0x0000000000000239       0x21 ./Core/Startup/startup_stm32f103rbtx.o
 .ARM.attributes
                0x000000000000025a       0x2d ./Drivers/STM32F1xx_HAL_Driver/Src/stm32f1xx_hal.o
 .ARM.attributes
                0x0000000000000287       0x2d ./Drivers/STM32F1xx_HAL_Driver/Src/stm32f1xx_hal_cortex.o
 .ARM.attributes
                0x00000000000002b4       0x2d ./Drivers/STM32F1xx_HAL_Driver/Src/stm32f1xx_hal_dma.o
 .ARM.attributes
                0x00000000000002e1       0x2d ./Drivers/STM32F1xx_HAL_Driver/Src/stm32f1xx_hal_gpio.o
 .ARM.attributes
                0x000000000000030e       0x2d ./Drivers/STM32F1xx_HAL_Driver/Src/stm32f1xx_hal_rcc.o
 .ARM.attributes
                0x000000000000033b       0x2d ./Drivers/STM32F1xx_HAL_Driver/Src/stm32f1xx_hal_tim.o
 .ARM.attributes
                0x0000000000000368       0x2d ./Drivers/STM32F1xx_HAL_Driver/Src/stm32f1xx_hal_tim_ex.o
 .ARM.attributes
                0x0000000000000395       0x2d ./Drivers/STM32F1xx_HAL_Driver/Src/stm32f1xx_hal_uart.o
 .ARM.attributes
                0x00000000000003c2       0x2d ./Middlewares/MAVLink/MAVLinkV1.o
 .ARM.attributes
                0x00000000000003ef       0x2d ./Middlewares/Third_Party/FreeRTOS/Source/CMSIS_RTOS_V2/cmsis_os2.o
 .ARM.attributes
                0x000000000000041c       0x2d ./Middlewares/Third_Party/FreeRTOS/Source/list.o
 .ARM.attributes
                0x0000000000000449       0x2d ./Middlewares/Third_Party/FreeRTOS/Source/queue.o
 .ARM.attributes
                0x0000000000000476       0x2d ./Middlewares/Third_Party/FreeRTOS/Source/tasks.o
 .ARM.attributes
                0x00000000000004a3       0x2d ./Middlewares/Third_Party/FreeRTOS/Source/timers.o
 .ARM.attributes
                0x00000000000004d0       0x2d ./Middlewares/Third_Party/FreeRTOS/Source/portable/GCC/ARM_CM3/port.o
 .ARM.attributes
                0x00000000000004fd       0x2d ./Middlewares/Third_Party/FreeRTOS/Source/portable/MemMang/heap_4.o
 .ARM.attributes
                0x000000000000052a       0x2d e:/stm32cubeide/stm32cubeide_1.11.2/stm32cubeide/plugins/com.st.stm32cube.ide.mcu.externaltools.gnu-tools-for-stm32.10.3-2021.10.win32_1.0.100.202210260954/tools/bin/../lib/gcc/arm-none-eabi/10.3.1/../../../../arm-none-eabi/lib/thumb/v7-m/nofp\libc_nano.a(lib_a-errno.o)
 .ARM.attributes
                0x0000000000000557       0x2d e:/stm32cubeide/stm32cubeide_1.11.2/stm32cubeide/plugins/com.st.stm32cube.ide.mcu.externaltools.gnu-tools-for-stm32.10.3-2021.10.win32_1.0.100.202210260954/tools/bin/../lib/gcc/arm-none-eabi/10.3.1/../../../../arm-none-eabi/lib/thumb/v7-m/nofp\libc_nano.a(lib_a-impure.o)
 .ARM.attributes
                0x0000000000000584       0x2d e:/stm32cubeide/stm32cubeide_1.11.2/stm32cubeide/plugins/com.st.stm32cube.ide.mcu.externaltools.gnu-tools-for-stm32.10.3-2021.10.win32_1.0.100.202210260954/tools/bin/../lib/gcc/arm-none-eabi/10.3.1/../../../../arm-none-eabi/lib/thumb/v7-m/nofp\libc_nano.a(lib_a-init.o)
 .ARM.attributes
                0x00000000000005b1       0x2d e:/stm32cubeide/stm32cubeide_1.11.2/stm32cubeide/plugins/com.st.stm32cube.ide.mcu.externaltools.gnu-tools-for-stm32.10.3-2021.10.win32_1.0.100.202210260954/tools/bin/../lib/gcc/arm-none-eabi/10.3.1/../../../../arm-none-eabi/lib/thumb/v7-m/nofp\libc_nano.a(lib_a-memcpy-stub.o)
 .ARM.attributes
                0x00000000000005de       0x2d e:/stm32cubeide/stm32cubeide_1.11.2/stm32cubeide/plugins/com.st.stm32cube.ide.mcu.externaltools.gnu-tools-for-stm32.10.3-2021.10.win32_1.0.100.202210260954/tools/bin/../lib/gcc/arm-none-eabi/10.3.1/../../../../arm-none-eabi/lib/thumb/v7-m/nofp\libc_nano.a(lib_a-memset.o)
 .ARM.attributes
                0x000000000000060b       0x2d e:/stm32cubeide/stm32cubeide_1.11.2/stm32cubeide/plugins/com.st.stm32cube.ide.mcu.externaltools.gnu-tools-for-stm32.10.3-2021.10.win32_1.0.100.202210260954/tools/bin/../lib/gcc/arm-none-eabi/10.3.1/../../../../arm-none-eabi/lib/thumb/v7-m/nofp\libc_nano.a(lib_a-snprintf.o)
 .ARM.attributes
                0x0000000000000638       0x2d e:/stm32cubeide/stm32cubeide_1.11.2/stm32cubeide/plugins/com.st.stm32cube.ide.mcu.externaltools.gnu-tools-for-stm32.10.3-2021.10.win32_1.0.100.202210260954/tools/bin/../lib/gcc/arm-none-eabi/10.3.1/../../../../arm-none-eabi/lib/thumb/v7-m/nofp\libc_nano.a(lib_a-nano-svfprintf.o)
 .ARM.attributes
                0x0000000000000665       0x2d e:/stm32cubeide/stm32cubeide_1.11.2/stm32cubeide/plugins/com.st.stm32cube.ide.mcu.externaltools.gnu-tools-for-stm32.10.3-2021.10.win32_1.0.100.202210260954/tools/bin/../lib/gcc/arm-none-eabi/10.3.1/../../../../arm-none-eabi/lib/thumb/v7-m/nofp\libc_nano.a(lib_a-nano-vfprintf_i.o)
 .ARM.attributes
                0x0000000000000692       0x2d e:/stm32cubeide/stm32cubeide_1.11.2/stm32cubeide/plugins/com.st.stm32cube.ide.mcu.externaltools.gnu-tools-for-stm32.10.3-2021.10.win32_1.0.100.202210260954/tools/bin/../lib/gcc/arm-none-eabi/10.3.1/../../../../arm-none-eabi/lib/thumb/v7-m/nofp\libc_nano.a(lib_a-memchr-stub.o)
 .ARM.attributes
                0x00000000000006bf       0x2d e:/stm32cubeide/stm32cubeide_1.11.2/stm32cubeide/plugins/com.st.stm32cube.ide.mcu.externaltools.gnu-tools-for-stm32.10.3-2021.10.win32_1.0.100.202210260954/tools/bin/../lib/gcc/arm-none-eabi/10.3.1/../../../../arm-none-eabi/lib/thumb/v7-m/nofp\libc_nano.a(lib_a-memmove.o)
 .ARM.attributes
                0x00000000000006ec       0x2d e:/stm32cubeide/stm32cubeide_1.11.2/stm32cubeide/plugins/com.st.stm32cube.ide.mcu.externaltools.gnu-tools-for-stm32.10.3-2021.10.win32_1.0.100.202210260954/tools/bin/../lib/gcc/arm-none-eabi/10.3.1/../../../../arm-none-eabi/lib/thumb/v7-m/nofp\libc_nano.a(lib_a-nano-freer.o)
 .ARM.attributes
                0x0000000000000719       0x2d e:/stm32cubeide/stm32cubeide_1.11.2/stm32cubeide/plugins/com.st.stm32cube.ide.mcu.externaltools.gnu-tools-for-stm32.10.3-2021.10.win32_1.0.100.202210260954/tools/bin/../lib/gcc/arm-none-eabi/10.3.1/../../../../arm-none-eabi/lib/thumb/v7-m/nofp\libc_nano.a(lib_a-nano-mallocr.o)
 .ARM.attributes
                0x0000000000000746       0x2d e:/stm32cubeide/stm32cubeide_1.11.2/stm32cubeide/plugins/com.st.stm32cube.ide.mcu.externaltools.gnu-tools-for-stm32.10.3-2021.10.win32_1.0.100.202210260954/tools/bin/../lib/gcc/arm-none-eabi/10.3.1/../../../../arm-none-eabi/lib/thumb/v7-m/nofp\libc_nano.a(lib_a-nano-reallocr.o)
 .ARM.attributes
                0x0000000000000773       0x2d e:/stm32cubeide/stm32cubeide_1.11.2/stm32cubeide/plugins/com.st.stm32cube.ide.mcu.externaltools.gnu-tools-for-stm32.10.3-2021.10.win32_1.0.100.202210260954/tools/bin/../lib/gcc/arm-none-eabi/10.3.1/../../../../arm-none-eabi/lib/thumb/v7-m/nofp\libc_nano.a(lib_a-sbrkr.o)
 .ARM.attributes
                0x00000000000007a0       0x2d e:/stm32cubeide/stm32cubeide_1.11.2/stm32cubeide/plugins/com.st.stm32cube.ide.mcu.externaltools.gnu-tools-for-stm32.10.3-2021.10.win32_1.0.100.202210260954/tools/bin/../lib/gcc/arm-none-eabi/10.3.1/../../../../arm-none-eabi/lib/thumb/v7-m/nofp\libc_nano.a(lib_a-mlock.o)
 .ARM.attributes
                0x00000000000007cd       0x2d e:/stm32cubeide/stm32cubeide_1.11.2/stm32cubeide/plugins/com.st.stm32cube.ide.mcu.externaltools.gnu-tools-for-stm32.10.3-2021.10.win32_1.0.100.202210260954/tools/bin/../lib/gcc/arm-none-eabi/10.3.1/../../../../arm-none-eabi/lib/thumb/v7-m/nofp\libc_nano.a(lib_a-nano-msizer.o)
 .ARM.attributes
                0x00000000000007fa       0x2d e:/stm32cubeide/stm32cubeide_1.11.2/stm32cubeide/plugins/com.st.stm32cube.ide.mcu.externaltools.gnu-tools-for-stm32.10.3-2021.10.win32_1.0.100.202210260954/tools/bin/../lib/gcc/arm-none-eabi/10.3.1/../../../../arm-none-eabi/lib/thumb/v7-m/nofp\libc_nano.a(lib_a-reent.o)
 .ARM.attributes
                0x0000000000000827       0x2d e:/stm32cubeide/stm32cubeide_1.11.2/stm32cubeide/plugins/com.st.stm32cube.ide.mcu.externaltools.gnu-tools-for-stm32.10.3-2021.10.win32_1.0.100.202210260954/tools/bin/../lib/gcc/arm-none-eabi/10.3.1/../../../../arm-none-eabi/lib/thumb/v7-m/nofp\libc_nano.a(lib_a-lock.o)
 .ARM.attributes
                0x0000000000000854       0x1d e:/stm32cubeide/stm32cubeide_1.11.2/stm32cubeide/plugins/com.st.stm32cube.ide.mcu.externaltools.gnu-tools-for-stm32.10.3-2021.10.win32_1.0.100.202210260954/tools/bin/../lib/gcc/arm-none-eabi/10.3.1/thumb/v7-m/nofp/crtn.o
OUTPUT(Data_communication_project.elf elf32-littlearm)
LOAD linker stubs
LOAD e:/stm32cubeide/stm32cubeide_1.11.2/stm32cubeide/plugins/com.st.stm32cube.ide.mcu.externaltools.gnu-tools-for-stm32.10.3-2021.10.win32_1.0.100.202210260954/tools/bin/../lib/gcc/arm-none-eabi/10.3.1/../../../../arm-none-eabi/lib/thumb/v7-m/nofp\libc.a
LOAD e:/stm32cubeide/stm32cubeide_1.11.2/stm32cubeide/plugins/com.st.stm32cube.ide.mcu.externaltools.gnu-tools-for-stm32.10.3-2021.10.win32_1.0.100.202210260954/tools/bin/../lib/gcc/arm-none-eabi/10.3.1/../../../../arm-none-eabi/lib/thumb/v7-m/nofp\libm.a
LOAD e:/stm32cubeide/stm32cubeide_1.11.2/stm32cubeide/plugins/com.st.stm32cube.ide.mcu.externaltools.gnu-tools-for-stm32.10.3-2021.10.win32_1.0.100.202210260954/tools/bin/../lib/gcc/arm-none-eabi/10.3.1/thumb/v7-m/nofp\libgcc.a

.debug_info     0x0000000000000000    0x16e8c
 .debug_info    0x0000000000000000      0x2e6 ./Core/Src/dma.o
 .debug_info    0x00000000000002e6      0x255 ./Core/Src/fifo.o
 .debug_info    0x000000000000053b     0x1366 ./Core/Src/freertos.o
 .debug_info    0x00000000000018a1      0x48e ./Core/Src/gpio.o
 .debug_info    0x0000000000001d2f      0xb8b ./Core/Src/main.o
 .debug_info    0x00000000000028ba      0x380 ./Core/Src/stm32f1xx_hal_msp.o
 .debug_info    0x0000000000002c3a      0x9f8 ./Core/Src/stm32f1xx_hal_timebase_tim.o
 .debug_info    0x0000000000003632      0xd26 ./Core/Src/stm32f1xx_it.o
 .debug_info    0x0000000000004358      0x171 ./Core/Src/sysmem.o
 .debug_info    0x00000000000044c9      0x23d ./Core/Src/system_stm32f1xx.o
 .debug_info    0x0000000000004706      0xbc4 ./Core/Src/usart.o
 .debug_info    0x00000000000052ca       0x22 ./Core/Startup/startup_stm32f103rbtx.o
 .debug_info    0x00000000000052ec      0x734 ./Drivers/STM32F1xx_HAL_Driver/Src/stm32f1xx_hal.o
 .debug_info    0x0000000000005a20      0xb20 ./Drivers/STM32F1xx_HAL_Driver/Src/stm32f1xx_hal_cortex.o
 .debug_info    0x0000000000006540      0x73f ./Drivers/STM32F1xx_HAL_Driver/Src/stm32f1xx_hal_dma.o
 .debug_info    0x0000000000006c7f      0x615 ./Drivers/STM32F1xx_HAL_Driver/Src/stm32f1xx_hal_gpio.o
 .debug_info    0x0000000000007294      0x860 ./Drivers/STM32F1xx_HAL_Driver/Src/stm32f1xx_hal_rcc.o
 .debug_info    0x0000000000007af4     0x29de ./Drivers/STM32F1xx_HAL_Driver/Src/stm32f1xx_hal_tim.o
 .debug_info    0x000000000000a4d2     0x1513 ./Drivers/STM32F1xx_HAL_Driver/Src/stm32f1xx_hal_tim_ex.o
 .debug_info    0x000000000000b9e5     0x15d8 ./Drivers/STM32F1xx_HAL_Driver/Src/stm32f1xx_hal_uart.o
 .debug_info    0x000000000000cfbd      0x49e ./Middlewares/MAVLink/MAVLinkV1.o
 .debug_info    0x000000000000d45b     0x3bef ./Middlewares/Third_Party/FreeRTOS/Source/CMSIS_RTOS_V2/cmsis_os2.o
 .debug_info    0x000000000001104a      0x2cb ./Middlewares/Third_Party/FreeRTOS/Source/list.o
 .debug_info    0x0000000000011315     0x1bf9 ./Middlewares/Third_Party/FreeRTOS/Source/queue.o
 .debug_info    0x0000000000012f0e     0x224a ./Middlewares/Third_Party/FreeRTOS/Source/tasks.o
 .debug_info    0x0000000000015158     0x1495 ./Middlewares/Third_Party/FreeRTOS/Source/timers.o
 .debug_info    0x00000000000165ed      0x4b7 ./Middlewares/Third_Party/FreeRTOS/Source/portable/GCC/ARM_CM3/port.o
 .debug_info    0x0000000000016aa4      0x3e8 ./Middlewares/Third_Party/FreeRTOS/Source/portable/MemMang/heap_4.o

.debug_abbrev   0x0000000000000000     0x39fa
 .debug_abbrev  0x0000000000000000       0xf8 ./Core/Src/dma.o
 .debug_abbrev  0x00000000000000f8       0xf5 ./Core/Src/fifo.o
 .debug_abbrev  0x00000000000001ed      0x2c9 ./Core/Src/freertos.o
 .debug_abbrev  0x00000000000004b6      0x152 ./Core/Src/gpio.o
 .debug_abbrev  0x0000000000000608      0x224 ./Core/Src/main.o
 .debug_abbrev  0x000000000000082c      0x115 ./Core/Src/stm32f1xx_hal_msp.o
 .debug_abbrev  0x0000000000000941      0x1e6 ./Core/Src/stm32f1xx_hal_timebase_tim.o
 .debug_abbrev  0x0000000000000b27      0x27b ./Core/Src/stm32f1xx_it.o
 .debug_abbrev  0x0000000000000da2       0xbb ./Core/Src/sysmem.o
 .debug_abbrev  0x0000000000000e5d      0x13b ./Core/Src/system_stm32f1xx.o
 .debug_abbrev  0x0000000000000f98      0x262 ./Core/Src/usart.o
 .debug_abbrev  0x00000000000011fa       0x12 ./Core/Startup/startup_stm32f103rbtx.o
 .debug_abbrev  0x000000000000120c      0x1fb ./Drivers/STM32F1xx_HAL_Driver/Src/stm32f1xx_hal.o
 .debug_abbrev  0x0000000000001407      0x2ed ./Drivers/STM32F1xx_HAL_Driver/Src/stm32f1xx_hal_cortex.o
 .debug_abbrev  0x00000000000016f4      0x1fe ./Drivers/STM32F1xx_HAL_Driver/Src/stm32f1xx_hal_dma.o
 .debug_abbrev  0x00000000000018f2      0x1bb ./Drivers/STM32F1xx_HAL_Driver/Src/stm32f1xx_hal_gpio.o
 .debug_abbrev  0x0000000000001aad      0x2a8 ./Drivers/STM32F1xx_HAL_Driver/Src/stm32f1xx_hal_rcc.o
 .debug_abbrev  0x0000000000001d55      0x25d ./Drivers/STM32F1xx_HAL_Driver/Src/stm32f1xx_hal_tim.o
 .debug_abbrev  0x0000000000001fb2      0x265 ./Drivers/STM32F1xx_HAL_Driver/Src/stm32f1xx_hal_tim_ex.o
 .debug_abbrev  0x0000000000002217      0x278 ./Drivers/STM32F1xx_HAL_Driver/Src/stm32f1xx_hal_uart.o
 .debug_abbrev  0x000000000000248f      0x19b ./Middlewares/MAVLink/MAVLinkV1.o
 .debug_abbrev  0x000000000000262a      0x414 ./Middlewares/Third_Party/FreeRTOS/Source/CMSIS_RTOS_V2/cmsis_os2.o
 .debug_abbrev  0x0000000000002a3e       0xf2 ./Middlewares/Third_Party/FreeRTOS/Source/list.o
 .debug_abbrev  0x0000000000002b30      0x3ba ./Middlewares/Third_Party/FreeRTOS/Source/queue.o
 .debug_abbrev  0x0000000000002eea      0x37d ./Middlewares/Third_Party/FreeRTOS/Source/tasks.o
 .debug_abbrev  0x0000000000003267      0x33d ./Middlewares/Third_Party/FreeRTOS/Source/timers.o
 .debug_abbrev  0x00000000000035a4      0x257 ./Middlewares/Third_Party/FreeRTOS/Source/portable/GCC/ARM_CM3/port.o
 .debug_abbrev  0x00000000000037fb      0x1ff ./Middlewares/Third_Party/FreeRTOS/Source/portable/MemMang/heap_4.o

.debug_aranges  0x0000000000000000     0x14c0
 .debug_aranges
                0x0000000000000000       0x20 ./Core/Src/dma.o
 .debug_aranges
                0x0000000000000020       0x38 ./Core/Src/fifo.o
 .debug_aranges
                0x0000000000000058       0x40 ./Core/Src/freertos.o
 .debug_aranges
                0x0000000000000098       0x20 ./Core/Src/gpio.o
 .debug_aranges
                0x00000000000000b8       0x38 ./Core/Src/main.o
 .debug_aranges
                0x00000000000000f0       0x20 ./Core/Src/stm32f1xx_hal_msp.o
 .debug_aranges
                0x0000000000000110       0x30 ./Core/Src/stm32f1xx_hal_timebase_tim.o
 .debug_aranges
                0x0000000000000140       0x90 ./Core/Src/stm32f1xx_it.o
 .debug_aranges
                0x00000000000001d0       0x20 ./Core/Src/sysmem.o
 .debug_aranges
                0x00000000000001f0       0x28 ./Core/Src/system_stm32f1xx.o
 .debug_aranges
                0x0000000000000218       0x40 ./Core/Src/usart.o
 .debug_aranges
                0x0000000000000258       0x28 ./Core/Startup/startup_stm32f103rbtx.o
 .debug_aranges
                0x0000000000000280       0xe0 ./Drivers/STM32F1xx_HAL_Driver/Src/stm32f1xx_hal.o
 .debug_aranges
                0x0000000000000360      0x100 ./Drivers/STM32F1xx_HAL_Driver/Src/stm32f1xx_hal_cortex.o
 .debug_aranges
                0x0000000000000460       0x80 ./Drivers/STM32F1xx_HAL_Driver/Src/stm32f1xx_hal_dma.o
 .debug_aranges
                0x00000000000004e0       0x58 ./Drivers/STM32F1xx_HAL_Driver/Src/stm32f1xx_hal_gpio.o
 .debug_aranges
                0x0000000000000538       0x90 ./Drivers/STM32F1xx_HAL_Driver/Src/stm32f1xx_hal_rcc.o
 .debug_aranges
                0x00000000000005c8      0x3d0 ./Drivers/STM32F1xx_HAL_Driver/Src/stm32f1xx_hal_tim.o
 .debug_aranges
                0x0000000000000998      0x168 ./Drivers/STM32F1xx_HAL_Driver/Src/stm32f1xx_hal_tim_ex.o
 .debug_aranges
                0x0000000000000b00      0x200 ./Drivers/STM32F1xx_HAL_Driver/Src/stm32f1xx_hal_uart.o
 .debug_aranges
                0x0000000000000d00       0x60 ./Middlewares/MAVLink/MAVLinkV1.o
 .debug_aranges