Archive member included to satisfy reference by file (symbol)

e:/stm32cubeide/stm32cubeide_1.11.2/stm32cubeide/plugins/com.st.stm32cube.ide.mcu.externaltools.gnu-tools-for-stm32.10.3-2021.10.win32_1.0.100.202210260954/tools/bin/../lib/gcc/arm-none-eabi/10.3.1/../../../../arm-none-eabi/lib/thumb/v7-m/nofp\libc_nano.a(lib_a-errno.o)
                              ./Core/Src/syscalls.o (__errno)
e:/stm32cubeide/stm32cubeide_1.11.2/stm32cubeide/plugins/com.st.stm32cube.ide.mcu.externaltools.gnu-tools-for-stm32.10.3-2021.10.win32_1.0.100.202210260954/tools/bin/../lib/gcc/arm-none-eabi/10.3.1/../../../../arm-none-eabi/lib/thumb/v7-m/nofp\libc_nano.a(lib_a-exit.o)
                              e:/stm32cubeide/stm32cubeide_1.11.2/stm32cubeide/plugins/com.st.stm32cube.ide.mcu.externaltools.gnu-tools-for-stm32.10.3-2021.10.win32_1.0.100.202210260954/tools/bin/../lib/gcc/arm-none-eabi/10.3.1/../../../../arm-none-eabi/lib/thumb/v7-m/nofp/crt0.o (exit)
e:/stm32cubeide/stm32cubeide_1.11.2/stm32cubeide/plugins/com.st.stm32cube.ide.mcu.externaltools.gnu-tools-for-stm32.10.3-2021.10.win32_1.0.100.202210260954/tools/bin/../lib/gcc/arm-none-eabi/10.3.1/../../../../arm-none-eabi/lib/thumb/v7-m/nofp\libc_nano.a(lib_a-impure.o)
                              e:/stm32cubeide/stm32cubeide_1.11.2/stm32cubeide/plugins/com.st.stm32cube.ide.mcu.externaltools.gnu-tools-for-stm32.10.3-2021.10.win32_1.0.100.202210260954/tools/bin/../lib/gcc/arm-none-eabi/10.3.1/../../../../arm-none-eabi/lib/thumb/v7-m/nofp\libc_nano.a(lib_a-exit.o) (_global_impure_ptr)
e:/stm32cubeide/stm32cubeide_1.11.2/stm32cubeide/plugins/com.st.stm32cube.ide.mcu.externaltools.gnu-tools-for-stm32.10.3-2021.10.win32_1.0.100.202210260954/tools/bin/../lib/gcc/arm-none-eabi/10.3.1/../../../../arm-none-eabi/lib/thumb/v7-m/nofp\libc_nano.a(lib_a-init.o)
                              e:/stm32cubeide/stm32cubeide_1.11.2/stm32cubeide/plugins/com.st.stm32cube.ide.mcu.externaltools.gnu-tools-for-stm32.10.3-2021.10.win32_1.0.100.202210260954/tools/bin/../lib/gcc/arm-none-eabi/10.3.1/../../../../arm-none-eabi/lib/thumb/v7-m/nofp/crt0.o (__libc_init_array)
e:/stm32cubeide/stm32cubeide_1.11.2/stm32cubeide/plugins/com.st.stm32cube.ide.mcu.externaltools.gnu-tools-for-stm32.10.3-2021.10.win32_1.0.100.202210260954/tools/bin/../lib/gcc/arm-none-eabi/10.3.1/../../../../arm-none-eabi/lib/thumb/v7-m/nofp\libc_nano.a(lib_a-memcpy-stub.o)
                              ./Core/Src/freertos.o (memcpy)
e:/stm32cubeide/stm32cubeide_1.11.2/stm32cubeide/plugins/com.st.stm32cube.ide.mcu.externaltools.gnu-tools-for-stm32.10.3-2021.10.win32_1.0.100.202210260954/tools/bin/../lib/gcc/arm-none-eabi/10.3.1/../../../../arm-none-eabi/lib/thumb/v7-m/nofp\libc_nano.a(lib_a-memset.o)
                              e:/stm32cubeide/stm32cubeide_1.11.2/stm32cubeide/plugins/com.st.stm32cube.ide.mcu.externaltools.gnu-tools-for-stm32.10.3-2021.10.win32_1.0.100.202210260954/tools/bin/../lib/gcc/arm-none-eabi/10.3.1/../../../../arm-none-eabi/lib/thumb/v7-m/nofp/crt0.o (memset)
e:/stm32cubeide/stm32cubeide_1.11.2/stm32cubeide/plugins/com.st.stm32cube.ide.mcu.externaltools.gnu-tools-for-stm32.10.3-2021.10.win32_1.0.100.202210260954/tools/bin/../lib/gcc/arm-none-eabi/10.3.1/../../../../arm-none-eabi/lib/thumb/v7-m/nofp\libc_nano.a(lib_a-snprintf.o)
                              ./Core/Src/freertos.o (snprintf)
e:/stm32cubeide/stm32cubeide_1.11.2/stm32cubeide/plugins/com.st.stm32cube.ide.mcu.externaltools.gnu-tools-for-stm32.10.3-2021.10.win32_1.0.100.202210260954/tools/bin/../lib/gcc/arm-none-eabi/10.3.1/../../../../arm-none-eabi/lib/thumb/v7-m/nofp\libc_nano.a(lib_a-nano-svfprintf.o)
                              e:/stm32cubeide/stm32cubeide_1.11.2/stm32cubeide/plugins/com.st.stm32cube.ide.mcu.externaltools.gnu-tools-for-stm32.10.3-2021.10.win32_1.0.100.202210260954/tools/bin/../lib/gcc/arm-none-eabi/10.3.1/../../../../arm-none-eabi/lib/thumb/v7-m/nofp\libc_nano.a(lib_a-snprintf.o) (_svfprintf_r)
e:/stm32cubeide/stm32cubeide_1.11.2/stm32cubeide/plugins/com.st.stm32cube.ide.mcu.externaltools.gnu-tools-for-stm32.10.3-2021.10.win32_1.0.100.202210260954/tools/bin/../lib/gcc/arm-none-eabi/10.3.1/../../../../arm-none-eabi/lib/thumb/v7-m/nofp\libc_nano.a(lib_a-nano-vfprintf_i.o)
                              e:/stm32cubeide/stm32cubeide_1.11.2/stm32cubeide/plugins/com.st.stm32cube.ide.mcu.externaltools.gnu-tools-for-stm32.10.3-2021.10.win32_1.0.100.202210260954/tools/bin/../lib/gcc/arm-none-eabi/10.3.1/../../../../arm-none-eabi/lib/thumb/v7-m/nofp\libc_nano.a(lib_a-nano-svfprintf.o) (_printf_i)
e:/stm32cubeide/stm32cubeide_1.11.2/stm32cubeide/plugins/com.st.stm32cube.ide.mcu.externaltools.gnu-tools-for-stm32.10.3-2021.10.win32_1.0.100.202210260954/tools/bin/../lib/gcc/arm-none-eabi/10.3.1/../../../../arm-none-eabi/lib/thumb/v7-m/nofp\libc_nano.a(lib_a-memchr-stub.o)
[...]
Memory Configuration

Name             Origin             Length             Attributes
RAM              0x0000000020000000 0x0000000000005000 xrw
FLASH            0x0000000008000000 0x0000000000020000 xr
*default*        0x0000000000000000 0xffffffffffffffff

Linker script and memory map

LOAD e:/stm32cubeide/stm32cubeide_1.11.2/stm32cubeide/plugins/com.st.stm32cube.ide.mcu.externaltools.gnu-tools-for-stm32.10.3-2021.10.win32_1.0.100.202210260954/tools/bin/../lib/gcc/arm-none-eabi/10.3.1/thumb/v7-m/nofp/crti.o
LOAD e:/stm32cubeide/stm32cubeide_1.11.2/stm32cubeide/plugins/com.st.stm32cube.ide.mcu.externaltools.gnu-tools-for-stm32.10.3-2021.10.win32_1.0.100.202210260954/tools/bin/../lib/gcc/arm-none-eabi/10.3.1/thumb/v7-m/nofp/crtbegin.o
LOAD e:/stm32cubeide/stm32cubeide_1.11.2/stm32cubeide/plugins/com.st.stm32cube.ide.mcu.externaltools.gnu-tools-for-stm32.10.3-2021.10.win32_1.0.100.202210260954/tools/bin/../lib/gcc/arm-none-eabi/10.3.1/../../../../arm-none-eabi/lib/thumb/v7-m/nofp/crt0.o
LOAD ./Core/Src/dma.o
LOAD ./Core/Src/fifo.o
LOAD ./Core/Src/freertos.o
LOAD ./Core/Src/gpio.o
LOAD ./Core/Src/main.o
LOAD ./Core/Src/stm32f1xx_hal_msp.o
LOAD ./Core/Src/stm32f1xx_hal_timebase_tim.o
LOAD ./Core/Src/stm32f1xx_it.o
LOAD ./Core/Src/syscalls.o
LOAD ./Core/Src/sysmem.o
LOAD ./Core/Src/system_stm32f1xx.o
LOAD ./Core/Src/usart.o
LOAD ./Core/Startup/startup_stm32f103rbtx.o
LOAD ./Drivers/STM32F1xx_HAL_Driver/Src/stm32f1xx_hal.o
LOAD ./Drivers/STM32F1xx_HAL_Driver/Src/stm32f1xx_hal_cortex.o
LOAD ./Drivers/STM32F1xx_HAL_Driver/Src/stm32f1xx_hal_dma.o
LOAD ./Drivers/STM32F1xx_HAL_Driver/Src/stm32f1xx_hal_exti.o
LOAD ./Drivers/STM32F1xx_HAL_Driver/Src/stm32f1xx_hal_flash.o
LOAD ./Drivers/STM32F1xx_HAL_Driver/Src/stm32f1xx_hal_flash_ex.o
LOAD ./Drivers/STM32F1xx_HAL_Driver/Src/stm32f1xx_hal_gpio.o
LOAD ./Drivers/STM32F1xx_HAL_Driver/Src/stm32f1xx_hal_gpio_ex.o
LOAD ./Drivers/STM32F1xx_HAL_Driver/Src/stm32f1xx_hal_pwr.o
LOAD ./Drivers/STM32F1xx_HAL_Driver/Src/stm32f1xx_hal_rcc.o
LOAD ./Drivers/STM32F1xx_HAL_Driver/Src/stm32f1xx_hal_rcc_ex.o
LOAD ./Drivers/STM32F1xx_HAL_Driver/Src/stm32f1xx_hal_tim.o
LOAD ./Drivers/STM32F1xx_HAL_Driver/Src/stm32f1xx_hal_tim_ex.o
LOAD ./Drivers/STM32F1xx_HAL_Driver/Src/stm32f1xx_hal_uart.o
LOAD ./Middlewares/MAVLink/MAVLinkV1.o
LOAD ./Middlewares/Third_Party/FreeRTOS/Source/CMSIS_RTOS_V2/cmsis_os2.o
LOAD ./Middlewares/Third_Party/FreeRTOS/Source/croutine.o
LOAD ./Middlewares/Third_Party/FreeRTOS/Source/event_groups.o
LOAD ./Middlewares/Third_Party/FreeRTOS/Source/list.o
LOAD ./Middlewares/Third_Party/FreeRTOS/Source/queue.o
LOAD ./Middlewares/Third_Party/FreeRTOS/Source/stream_buffer.o
LOAD ./Middlewares/Third_Party/FreeRTOS/Source/tasks.o
LOAD ./Middlewares/Third_Party/FreeRTOS/Source/timers.o
LOAD ./Middlewares/Third_Party/FreeRTOS/Source/portable/GCC/ARM_CM3/port.o
LOAD ./Middlewares/Third_Party/FreeRTOS/Source/portable/MemMang/heap_4.o
START GROUP
LOAD e:/stm32cubeide/stm32cubeide_1.11.2/stm32cubeide/plugins/com.st.stm32cube.ide.mcu.externaltools.gnu-tools-for-stm32.10.3-2021.10.win32_1.0.100.202210260954/tools/bin/../lib/gcc/arm-none-eabi/10.3.1/../../../../arm-none-eabi/lib/thumb/v7-m/nofp\libc_nano.a
LOAD e:/stm32cubeide/stm32cubeide_1.11.2/stm32cubeide/plugins/com.st.stm32cube.ide.mcu.externaltools.gnu-tools-for-stm32.10.3-2021.10.win32_1.0.100.202210260954/tools/bin/../lib/gcc/arm-none-eabi/10.3.1/../../../../arm-none-eabi/lib/thumb/v7-m/nofp\libm.a
END GROUP
START GROUP
LOAD e:/stm32cubeide/stm32cubeide_1.11.2/stm32cubeide/plugins/com.st.stm32cube.ide.mcu.externaltools.gnu-tools-for-stm32.10.3-2021.10.win32_1.0.100.202210260954/tools/bin/../lib/gcc/arm-none-eabi/10.3.1/thumb/v7-m/nofp\libgcc.a
LOAD e:/stm32cubeide/stm32cubeide_1.11.2/stm32cubeide/plugins/com.st.stm32cube.ide.mcu.externaltools.gnu-tools-for-stm32.10.3-2021.10.win32_1.0.100.202210260954/tools/bin/../lib/gcc/arm-none-eabi/10.3.1/../../../../arm-none-eabi/lib/thumb/v7-m/nofp\libc_nano.a
END GROUP
START GROUP
LOAD e:/stm32cubeide/stm32cubeide_1.11.2/stm32cubeide/plugins/com.st.stm32cube.ide.mcu.externaltools.gnu-tools-for-stm32.10.3-2021.10.win32_1.0.100.202210260954/tools/bin/../lib/gcc/arm-none-eabi/10.3.1/thumb/v7-m/nofp\libgcc.a
LOAD e:/stm32cubeide/stm32cubeide_1.11.2/stm32cubeide/plugins/com.st.stm32cube.ide.mcu.externaltools.gnu-tools-for-stm32.10.3-2021.10.win32_1.0.100.202210260954/tools/bin/../lib/gcc/arm-none-eabi/10.3.1/../../../../arm-none-eabi/lib/thumb/v7-m/nofp\libc_nano.a
LOAD e:/stm32cubeide/stm32cubeide_1.11.2/stm32cubeide/plugins/com.st.stm32cube.ide.mcu.externaltools.gnu-tools-for-stm32.10.3-2021.10.win32_1.0.100.202210260954/tools/bin/../lib/gcc/arm-none-eabi/10.3.1/../../../../arm-none-eabi/lib/thumb/v7-m/nofp\libnosys.a
END GROUP
START GROUP
LOAD e:/stm32cubeide/stm32cubeide_1.11.2/stm32cubeide/plugins/com.st.stm32cube.ide.mcu.externaltools.gnu-tools-for-stm32.10.3-2021.10.win32_1.0.100.202210260954/tools/bin/../lib/gcc/arm-none-eabi/10.3.1/thumb/v7-m/nofp\libgcc.a
LOAD e:/stm32cubeide/stm32cubeide_1.11.2/stm32cubeide/plugins/com.st.stm32cube.ide.mcu.externaltools.gnu-tools-for-stm32.10.3-2021.10.win32_1.0.100.202210260954/tools/bin/../lib/gcc/arm-none-eabi/10.3.1/../../../../arm-none-eabi/lib/thumb/v7-m/nofp\libc_nano.a
LOAD e:/stm32cubeide/stm32cubeide_1.11.2/stm32cubeide/plugins/com.st.stm32cube.ide.mcu.externaltools.gnu-tools-for-stm32.10.3-2021.10.win32_1.0.100.202210260954/tools/bin/../lib/gcc/arm-none-eabi/10.3.1/../../../../arm-none-eabi/lib/thumb/v7-m/nofp\libnosys.a
END GROUP
LOAD e:/stm32cubeide/stm32cubeide_1.11.2/stm32cubeide/plugins/com.st.stm32cube.ide.mcu.externaltools.gnu-tools-for-stm32.10.3-2021.10.win32_1.0.100.202210260954/tools/bin/../lib/gcc/arm-none-eabi/10.3.1/thumb/v7-m/nofp/crtend.o
LOAD e:/stm32cubeide/stm32cubeide_1.11.2/stm32cubeide/plugins/com.st.stm32cube.ide.mcu.externaltools.gnu-tools-for-stm32.10.3-2021.10.win32_1.0.100.202210260954/tools/bin/../lib/gcc/arm-none-eabi/10.3.1/thumb/v7-m/nofp/crtn.o
                0x0000000020005000                _estack = (ORIGIN (RAM) + LENGTH (RAM))
                0x0000000000000200                _Min_Heap_Size = 0x200
                0x0000000000000400                _Min_Stack_Size = 0x400

.isr_vector     0x0000000008000000      0x10c
                0x0000000008000000                . = ALIGN (0x4)
 *(.isr_vector)
 .isr_vector    0x0000000008000000      0x10c ./Core/Startup/startup_stm32f103rbtx.o
                0x0000000008000000                g_pfnVectors
                0x000000000800010c                . = ALIGN (0x4)

.text           0x0000000008000110     0x7384
                0x0000000008000110                . = ALIGN (0x4)
 *(.text)
 .text          0x0000000008000110       0x40 e:/stm32cubeide/stm32cubeide_1.11.2/stm32cubeide/plugins/com.st.stm32cube.ide.mcu.externaltools.gnu-tools-for-stm32.10.3-2021.10.win32_1.0.100.202210260954/tools/bin/../lib/gcc/arm-none-eabi/10.3.1/thumb/v7-m/nofp/crtbegin.o
 *(.text*)
 .text.MX_DMA_Init
                0x0000000008000150       0x4c ./Core/Src/dma.o
                0x0000000008000150                MX_DMA_Init
 .text.FIFO_Init
                0x000000000800019c       0x4a ./Core/Src/fifo.o
                0x000000000800019c                FIFO_Init
 .text.FIFO_Write
                0x00000000080001e6       0x6c ./Core/Src/fifo.o
                0x00000000080001e6                FIFO_Write
 .text.FIFO_Read
                0x0000000008000252       0x70 ./Core/Src/fifo.o
                0x0000000008000252                FIFO_Read
 .text.FIFO_Available
                0x00000000080002c2       0x40 ./Core/Src/fifo.o
                0x00000000080002c2                FIFO_Available
 *fill*         0x0000000008000302        0x2 
 .text.MX_FREERTOS_Init
                0x0000000008000304       0xb8 ./Core/Src/freertos.o
                0x0000000008000304                MX_FREERTOS_Init
 .text.StartDefaultTask
                0x00000000080003bc       0x10 ./Core/Src/freertos.o
                0x00000000080003bc                StartDefaultTask
 .text.StartUART1Task
                0x00000000080003cc       0xe8 ./Core/Src/freertos.o
                0x00000000080003cc                StartUART1Task
 .text.StartUART2Task
                0x00000000080004b4       0xe8 ./Core/Src/freertos.o
                0x00000000080004b4                StartUART2Task
 .text.StartUART3Task
                0x000000000800059c       0x48 ./Core/Src/freertos.o
                0x000000000800059c                StartUART3Task
 .text.MX_GPIO_Init
                0x00000000080005e4       0xdc ./Core/Src/gpio.o
                0x00000000080005e4                MX_GPIO_Init
 .text.main     0x00000000080006c0       0x44 ./Core/Src/main.o
                0x00000000080006c0                main
 .text.SystemClock_Config
                0x0000000008000704       0x82 ./Core/Src/main.o
                0x0000000008000704                SystemClock_Config
 *fill*         0x0000000008000786        0x2 
 .text.HAL_TIM_PeriodElapsedCallback
                0x0000000008000788       0x24 ./Core/Src/main.o
                0x0000000008000788                HAL_TIM_PeriodElapsedCallback
 .text.Error_Handler
                0x00000000080007ac        0xa ./Core/Src/main.o
                0x00000000080007ac                Error_Handler
 *fill*         0x00000000080007b6        0x2 
 .text.HAL_MspInit
                0x00000000080007b8       0x70 ./Core/Src/stm32f1xx_hal_msp.o
                0x00000000080007b8                HAL_MspInit
 .text.HAL_InitTick
                0x0000000008000828       0xfc ./Core/Src/stm32f1xx_hal_timebase_tim.o
                0x0000000008000828                HAL_InitTick
 .text.NMI_Handler
                0x0000000008000924        0x6 ./Core/Src/stm32f1xx_it.o
                0x0000000008000924                NMI_Handler
 *fill*         0x000000000800092a        0x2 
 .text.HardFault_Handler
                0x000000000800092c       0x1c ./Core/Src/stm32f1xx_it.o
                0x000000000800092c                HardFault_Handler
 .text.MemManage_Handler
                0x0000000008000948        0x6 ./Core/Src/stm32f1xx_it.o
                0x0000000008000948                MemManage_Handler
 .text.BusFault_Handler
                0x000000000800094e        0x6 ./Core/Src/stm32f1xx_it.o
                0x000000000800094e                BusFault_Handler
 .text.UsageFault_Handler
                0x0000000008000954        0x6 ./Core/Src/stm32f1xx_it.o
                0x0000000008000954                UsageFault_Handler
 .text.DebugMon_Handler
                0x000000000800095a        0xc ./Core/Src/stm32f1xx_it.o
                0x000000000800095a                DebugMon_Handler
 *fill*         0x0000000008000966        0x2 
 .text.DMA1_Channel5_IRQHandler
                0x0000000008000968       0x14 ./Core/Src/stm32f1xx_it.o
                0x0000000008000968                DMA1_Channel5_IRQHandler
 .text.DMA1_Channel6_IRQHandler
                0x000000000800097c       0x14 ./Core/Src/stm32f1xx_it.o
                0x000000000800097c                DMA1_Channel6_IRQHandler
 .text.TIM4_IRQHandler
                0x0000000008000990       0x14 ./Core/Src/stm32f1xx_it.o
                0x0000000008000990                TIM4_IRQHandler
 .text.USART1_IRQHandler
                0x00000000080009a4      0x11c ./Core/Src/stm32f1xx_it.o
                0x00000000080009a4                USART1_IRQHandler
 .text.USART2_IRQHandler
                0x0000000008000ac0      0x11c ./Core/Src/stm32f1xx_it.o
                0x0000000008000ac0                USART2_IRQHandler
 .text.USART3_IRQHandler
                0x0000000008000bdc       0x14 ./Core/Src/stm32f1xx_it.o
                0x0000000008000bdc                USART3_IRQHandler
 .text.EXTI15_10_IRQHandler
                0x0000000008000bf0       0x10 ./Core/Src/stm32f1xx_it.o
                0x0000000008000bf0                EXTI15_10_IRQHandler
 .text._sbrk    0x0000000008000c00       0x6c ./Core/Src/sysmem.o
                0x0000000008000c00                _sbrk
 .text.SystemInit
                0x0000000008000c6c        0xc ./Core/Src/system_stm32f1xx.o
                0x0000000008000c6c                SystemInit
 .text.MX_USART1_UART_Init
                0x0000000008000c78       0x98 ./Core/Src/usart.o
                0x0000000008000c78                MX_USART1_UART_Init
 .text.MX_USART2_UART_Init
                0x0000000008000d10       0x98 ./Core/Src/usart.o
                0x0000000008000d10                MX_USART2_UART_Init
 .text.MX_USART3_UART_Init
                0x0000000008000da8       0x54 ./Core/Src/usart.o
                0x0000000008000da8                MX_USART3_UART_Init
 .text.HAL_UART_MspInit
                0x0000000008000dfc      0x240 ./Core/Src/usart.o
                0x0000000008000dfc                HAL_UART_MspInit
 .text.Reset_Handler
                0x000000000800103c       0x48 ./Core/Startup/startup_stm32f103rbtx.o
                0x000000000800103c                Reset_Handler
 .text.Default_Handler
                0x0000000008001084        0x2 ./Core/Startup/startup_stm32f103rbtx.o
                0x0000000008001084                RTC_Alarm_IRQHandler
                0x0000000008001084                EXTI2_IRQHandler
                0x0000000008001084                TIM1_CC_IRQHandler
                0x0000000008001084                PVD_IRQHandler
                0x0000000008001084                EXTI3_IRQHandler
                0x0000000008001084                EXTI0_IRQHandler
                0x0000000008001084                I2C2_EV_IRQHandler
                0x0000000008001084                ADC1_2_IRQHandler
                0x0000000008001084                SPI1_IRQHandler
                0x0000000008001084                TAMPER_IRQHandler
                0x0000000008001084                DMA1_Channel4_IRQHandler
                0x0000000008001084                RTC_IRQHandler
                0x0000000008001084                DMA1_Channel7_IRQHandler
                0x0000000008001084                CAN1_RX1_IRQHandler
                0x0000000008001084                I2C1_EV_IRQHandler
                0x0000000008001084                TIM3_IRQHandler
                0x0000000008001084                RCC_IRQHandler
                0x0000000008001084                TIM1_TRG_COM_IRQHandler
                0x0000000008001084                DMA1_Channel1_IRQHandler
                0x0000000008001084                Default_Handler
                0x0000000008001084                EXTI9_5_IRQHandler
                0x0000000008001084                SPI2_IRQHandler
                0x0000000008001084                EXTI4_IRQHandler
                0x0000000008001084                USB_LP_CAN1_RX0_IRQHandler
                0x0000000008001084                USB_HP_CAN1_TX_IRQHandler
                0x0000000008001084                DMA1_Channel3_IRQHandler
                0x0000000008001084                TIM1_UP_IRQHandler
                0x0000000008001084                WWDG_IRQHandler
                0x0000000008001084                TIM2_IRQHandler
                0x0000000008001084                TIM1_BRK_IRQHandler
                0x0000000008001084                EXTI1_IRQHandler
                0x0000000008001084                I2C2_ER_IRQHandler
                0x0000000008001084                DMA1_Channel2_IRQHandler
                0x0000000008001084                CAN1_SCE_IRQHandler
                0x0000000008001084                FLASH_IRQHandler
                0x0000000008001084                I2C1_ER_IRQHandler
                0x0000000008001084                USBWakeUp_IRQHandler
 *fill*         0x0000000008001086        0x2 
 .text.HAL_Init
                0x0000000008001088       0x2c ./Drivers/STM32F1xx_HAL_Driver/Src/stm32f1xx_hal.o
                0x0000000008001088                HAL_Init
 .text.HAL_IncTick
                0x00000000080010b4       0x24 ./Drivers/STM32F1xx_HAL_Driver/Src/stm32f1xx_hal.o
                0x00000000080010b4                HAL_IncTick
 .text.HAL_GetTick
                0x00000000080010d8       0x14 ./Drivers/STM32F1xx_HAL_Driver/Src/stm32f1xx_hal.o
                0x00000000080010d8                HAL_GetTick
 .text.__NVIC_SetPriorityGrouping
                0x00000000080010ec       0x48 ./Drivers/STM32F1xx_HAL_Driver/Src/stm32f1xx_hal_cortex.o
 .text.__NVIC_GetPriorityGrouping
                0x0000000008001134       0x1c ./Drivers/STM32F1xx_HAL_Driver/Src/stm32f1xx_hal_cortex.o
 .text.__NVIC_EnableIRQ
                0x0000000008001150       0x38 ./Drivers/STM32F1xx_HAL_Driver/Src/stm32f1xx_hal_cortex.o
 .text.__NVIC_SetPriority
                0x0000000008001188       0x54 ./Drivers/STM32F1xx_HAL_Driver/Src/stm32f1xx_hal_cortex.o
 .text.NVIC_EncodePriority
                0x00000000080011dc       0x64 ./Drivers/STM32F1xx_HAL_Driver/Src/stm32f1xx_hal_cortex.o
 .text.HAL_NVIC_SetPriorityGrouping
                0x0000000008001240       0x16 ./Drivers/STM32F1xx_HAL_Driver/Src/stm32f1xx_hal_cortex.o
                0x0000000008001240                HAL_NVIC_SetPriorityGrouping
 .text.HAL_NVIC_SetPriority
                0x0000000008001256       0x38 ./Drivers/STM32F1xx_HAL_Driver/Src/stm32f1xx_hal_cortex.o
                0x0000000008001256                HAL_NVIC_SetPriority
 .text.HAL_NVIC_EnableIRQ
                0x000000000800128e       0x1c ./Drivers/STM32F1xx_HAL_Driver/Src/stm32f1xx_hal_cortex.o
                0x000000000800128e                HAL_NVIC_EnableIRQ
 *fill*         0x00000000080012aa        0x2 
 .text.HAL_DMA_Init
                0x00000000080012ac       0xb4 ./Drivers/STM32F1xx_HAL_Driver/Src/stm32f1xx_hal_dma.o
                0x00000000080012ac                HAL_DMA_Init
 .text.HAL_DMA_Start_IT
                0x0000000008001360       0xbe ./Drivers/STM32F1xx_HAL_Driver/Src/stm32f1xx_hal_dma.o
                0x0000000008001360                HAL_DMA_Start_IT
 .text.HAL_DMA_Abort
                0x000000000800141e       0x74 ./Drivers/STM32F1xx_HAL_Driver/Src/stm32f1xx_hal_dma.o
                0x000000000800141e                HAL_DMA_Abort
 *fill*         0x0000000008001492        0x2 
 .text.HAL_DMA_Abort_IT
                0x0000000008001494       0xec ./Drivers/STM32F1xx_HAL_Driver/Src/stm32f1xx_hal_dma.o
                0x0000000008001494                HAL_DMA_Abort_IT
 .text.HAL_DMA_IRQHandler
                0x0000000008001580      0x20c ./Drivers/STM32F1xx_HAL_Driver/Src/stm32f1xx_hal_dma.o
                0x0000000008001580                HAL_DMA_IRQHandler
 .text.DMA_SetConfig
                0x000000000800178c       0x5a ./Drivers/STM32F1xx_HAL_Driver/Src/stm32f1xx_hal_dma.o
 *fill*         0x00000000080017e6        0x2 
 .text.HAL_GPIO_Init
                0x00000000080017e8      0x308 ./Drivers/STM32F1xx_HAL_Driver/Src/stm32f1xx_hal_gpio.o
                0x00000000080017e8                HAL_GPIO_Init
 .text.HAL_GPIO_WritePin
                0x0000000008001af0       0x30 ./Drivers/STM32F1xx_HAL_Driver/Src/stm32f1xx_hal_gpio.o
                0x0000000008001af0                HAL_GPIO_WritePin
 .text.HAL_GPIO_TogglePin
                0x0000000008001b20       0x32 ./Drivers/STM32F1xx_HAL_Driver/Src/stm32f1xx_hal_gpio.o
                0x0000000008001b20                HAL_GPIO_TogglePin
 *fill*         0x0000000008001b52        0x2 
 .text.HAL_GPIO_EXTI_IRQHandler
                0x0000000008001b54       0x30 ./Drivers/STM32F1xx_HAL_Driver/Src/stm32f1xx_hal_gpio.o
                0x0000000008001b54                HAL_GPIO_EXTI_IRQHandler
 .text.HAL_GPIO_EXTI_Callback
                0x0000000008001b84       0x14 ./Drivers/STM32F1xx_HAL_Driver/Src/stm32f1xx_hal_gpio.o
                0x0000000008001b84                HAL_GPIO_EXTI_Callback
 .text.HAL_RCC_OscConfig
                0x0000000008001b98      0x504 ./Drivers/STM32F1xx_HAL_Driver/Src/stm32f1xx_hal_rcc.o
                0x0000000008001b98                HAL_RCC_OscConfig
 .text.HAL_RCC_ClockConfig
                0x000000000800209c      0x1d4 ./Drivers/STM32F1xx_HAL_Driver/Src/stm32f1xx_hal_rcc.o
                0x000000000800209c                HAL_RCC_ClockConfig
 .text.HAL_RCC_GetSysClockFreq
                0x0000000008002270       0xbc ./Drivers/STM32F1xx_HAL_Driver/Src/stm32f1xx_hal_rcc.o
                0x0000000008002270                HAL_RCC_GetSysClockFreq
 .text.HAL_RCC_GetHCLKFreq
                0x000000000800232c       0x14 ./Drivers/STM32F1xx_HAL_Driver/Src/stm32f1xx_hal_rcc.o
                0x000000000800232c                HAL_RCC_GetHCLKFreq
 .text.HAL_RCC_GetPCLK1Freq
                0x0000000008002340       0x28 ./Drivers/STM32F1xx_HAL_Driver/Src/stm32f1xx_hal_rcc.o
                0x0000000008002340                HAL_RCC_GetPCLK1Freq
 .text.HAL_RCC_GetPCLK2Freq
                0x0000000008002368       0x28 ./Drivers/STM32F1xx_HAL_Driver/Src/stm32f1xx_hal_rcc.o
                0x0000000008002368                HAL_RCC_GetPCLK2Freq
 .text.HAL_RCC_GetClockConfig
                0x0000000008002390       0x60 ./Drivers/STM32F1xx_HAL_Driver/Src/stm32f1xx_hal_rcc.o
                0x0000000008002390                HAL_RCC_GetClockConfig
 .text.RCC_Delay
                0x00000000080023f0       0x3c ./Drivers/STM32F1xx_HAL_Driver/Src/stm32f1xx_hal_rcc.o
 .text.HAL_TIM_Base_Init
                0x000000000800242c       0x9e ./Drivers/STM32F1xx_HAL_Driver/Src/stm32f1xx_hal_tim.o
                0x000000000800242c                HAL_TIM_Base_Init
 .text.HAL_TIM_Base_MspInit
                0x00000000080024ca       0x12 ./Drivers/STM32F1xx_HAL_Driver/Src/stm32f1xx_hal_tim.o
                0x00000000080024ca                HAL_TIM_Base_MspInit
 .text.HAL_TIM_Base_Start_IT
                0x00000000080024dc       0xa4 ./Drivers/STM32F1xx_HAL_Driver/Src/stm32f1xx_hal_tim.o
                0x00000000080024dc                HAL_TIM_Base_Start_IT
 .text.HAL_TIM_IRQHandler
                0x0000000008002580      0x210 ./Drivers/STM32F1xx_HAL_Driver/Src/stm32f1xx_hal_tim.o
                0x0000000008002580                HAL_TIM_IRQHandler
 .text.HAL_TIM_OC_DelayElapsedCallback
                0x0000000008002790       0x12 ./Drivers/STM32F1xx_HAL_Driver/Src/stm32f1xx_hal_tim.o
                0x0000000008002790                HAL_TIM_OC_DelayElapsedCallback
 .text.HAL_TIM_IC_CaptureCallback
                0x00000000080027a2       0x12 ./Drivers/STM32F1xx_HAL_Driver/Src/stm32f1xx_hal_tim.o
                0x00000000080027a2                HAL_TIM_IC_CaptureCallback
 .text.HAL_TIM_PWM_PulseFinishedCallback
                0x00000000080027b4       0x12 ./Drivers/STM32F1xx_HAL_Driver/Src/stm32f1xx_hal_tim.o
                0x00000000080027b4                HAL_TIM_PWM_PulseFinishedCallback
 .text.HAL_TIM_TriggerCallback
                0x00000000080027c6       0x12 ./Drivers/STM32F1xx_HAL_Driver/Src/stm32f1xx_hal_tim.o
                0x00000000080027c6                HAL_TIM_TriggerCallback
 .text.TIM_Base_SetConfig
                0x00000000080027d8       0xc4 ./Drivers/STM32F1xx_HAL_Driver/Src/stm32f1xx_hal_tim.o
                0x00000000080027d8                TIM_Base_SetConfig
 .text.HAL_TIMEx_CommutCallback
                0x000000000800289c       0x12 ./Drivers/STM32F1xx_HAL_Driver/Src/stm32f1xx_hal_tim_ex.o
                0x000000000800289c                HAL_TIMEx_CommutCallback
 .text.HAL_TIMEx_BreakCallback
                0x00000000080028ae       0x12 ./Drivers/STM32F1xx_HAL_Driver/Src/stm32f1xx_hal_tim_ex.o
                0x00000000080028ae                HAL_TIMEx_BreakCallback
 .text.HAL_UART_Init
                0x00000000080028c0       0x9a ./Drivers/STM32F1xx_HAL_Driver/Src/stm32f1xx_hal_uart.o
                0x00000000080028c0                HAL_UART_Init
 .text.HAL_UART_Transmit
                0x000000000800295a      0x124 ./Drivers/STM32F1xx_HAL_Driver/Src/stm32f1xx_hal_uart.o
                0x000000000800295a                HAL_UART_Transmit
 .text.HAL_UART_Receive_DMA
                0x0000000008002a7e       0x60 ./Drivers/STM32F1xx_HAL_Driver/Src/stm32f1xx_hal_uart.o
                0x0000000008002a7e                HAL_UART_Receive_DMA
 *fill*         0x0000000008002ade        0x2 
 .text.HAL_UART_IRQHandler
                0x0000000008002ae0      0x354 ./Drivers/STM32F1xx_HAL_Driver/Src/stm32f1xx_hal_uart.o
                0x0000000008002ae0                HAL_UART_IRQHandler
 .text.HAL_UART_TxCpltCallback
                0x0000000008002e34       0x12 ./Drivers/STM32F1xx_HAL_Driver/Src/stm32f1xx_hal_uart.o
                0x0000000008002e34                HAL_UART_TxCpltCallback
 .text.HAL_UART_RxCpltCallback
                0x0000000008002e46       0x12 ./Drivers/STM32F1xx_HAL_Driver/Src/stm32f1xx_hal_uart.o
                0x0000000008002e46                HAL_UART_RxCpltCallback
 .text.HAL_UART_RxHalfCpltCallback
                0x0000000008002e58       0x12 ./Drivers/STM32F1xx_HAL_Driver/Src/stm32f1xx_hal_uart.o
                0x0000000008002e58                HAL_UART_RxHalfCpltCallback
 .text.HAL_UART_ErrorCallback
                0x0000000008002e6a       0x12 ./Drivers/STM32F1xx_HAL_Driver/Src/stm32f1xx_hal_uart.o
                0x0000000008002e6a                HAL_UART_ErrorCallback
 .text.HAL_UARTEx_RxEventCallback
                0x0000000008002e7c       0x16 ./Drivers/STM32F1xx_HAL_Driver/Src/stm32f1xx_hal_uart.o
                0x0000000008002e7c                HAL_UARTEx_RxEventCallback
 .text.UART_DMAReceiveCplt
                0x0000000008002e92       0x96 ./Drivers/STM32F1xx_HAL_Driver/Src/stm32f1xx_hal_uart.o
 .text.UART_DMARxHalfCplt
                0x0000000008002f28       0x36 ./Drivers/STM32F1xx_HAL_Driver/Src/stm32f1xx_hal_uart.o
 .text.UART_DMAError
                0x0000000008002f5e       0x94 ./Drivers/STM32F1xx_HAL_Driver/Src/stm32f1xx_hal_uart.o
 .text.UART_WaitOnFlagUntilTimeout
                0x0000000008002ff2       0x94 ./Drivers/STM32F1xx_HAL_Driver/Src/stm32f1xx_hal_uart.o
 *fill*         0x0000000008003086        0x2 
 .text.UART_Start_Receive_DMA
                0x0000000008003088       0xc8 ./Drivers/STM32F1xx_HAL_Driver/Src/stm32f1xx_hal_uart.o
                0x0000000008003088                UART_Start_Receive_DMA
 .text.UART_EndTxTransfer
                0x0000000008003150       0x2a ./Drivers/STM32F1xx_HAL_Driver/Src/stm32f1xx_hal_uart.o
 .text.UART_EndRxTransfer
                0x000000000800317a       0x58 ./Drivers/STM32F1xx_HAL_Driver/Src/stm32f1xx_hal_uart.o
 .text.UART_DMAAbortOnError
                0x00000000080031d2       0x28 ./Drivers/STM32F1xx_HAL_Driver/Src/stm32f1xx_hal_uart.o
 .text.UART_Transmit_IT
                0x00000000080031fa       0x9e ./Drivers/STM32F1xx_HAL_Driver/Src/stm32f1xx_hal_uart.o
 .text.UART_EndTransmit_IT
                0x0000000008003298       0x30 ./Drivers/STM32F1xx_HAL_Driver/Src/stm32f1xx_hal_uart.o
 .text.UART_Receive_IT
                0x00000000080032c8      0x152 ./Drivers/STM32F1xx_HAL_Driver/Src/stm32f1xx_hal_uart.o
 *fill*         0x000000000800341a        0x2 
 .text.UART_SetConfig
                0x000000000800341c      0x11c ./Drivers/STM32F1xx_HAL_Driver/Src/stm32f1xx_hal_uart.o
 .text.crc_accumulate
                0x0000000008003538       0x66 ./Middlewares/MAVLink/MAVLinkV1.o
                0x0000000008003538                crc_accumulate
 .text.crc_init
                0x000000000800359e       0x1a ./Middlewares/MAVLink/MAVLinkV1.o
                0x000000000800359e                crc_init
 .text.mavlink_start_checksum
                0x00000000080035b8       0x1c ./Middlewares/MAVLink/MAVLinkV1.o
                0x00000000080035b8                mavlink_start_checksum
 .text.mavlink_update_checksum
                0x00000000080035d4       0x24 ./Middlewares/MAVLink/MAVLinkV1.o
                0x00000000080035d4                mavlink_update_checksum
 .text.mavlink_parse_byte
                0x00000000080035f8      0x190 ./Middlewares/MAVLink/MAVLinkV1.o
                0x00000000080035f8                mavlink_parse_byte
 .text.osKernelInitialize
                0x0000000008003788       0x64 ./Middlewares/Third_Party/FreeRTOS/Source/CMSIS_RTOS_V2/cmsis_os2.o
                0x0000000008003788                osKernelInitialize
 .text.osKernelStart
                0x00000000080037ec       0x68 ./Middlewares/Third_Party/FreeRTOS/Source/CMSIS_RTOS_V2/cmsis_os2.o
                0x00000000080037ec                osKernelStart
 .text.osThreadNew
                0x0000000008003854      0x154 ./Middlewares/Third_Party/FreeRTOS/Source/CMSIS_RTOS_V2/cmsis_os2.o
                0x0000000008003854                osThreadNew
 .text.osDelay  0x00000000080039a8       0x5c ./Middlewares/Third_Party/FreeRTOS/Source/CMSIS_RTOS_V2/cmsis_os2.o
                0x00000000080039a8                osDelay
 .text.osMessageQueueNew
                0x0000000008003a04      0x10c ./Middlewares/Third_Party/FreeRTOS/Source/CMSIS_RTOS_V2/cmsis_os2.o
                0x0000000008003a04                osMessageQueueNew
 .text.osMessageQueuePut
                0x0000000008003b10       0xe8 ./Middlewares/Third_Party/FreeRTOS/Source/CMSIS_RTOS_V2/cmsis_os2.o
                0x0000000008003b10                osMessageQueuePut
 .text.osMessageQueueGet
                0x0000000008003bf8       0xe4 ./Middlewares/Third_Party/FreeRTOS/Source/CMSIS_RTOS_V2/cmsis_os2.o
                0x0000000008003bf8                osMessageQueueGet
 .text.vApplicationGetIdleTaskMemory
                0x0000000008003cdc       0x30 ./Middlewares/Third_Party/FreeRTOS/Source/CMSIS_RTOS_V2/cmsis_os2.o
                0x0000000008003cdc                vApplicationGetIdleTaskMemory
 .text.vApplicationGetTimerTaskMemory
                0x0000000008003d0c       0x34 ./Middlewares/Third_Party/FreeRTOS/Source/CMSIS_RTOS_V2/cmsis_os2.o
                0x0000000008003d0c                vApplicationGetTimerTaskMemory
 .text.vListInitialise
                0x0000000008003d40       0x3e ./Middlewares/Third_Party/FreeRTOS/Source/list.o
                0x0000000008003d40                vListInitialise
 .text.vListInitialiseItem
                0x0000000008003d7e       0x18 ./Middlewares/Third_Party/FreeRTOS/Source/list.o
                0x0000000008003d7e                vListInitialiseItem
 .text.vListInsertEnd
                0x0000000008003d96       0x46 ./Middlewares/Third_Party/FreeRTOS/Source/list.o
                0x0000000008003d96                vListInsertEnd
 .text.vListInsert
                0x0000000008003ddc       0x70 ./Middlewares/Third_Party/FreeRTOS/Source/list.o
                0x0000000008003ddc                vListInsert
 .text.uxListRemove
                0x0000000008003e4c       0x52 ./Middlewares/Third_Party/FreeRTOS/Source/list.o
                0x0000000008003e4c                uxListRemove
 *fill*         0x0000000008003e9e        0x2 
 .text.xQueueGenericReset
                0x0000000008003ea0       0xd0 ./Middlewares/Third_Party/FreeRTOS/Source/queue.o
                0x0000000008003ea0                xQueueGenericReset
 .text.xQueueGenericCreateStatic
                0x0000000008003f70       0xee ./Middlewares/Third_Party/FreeRTOS/Source/queue.o
                0x0000000008003f70                xQueueGenericCreateStatic
 .text.xQueueGenericCreate
                0x000000000800405e       0x7c ./Middlewares/Third_Party/FreeRTOS/Source/queue.o
                0x000000000800405e                xQueueGenericCreate
 .text.prvInitialiseNewQueue
                0x00000000080040da       0x46 ./Middlewares/Third_Party/FreeRTOS/Source/queue.o
 .text.xQueueGenericSend
                0x0000000008004120      0x1fc ./Middlewares/Third_Party/FreeRTOS/Source/queue.o
                0x0000000008004120                xQueueGenericSend
 .text.xQueueGenericSendFromISR
                0x000000000800431c      0x130 ./Middlewares/Third_Party/FreeRTOS/Source/queue.o
                0x000000000800431c                xQueueGenericSendFromISR
 .text.xQueueGiveFromISR
                0x000000000800444c      0x11a ./Middlewares/Third_Party/FreeRTOS/Source/queue.o
                0x000000000800444c                xQueueGiveFromISR
 *fill*         0x0000000008004566        0x2 
 .text.xQueueReceive
                0x0000000008004568      0x1c0 ./Middlewares/Third_Party/FreeRTOS/Source/queue.o
                0x0000000008004568                xQueueReceive
 .text.xQueueSemaphoreTake
                0x0000000008004728      0x218 ./Middlewares/Third_Party/FreeRTOS/Source/queue.o
                0x0000000008004728                xQueueSemaphoreTake
 .text.xQueueReceiveFromISR
                0x0000000008004940      0x100 ./Middlewares/Third_Party/FreeRTOS/Source/queue.o
                0x0000000008004940                xQueueReceiveFromISR
 .text.prvGetDisinheritPriorityAfterTimeout
                0x0000000008004a40       0x2e ./Middlewares/Third_Party/FreeRTOS/Source/queue.o
 .text.prvCopyDataToQueue
                0x0000000008004a6e       0xd4 ./Middlewares/Third_Party/FreeRTOS/Source/queue.o
 .text.prvCopyDataFromQueue
                0x0000000008004b42       0x4c ./Middlewares/Third_Party/FreeRTOS/Source/queue.o
 .text.prvUnlockQueue
                0x0000000008004b8e       0xa4 ./Middlewares/Third_Party/FreeRTOS/Source/queue.o
 .text.prvIsQueueEmpty
                0x0000000008004c32       0x2c ./Middlewares/Third_Party/FreeRTOS/Source/queue.o
 .text.prvIsQueueFull
                0x0000000008004c5e       0x30 ./Middlewares/Third_Party/FreeRTOS/Source/queue.o
 *fill*         0x0000000008004c8e        0x2 
 .text.vQueueAddToRegistry
                0x0000000008004c90       0x50 ./Middlewares/Third_Party/FreeRTOS/Source/queue.o
                0x0000000008004c90                vQueueAddToRegistry
 .text.vQueueWaitForMessageRestricted
                0x0000000008004ce0       0x68 ./Middlewares/Third_Party/FreeRTOS/Source/queue.o
                0x0000000008004ce0                vQueueWaitForMessageRestricted
 .text.xTaskCreateStatic
                0x0000000008004d48       0xb8 ./Middlewares/Third_Party/FreeRTOS/Source/tasks.o
                0x0000000008004d48                xTaskCreateStatic
 .text.xTaskCreate
                0x0000000008004e00       0x8a ./Middlewares/Third_Party/FreeRTOS/Source/tasks.o
                0x0000000008004e00                xTaskCreate
 .text.prvInitialiseNewTask
                0x0000000008004e8a      0x10e ./Middlewares/Third_Party/FreeRTOS/Source/tasks.o
 .text.prvAddNewTaskToReadyList
                0x0000000008004f98       0xe0 ./Middlewares/Third_Party/FreeRTOS/Source/tasks.o
 .text.vTaskDelay
                0x0000000008005078       0x68 ./Middlewares/Third_Party/FreeRTOS/Source/tasks.o
                0x0000000008005078                vTaskDelay
 .text.vTaskStartScheduler
                0x00000000080050e0       0xcc ./Middlewares/Third_Party/FreeRTOS/Source/tasks.o
                0x00000000080050e0                vTaskStartScheduler
 .text.vTaskSuspendAll
                0x00000000080051ac       0x1c ./Middlewares/Third_Party/FreeRTOS/Source/tasks.o
                0x00000000080051ac                vTaskSuspendAll
 .text.xTaskResumeAll
                0x00000000080051c8      0x13c ./Middlewares/Third_Party/FreeRTOS/Source/tasks.o
                0x00000000080051c8                xTaskResumeAll
 .text.xTaskGetTickCount
                0x0000000008005304       0x1c ./Middlewares/Third_Party/FreeRTOS/Source/tasks.o
                0x0000000008005304                xTaskGetTickCount
 .text.xTaskIncrementTick
                0x0000000008005320      0x17c ./Middlewares/Third_Party/FreeRTOS/Source/tasks.o
                0x0000000008005320                xTaskIncrementTick
 .text.vTaskSwitchContext
                0x000000000800549c       0xb8 ./Middlewares/Third_Party/FreeRTOS/Source/tasks.o
                0x000000000800549c                vTaskSwitchContext
 .text.vTaskPlaceOnEventList
                0x0000000008005554       0x48 ./Middlewares/Third_Party/FreeRTOS/Source/tasks.o
                0x0000000008005554                vTaskPlaceOnEventList
 .text.vTaskPlaceOnEventListRestricted
                0x000000000800559c       0x58 ./Middlewares/Third_Party/FreeRTOS/Source/tasks.o
                0x000000000800559c                vTaskPlaceOnEventListRestricted
 .text.xTaskRemoveFromEventList
                0x00000000080055f4       0xc8 ./Middlewares/Third_Party/FreeRTOS/Source/tasks.o
                0x00000000080055f4                xTaskRemoveFromEventList
 .text.vTaskInternalSetTimeOutState
                0x00000000080056bc       0x2c ./Middlewares/Third_Party/FreeRTOS/Source/tasks.o
                0x00000000080056bc                vTaskInternalSetTimeOutState
 .text.xTaskCheckForTimeOut
                0x00000000080056e8       0xc4 ./Middlewares/Third_Party/FreeRTOS/Source/tasks.o
                0x00000000080056e8                xTaskCheckForTimeOut
 .text.vTaskMissedYield
                0x00000000080057ac       0x18 ./Middlewares/Third_Party/FreeRTOS/Source/tasks.o
                0x00000000080057ac                vTaskMissedYield
 .text.prvIdleTask
                0x00000000080057c4       0x30 ./Middlewares/Third_Party/FreeRTOS/Source/tasks.o
 .text.prvInitialiseTaskLists
                0x00000000080057f4       0x80 ./Middlewares/Third_Party/FreeRTOS/Source/tasks.o
 .text.prvCheckTasksWaitingTermination
                0x0000000008005874       0x5c ./Middlewares/Third_Party/FreeRTOS/Source/tasks.o
 .text.prvDeleteTCB
                0x00000000080058d0       0x5e ./Middlewares/Third_Party/FreeRTOS/Source/tasks.o
 *fill*         0x000000000800592e        0x2 
 .text.prvResetNextTaskUnblockTime
                0x0000000008005930       0x48 ./Middlewares/Third_Party/FreeRTOS/Source/tasks.o
 .text.xTaskGetSchedulerState
                0x0000000008005978       0x3c ./Middlewares/Third_Party/FreeRTOS/Source/tasks.o
                0x0000000008005978                xTaskGetSchedulerState
 .text.xTaskPriorityInherit
                0x00000000080059b4       0xdc ./Middlewares/Third_Party/FreeRTOS/Source/tasks.o
                0x00000000080059b4                xTaskPriorityInherit
 .text.xTaskPriorityDisinherit
                0x0000000008005a90       0xdc ./Middlewares/Third_Party/FreeRTOS/Source/tasks.o
                0x0000000008005a90                xTaskPriorityDisinherit
 .text.vTaskPriorityDisinheritAfterTimeout
                0x0000000008005b6c      0x10c ./Middlewares/Third_Party/FreeRTOS/Source/tasks.o
                0x0000000008005b6c                vTaskPriorityDisinheritAfterTimeout
 .text.pvTaskIncrementMutexHeldCount
                0x0000000008005c78       0x28 ./Middlewares/Third_Party/FreeRTOS/Source/tasks.o
                0x0000000008005c78                pvTaskIncrementMutexHeldCount
 .text.prvAddCurrentTaskToDelayedList
                0x0000000008005ca0       0xa8 ./Middlewares/Third_Party/FreeRTOS/Source/tasks.o
 .text.xTimerCreateTimerTask
                0x0000000008005d48       0x90 ./Middlewares/Third_Party/FreeRTOS/Source/timers.o
                0x0000000008005d48                xTimerCreateTimerTask
 .text.xTimerGenericCommand
                0x0000000008005dd8       0x9c ./Middlewares/Third_Party/FreeRTOS/Source/timers.o
                0x0000000008005dd8                xTimerGenericCommand
 .text.prvProcessExpiredTimer
                0x0000000008005e74       0x80 ./Middlewares/Third_Party/FreeRTOS/Source/timers.o
 .text.prvTimerTask
                0x0000000008005ef4       0x24 ./Middlewares/Third_Party/FreeRTOS/Source/timers.o
 .text.prvProcessTimerOrBlockTask
                0x0000000008005f18       0x9c ./Middlewares/Third_Party/FreeRTOS/Source/timers.o
 .text.prvGetNextExpireTime
                0x0000000008005fb4       0x48 ./Middlewares/Third_Party/FreeRTOS/Source/timers.o
 .text.prvSampleTimeNow
                0x0000000008005ffc       0x40 ./Middlewares/Third_Party/FreeRTOS/Source/timers.o
 .text.prvInsertTimerInActiveList
                0x000000000800603c       0x84 ./Middlewares/Third_Party/FreeRTOS/Source/timers.o
 .text.prvProcessReceivedCommands
                0x00000000080060c0      0x168 ./Middlewares/Third_Party/FreeRTOS/Source/timers.o
 .text.prvSwitchTimerLists
                0x0000000008006228       0xc4 ./Middlewares/Third_Party/FreeRTOS/Source/timers.o
 .text.prvCheckForValidListAndQueue
                0x00000000080062ec       0x80 ./Middlewares/Third_Party/FreeRTOS/Source/timers.o
 .text.pxPortInitialiseStack
                0x000000000800636c       0x58 ./Middlewares/Third_Party/FreeRTOS/Source/portable/GCC/ARM_CM3/port.o
                0x000000000800636c                pxPortInitialiseStack
 .text.prvTaskExitError
                0x00000000080063c4       0x58 ./Middlewares/Third_Party/FreeRTOS/Source/portable/GCC/ARM_CM3/port.o
 *fill*         0x000000000800641c        0x4 
 .text.SVC_Handler
                0x0000000008006420       0x28 ./Middlewares/Third_Party/FreeRTOS/Source/portable/GCC/ARM_CM3/port.o
                0x0000000008006420                SVC_Handler
 .text.prvPortStartFirstTask
                0x0000000008006448       0x20 ./Middlewares/Third_Party/FreeRTOS/Source/portable/GCC/ARM_CM3/port.o
 .text.xPortStartScheduler
                0x0000000008006468       0xe4 ./Middlewares/Third_Party/FreeRTOS/Source/portable/GCC/ARM_CM3/port.o
                0x0000000008006468                xPortStartScheduler
 .text.vPortEnterCritical
                0x000000000800654c       0x60 ./Middlewares/Third_Party/FreeRTOS/Source/portable/GCC/ARM_CM3/port.o
                0x000000000800654c                vPortEnterCritical
 .text.vPortExitCritical
                0x00000000080065ac       0x50 ./Middlewares/Third_Party/FreeRTOS/Source/portable/GCC/ARM_CM3/port.o
                0x00000000080065ac                vPortExitCritical
 *fill*         0x00000000080065fc        0x4 
 .text.PendSV_Handler
                0x0000000008006600       0x48 ./Middlewares/Third_Party/FreeRTOS/Source/portable/GCC/ARM_CM3/port.o
                0x0000000008006600                PendSV_Handler
 .text.SysTick_Handler
                0x0000000008006648       0x44 ./Middlewares/Third_Party/FreeRTOS/Source/portable/GCC/ARM_CM3/port.o
                0x0000000008006648                SysTick_Handler
 .text.vPortSetupTimerInterrupt
                0x000000000800668c       0x44 ./Middlewares/Third_Party/FreeRTOS/Source/portable/GCC/ARM_CM3/port.o
                0x000000000800668c                vPortSetupTimerInterrupt
 .text.vPortValidateInterruptPriority
                0x00000000080066d0       0x7c ./Middlewares/Third_Party/FreeRTOS/Source/portable/GCC/ARM_CM3/port.o
                0x00000000080066d0                vPortValidateInterruptPriority
 .text.pvPortMalloc
                0x000000000800674c      0x188 ./Middlewares/Third_Party/FreeRTOS/Source/portable/MemMang/heap_4.o
                0x000000000800674c                pvPortMalloc
 .text.vPortFree
                0x00000000080068d4       0xb4 ./Middlewares/Third_Party/FreeRTOS/Source/portable/MemMang/heap_4.o
                0x00000000080068d4                vPortFree
 .text.prvHeapInit
                0x0000000008006988       0xc4 ./Middlewares/Third_Party/FreeRTOS/Source/portable/MemMang/heap_4.o
 .text.prvInsertBlockIntoFreeList
                0x0000000008006a4c       0xb0 ./Middlewares/Third_Party/FreeRTOS/Source/portable/MemMang/heap_4.o
 .text.__errno  0x0000000008006afc        0xc e:/stm32cubeide/stm32cubeide_1.11.2/stm32cubeide/plugins/com.st.stm32cube.ide.mcu.externaltools.gnu-tools-for-stm32.10.3-2021.10.win32_1.0.100.202210260954/tools/bin/../lib/gcc/arm-none-eabi/10.3.1/../../../../arm-none-eabi/lib/thumb/v7-m/nofp\libc_nano.a(lib_a-errno.o)
                0x0000000008006afc                __errno
 .text.__libc_init_array
                0x0000000008006b08       0x48 e:/stm32cubeide/stm32cubeide_1.11.2/stm32cubeide/plugins/com.st.stm32cube.ide.mcu.externaltools.gnu-tools-for-stm32.10.3-2021.10.win32_1.0.100.202210260954/tools/bin/../lib/gcc/arm-none-eabi/10.3.1/../../../../arm-none-eabi/lib/thumb/v7-m/nofp\libc_nano.a(lib_a-init.o)
                0x0000000008006b08                __libc_init_array
 .text.memcpy   0x0000000008006b50       0x1c e:/stm32cubeide/stm32cubeide_1.11.2/stm32cubeide/plugins/com.st.stm32cube.ide.mcu.externaltools.gnu-tools-for-stm32.10.3-2021.10.win32_1.0.100.202210260954/tools/bin/../lib/gcc/arm-none-eabi/10.3.1/../../../../arm-none-eabi/lib/thumb/v7-m/nofp\libc_nano.a(lib_a-memcpy-stub.o)
                0x0000000008006b50                memcpy
 .text.memset   0x0000000008006b6c       0x10 e:/stm32cubeide/stm32cubeide_1.11.2/stm32cubeide/plugins/com.st.stm32cube.ide.mcu.externaltools.gnu-tools-for-stm32.10.3-2021.10.win32_1.0.100.202210260954/tools/bin/../lib/gcc/arm-none-eabi/10.3.1/../../../../arm-none-eabi/lib/thumb/v7-m/nofp\libc_nano.a(lib_a-memset.o)
                0x0000000008006b6c                memset
 .text.snprintf
                0x0000000008006b7c       0x68 e:/stm32cubeide/stm32cubeide_1.11.2/stm32cubeide/plugins/com.st.stm32cube.ide.mcu.externaltools.gnu-tools-for-stm32.10.3-2021.10.win32_1.0.100.202210260954/tools/bin/../lib/gcc/arm-none-eabi/10.3.1/../../../../arm-none-eabi/lib/thumb/v7-m/nofp\libc_nano.a(lib_a-snprintf.o)
                0x0000000008006b7c                sniprintf
                0x0000000008006b7c                snprintf
 .text.__ssputs_r
                0x0000000008006be4       0xb6 e:/stm32cubeide/stm32cubeide_1.11.2/stm32cubeide/plugins/com.st.stm32cube.ide.mcu.externaltools.gnu-tools-for-stm32.10.3-2021.10.win32_1.0.100.202210260954/tools/bin/../lib/gcc/arm-none-eabi/10.3.1/../../../../arm-none-eabi/lib/thumb/v7-m/nofp\libc_nano.a(lib_a-nano-svfprintf.o)
                0x0000000008006be4                __ssputs_r
 *fill*         0x0000000008006c9a        0x2 
 .text._svfprintf_r
                0x0000000008006c9c      0x200 e:/stm32cubeide/stm32cubeide_1.11.2/stm32cubeide/plugins/com.st.stm32cube.ide.mcu.externaltools.gnu-tools-for-stm32.10.3-2021.10.win32_1.0.100.202210260954/tools/bin/../lib/gcc/arm-none-eabi/10.3.1/../../../../arm-none-eabi/lib/thumb/v7-m/nofp\libc_nano.a(lib_a-nano-svfprintf.o)
                0x0000000008006c9c                _svfiprintf_r
                0x0000000008006c9c                _svfprintf_r
 .text._printf_common
                0x0000000008006e9c       0xde e:/stm32cubeide/stm32cubeide_1.11.2/stm32cubeide/plugins/com.st.stm32cube.ide.mcu.externaltools.gnu-tools-for-stm32.10.3-2021.10.win32_1.0.100.202210260954/tools/bin/../lib/gcc/arm-none-eabi/10.3.1/../../../../arm-none-eabi/lib/thumb/v7-m/nofp\libc_nano.a(lib_a-nano-vfprintf_i.o)
                0x0000000008006e9c                _printf_common
 *fill*         0x0000000008006f7a        0x2 
 .text._printf_i
                0x0000000008006f7c      0x24c e:/stm32cubeide/stm32cubeide_1.11.2/stm32cubeide/plugins/com.st.stm32cube.ide.mcu.externaltools.gnu-tools-for-stm32.10.3-2021.10.win32_1.0.100.202210260954/tools/bin/../lib/gcc/arm-none-eabi/10.3.1/../../../../arm-none-eabi/lib/thumb/v7-m/nofp\libc_nano.a(lib_a-nano-vfprintf_i.o)
                0x0000000008006f7c                _printf_i
 .text.memchr   0x00000000080071c8       0x1c e:/stm32cubeide/stm32cubeide_1.11.2/stm32cubeide/plugins/com.st.stm32cube.ide.mcu.externaltools.gnu-tools-for-stm32.10.3-2021.10.win32_1.0.100.202210260954/tools/bin/../lib/gcc/arm-none-eabi/10.3.1/../../../../arm-none-eabi/lib/thumb/v7-m/nofp\libc_nano.a(lib_a-memchr-stub.o)
                0x00000000080071c8                memchr
 .text.memmove  0x00000000080071e4       0x34 e:/stm32cubeide/stm32cubeide_1.11.2/stm32cubeide/plugins/com.st.stm32cube.ide.mcu.externaltools.gnu-tools-for-stm32.10.3-2021.10.win32_1.0.100.202210260954/tools/bin/../lib/gcc/arm-none-eabi/10.3.1/../../../../arm-none-eabi/lib/thumb/v7-m/nofp\libc_nano.a(lib_a-memmove.o)
                0x00000000080071e4                memmove
 .text._free_r  0x0000000008007218       0x90 e:/stm32cubeide/stm32cubeide_1.11.2/stm32cubeide/plugins/com.st.stm32cube.ide.mcu.externaltools.gnu-tools-for-stm32.10.3-2021.10.win32_1.0.100.202210260954/tools/bin/../lib/gcc/arm-none-eabi/10.3.1/../../../../arm-none-eabi/lib/thumb/v7-m/nofp\libc_nano.a(lib_a-nano-freer.o)
                0x0000000008007218                _free_r
 .text.sbrk_aligned
                0x00000000080072a8       0x40 e:/stm32cubeide/stm32cubeide_1.11.2/stm32cubeide/plugins/com.st.stm32cube.ide.mcu.externaltools.gnu-tools-for-stm32.10.3-2021.10.win32_1.0.100.202210260954/tools/bin/../lib/gcc/arm-none-eabi/10.3.1/../../../../arm-none-eabi/lib/thumb/v7-m/nofp\libc_nano.a(lib_a-nano-mallocr.o)
 .text._malloc_r
                0x00000000080072e8       0xe8 e:/stm32cubeide/stm32cubeide_1.11.2/stm32cubeide/plugins/com.st.stm32cube.ide.mcu.externaltools.gnu-tools-for-stm32.10.3-2021.10.win32_1.0.100.202210260954/tools/bin/../lib/gcc/arm-none-eabi/10.3.1/../../../../arm-none-eabi/lib/thumb/v7-m/nofp\libc_nano.a(lib_a-nano-mallocr.o)
                0x00000000080072e8                _malloc_r
 .text._realloc_r
                0x00000000080073d0       0x5e e:/stm32cubeide/stm32cubeide_1.11.2/stm32cubeide/plugins/com.st.stm32cube.ide.mcu.externaltools.gnu-tools-for-stm32.10.3-2021.10.win32_1.0.100.202210260954/tools/bin/../lib/gcc/arm-none-eabi/10.3.1/../../../../arm-none-eabi/lib/thumb/v7-m/nofp\libc_nano.a(lib_a-nano-reallocr.o)
                0x00000000080073d0                _realloc_r
 *fill*         0x000000000800742e        0x2 
 .text._sbrk_r  0x0000000008007430       0x20 e:/stm32cubeide/stm32cubeide_1.11.2/stm32cubeide/plugins/com.st.stm32cube.ide.mcu.externaltools.gnu-tools-for-stm32.10.3-2021.10.win32_1.0.100.202210260954/tools/bin/../lib/gcc/arm-none-eabi/10.3.1/../../../../arm-none-eabi/lib/thumb/v7-m/nofp\libc_nano.a(lib_a-sbrkr.o)
                0x0000000008007430                _sbrk_r
 .text.__malloc_lock
                0x0000000008007450        0xc e:/stm32cubeide/stm32cubeide_1.11.2/stm32cubeide/plugins/com.st.stm32cube.ide.mcu.externaltools.gnu-tools-for-stm32.10.3-2021.10.win32_1.0.100.202210260954/tools/bin/../lib/gcc/arm-none-eabi/10.3.1/../../../../arm-none-eabi/lib/thumb/v7-m/nofp\libc_nano.a(lib_a-mlock.o)
                0x0000000008007450                __malloc_lock
 .text.__malloc_unlock
                0x000000000800745c        0xc e:/stm32cubeide/stm32cubeide_1.11.2/stm32cubeide/plugins/com.st.stm32cube.ide.mcu.externaltools.gnu-tools-for-stm32.10.3-2021.10.win32_1.0.100.202210260954/tools/bin/../lib/gcc/arm-none-eabi/10.3.1/../../../../arm-none-eabi/lib/thumb/v7-m/nofp\libc_nano.a(lib_a-mlock.o)
                0x000000000800745c                __malloc_unlock
 .text._malloc_usable_size_r
                0x0000000008007468       0x10 e:/stm32cubeide/stm32cubeide_1.11.2/stm32cubeide/plugins/com.st.stm32cube.ide.mcu.externaltools.gnu-tools-for-stm32.10.3-2021.10.win32_1.0.100.202210260954/tools/bin/../lib/gcc/arm-none-eabi/10.3.1/../../../../arm-none-eabi/lib/thumb/v7-m/nofp\libc_nano.a(lib_a-nano-msizer.o)
                0x0000000008007468                _malloc_usable_size_r
 .text.__retarget_lock_acquire_recursive
                0x0000000008007478        0x2 e:/stm32cubeide/stm32cubeide_1.11.2/stm32cubeide/plugins/com.st.stm32cube.ide.mcu.externaltools.gnu-tools-for-stm32.10.3-2021.10.win32_1.0.100.202210260954/tools/bin/../lib/gcc/arm-none-eabi/10.3.1/../../../../arm-none-eabi/lib/thumb/v7-m/nofp\libc_nano.a(lib_a-lock.o)
                0x0000000008007478                __retarget_lock_acquire_recursive
 .text.__retarget_lock_release_recursive
                0x000000000800747a        0x2 e:/stm32cubeide/stm32cubeide_1.11.2/stm32cubeide/plugins/com.st.stm32cube.ide.mcu.externaltools.gnu-tools-for-stm32.10.3-2021.10.win32_1.0.100.202210260954/tools/bin/../lib/gcc/arm-none-eabi/10.3.1/../../../../arm-none-eabi/lib/thumb/v7-m/nofp\libc_nano.a(lib_a-lock.o)
                0x000000000800747a                __retarget_lock_release_recursive
 *(.glue_7)
 .glue_7        0x000000000800747c        0x0 linker stubs
 *(.glue_7t)
 .glue_7t       0x000000000800747c        0x0 linker stubs
 *(.eh_frame)
 .eh_frame      0x000000000800747c        0x0 e:/stm32cubeide/stm32cubeide_1.11.2/stm32cubeide/plugins/com.st.stm32cube.ide.mcu.externaltools.gnu-tools-for-stm32.10.3-2021.10.win32_1.0.100.202210260954/tools/bin/../lib/gcc/arm-none-eabi/10.3.1/thumb/v7-m/nofp/crtbegin.o
 *(.init)
 .init          0x000000000800747c        0x4 e:/stm32cubeide/stm32cubeide_1.11.2/stm32cubeide/plugins/com.st.stm32cube.ide.mcu.externaltools.gnu-tools-for-stm32.10.3-2021.10.win32_1.0.100.202210260954/tools/bin/../lib/gcc/arm-none-eabi/10.3.1/thumb/v7-m/nofp/crti.o
                0x000000000800747c                _init
 .init          0x0000000008007480        0x8 e:/stm32cubeide/stm32cubeide_1.11.2/stm32cubeide/plugins/com.st.stm32cube.ide.mcu.externaltools.gnu-tools-for-stm32.10.3-2021.10.win32_1.0.100.202210260954/tools/bin/../lib/gcc/arm-none-eabi/10.3.1/thumb/v7-m/nofp/crtn.o
 *(.fini)
 .fini          0x0000000008007488        0x4 e:/stm32cubeide/stm32cubeide_1.11.2/stm32cubeide/plugins/com.st.stm32cube.ide.mcu.externaltools.gnu-tools-for-stm32.10.3-2021.10.win32_1.0.100.202210260954/tools/bin/../lib/gcc/arm-none-eabi/10.3.1/thumb/v7-m/nofp/crti.o
                0x0000000008007488                _fini
 .fini          0x000000000800748c        0x8 e:/stm32cubeide/stm32cubeide_1.11.2/stm32cubeide/plugins/com.st.stm32cube.ide.mcu.externaltools.gnu-tools-for-stm32.10.3-2021.10.win32_1.0.100.202210260954/tools/bin/../lib/gcc/arm-none-eabi/10.3.1/thumb/v7-m/nofp/crtn.o
                0x0000000008007494                . = ALIGN (0x4)
                0x0000000008007494                _etext = .

.vfp11_veneer   0x0000000008007494        0x0
 .vfp11_veneer  0x0000000008007494        0x0 linker stubs

.v4_bx          0x0000000008007494        0x0
 .v4_bx         0x0000000008007494        0x0 linker stubs

.iplt           0x0000000008007494        0x0
 .iplt          0x0000000008007494        0x0 e:/stm32cubeide/stm32cubeide_1.11.2/stm32cubeide/plugins/com.st.stm32cube.ide.mcu.externaltools.gnu-tools-for-stm32.10.3-2021.10.win32_1.0.100.202210260954/tools/bin/../lib/gcc/arm-none-eabi/10.3.1/thumb/v7-m/nofp/crtbegin.o

.rodata         0x0000000008007494      0x18c
                0x0000000008007494                . = ALIGN (0x4)
 *(.rodata)
 .rodata        0x0000000008007494       0x54 ./Core/Src/freertos.o
 .rodata        0x00000000080074e8        0xb ./Core/Src/main.o
 *fill*         0x00000000080074f3        0x1 
 .rodata        0x00000000080074f4        0xd ./Core/Src/stm32f1xx_it.o
 *fill*         0x0000000008007501        0x3 
 .rodata        0x0000000008007504       0x10 ./Drivers/STM32F1xx_HAL_Driver/Src/stm32f1xx_hal_rcc.o
 .rodata        0x0000000008007514        0x5 ./Middlewares/Third_Party/FreeRTOS/Source/tasks.o
 *fill*         0x0000000008007519        0x3 
 .rodata        0x000000000800751c        0xd ./Middlewares/Third_Party/FreeRTOS/Source/timers.o
 *(.rodata*)
 *fill*         0x0000000008007529        0x3 
 .rodata.defaultTask_attributes
                0x000000000800752c       0x24 ./Core/Src/freertos.o
                0x000000000800752c                defaultTask_attributes
 .rodata.UART1Task_attributes
                0x0000000008007550       0x24 ./Core/Src/freertos.o
                0x0000000008007550                UART1Task_attributes
 .rodata.UART2Task_attributes
                0x0000000008007574       0x24 ./Core/Src/freertos.o
                0x0000000008007574                UART2Task_attributes
 .rodata.UART3Task_attributes
                0x0000000008007598       0x24 ./Core/Src/freertos.o
                0x0000000008007598                UART3Task_attributes
 .rodata.UARTQueue_attributes
                0x00000000080075bc       0x18 ./Core/Src/freertos.o
                0x00000000080075bc                UARTQueue_attributes
 .rodata.AHBPrescTable
                0x00000000080075d4       0x10 ./Core/Src/system_stm32f1xx.o
                0x00000000080075d4                AHBPrescTable
 .rodata.APBPrescTable
                0x00000000080075e4        0x8 ./Core/Src/system_stm32f1xx.o
                0x00000000080075e4                APBPrescTable
 .rodata._svfprintf_r.str1.1
                0x00000000080075ec       0x11 e:/stm32cubeide/stm32cubeide_1.11.2/stm32cubeide/plugins/com.st.stm32cube.ide.mcu.externaltools.gnu-tools-for-stm32.10.3-2021.10.win32_1.0.100.202210260954/tools/bin/../lib/gcc/arm-none-eabi/10.3.1/../../../../arm-none-eabi/lib/thumb/v7-m/nofp\libc_nano.a(lib_a-nano-svfprintf.o)
 .rodata._printf_i.str1.1
                0x00000000080075fd       0x22 e:/stm32cubeide/stm32cubeide_1.11.2/stm32cubeide/plugins/com.st.stm32cube.ide.mcu.externaltools.gnu-tools-for-stm32.10.3-2021.10.win32_1.0.100.202210260954/tools/bin/../lib/gcc/arm-none-eabi/10.3.1/../../../../arm-none-eabi/lib/thumb/v7-m/nofp\libc_nano.a(lib_a-nano-vfprintf_i.o)
                0x0000000008007620                . = ALIGN (0x4)
 *fill*         0x000000000800761f        0x1 

.rel.dyn        0x0000000008007620        0x0
 .rel.iplt      0x0000000008007620        0x0 e:/stm32cubeide/stm32cubeide_1.11.2/stm32cubeide/plugins/com.st.stm32cube.ide.mcu.externaltools.gnu-tools-for-stm32.10.3-2021.10.win32_1.0.100.202210260954/tools/bin/../lib/gcc/arm-none-eabi/10.3.1/thumb/v7-m/nofp/crtbegin.o

.ARM.extab      0x0000000008007620        0x0
                0x0000000008007620                . = ALIGN (0x4)
 *(.ARM.extab* .gnu.linkonce.armextab.*)
                0x0000000008007620                . = ALIGN (0x4)

.ARM            0x0000000008007620        0x0
                0x0000000008007620                . = ALIGN (0x4)
                0x0000000008007620                __exidx_start = .
 *(.ARM.exidx*)
                0x0000000008007620                __exidx_end = .
                0x0000000008007620                . = ALIGN (0x4)

.preinit_array  0x0000000008007620        0x0
                0x0000000008007620                . = ALIGN (0x4)
                0x0000000008007620                PROVIDE (__preinit_array_start = .)
 *(.preinit_array*)
                0x0000000008007620                PROVIDE (__preinit_array_end = .)
                0x0000000008007620                . = ALIGN (0x4)

.init_array     0x0000000008007620        0x4
                0x0000000008007620                . = ALIGN (0x4)
                0x0000000008007620                PROVIDE (__init_array_start = .)
 *(SORT_BY_NAME(.init_array.*))
 *(.init_array*)
 .init_array    0x0000000008007620        0x4 e:/stm32cubeide/stm32cubeide_1.11.2/stm32cubeide/plugins/com.st.stm32cube.ide.mcu.externaltools.gnu-tools-for-stm32.10.3-2021.10.win32_1.0.100.202210260954/tools/bin/../lib/gcc/arm-none-eabi/10.3.1/thumb/v7-m/nofp/crtbegin.o
                0x0000000008007624                PROVIDE (__init_array_end = .)
                0x0000000008007624                . = ALIGN (0x4)

.fini_array     0x0000000008007624        0x4
                0x0000000008007624                . = ALIGN (0x4)
                [!provide]                        PROVIDE (__fini_array_start = .)
 *(SORT_BY_NAME(.fini_array.*))
 *(.fini_array*)
 .fini_array    0x0000000008007624        0x4 e:/stm32cubeide/stm32cubeide_1.11.2/stm32cubeide/plugins/com.st.stm32cube.ide.mcu.externaltools.gnu-tools-for-stm32.10.3-2021.10.win32_1.0.100.202210260954/tools/bin/../lib/gcc/arm-none-eabi/10.3.1/thumb/v7-m/nofp/crtbegin.o
                [!provide]                        PROVIDE (__fini_array_end = .)
                0x0000000008007628                . = ALIGN (0x4)
                0x0000000008007628                _sidata = LOADADDR (.data)

.data           0x0000000020000000       0x74 load address 0x0000000008007628
                0x0000000020000000                . = ALIGN (0x4)
                0x0000000020000000                _sdata = .
 *(.data)
 *(.data*)
 .data.SystemCoreClock
                0x0000000020000000        0x4 ./Core/Src/system_stm32f1xx.o
                0x0000000020000000                SystemCoreClock
 .data.uwTickPrio
                0x0000000020000004        0x4 ./Drivers/STM32F1xx_HAL_Driver/Src/stm32f1xx_hal.o
                0x0000000020000004                uwTickPrio
 .data.uwTickFreq
                0x0000000020000008        0x1 ./Drivers/STM32F1xx_HAL_Driver/Src/stm32f1xx_hal.o
                0x0000000020000008                uwTickFreq
 *fill*         0x0000000020000009        0x3 
 .data.uxCriticalNesting
                0x000000002000000c        0x4 ./Middlewares/Third_Party/FreeRTOS/Source/portable/GCC/ARM_CM3/port.o
 .data._impure_ptr
                0x0000000020000010        0x4 e:/stm32cubeide/stm32cubeide_1.11.2/stm32cubeide/plugins/com.st.stm32cube.ide.mcu.externaltools.gnu-tools-for-stm32.10.3-2021.10.win32_1.0.100.202210260954/tools/bin/../lib/gcc/arm-none-eabi/10.3.1/../../../../arm-none-eabi/lib/thumb/v7-m/nofp\libc_nano.a(lib_a-impure.o)
                0x0000000020000010                _impure_ptr
 .data.impure_data
                0x0000000020000014       0x60 e:/stm32cubeide/stm32cubeide_1.11.2/stm32cubeide/plugins/com.st.stm32cube.ide.mcu.externaltools.gnu-tools-for-stm32.10.3-2021.10.win32_1.0.100.202210260954/tools/bin/../lib/gcc/arm-none-eabi/10.3.1/../../../../arm-none-eabi/lib/thumb/v7-m/nofp\libc_nano.a(lib_a-impure.o)
 *(.RamFunc)
 *(.RamFunc*)
                0x0000000020000074                . = ALIGN (0x4)
                0x0000000020000074                _edata = .

.igot.plt       0x0000000020000074        0x0 load address 0x000000000800769c
 .igot.plt      0x0000000020000074        0x0 e:/stm32cubeide/stm32cubeide_1.11.2/stm32cubeide/plugins/com.st.stm32cube.ide.mcu.externaltools.gnu-tools-for-stm32.10.3-2021.10.win32_1.0.100.202210260954/tools/bin/../lib/gcc/arm-none-eabi/10.3.1/thumb/v7-m/nofp/crtbegin.o
                0x0000000020000074                . = ALIGN (0x4)

.bss            0x0000000020000074     0x436c load address 0x000000000800769c
                0x0000000020000074                _sbss = .
                0x0000000020000074                __bss_start__ = _sbss
 *(.bss)
 .bss           0x0000000020000074       0x1c e:/stm32cubeide/stm32cubeide_1.11.2/stm32cubeide/plugins/com.st.stm32cube.ide.mcu.externaltools.gnu-tools-for-stm32.10.3-2021.10.win32_1.0.100.202210260954/tools/bin/../lib/gcc/arm-none-eabi/10.3.1/thumb/v7-m/nofp/crtbegin.o
 *(.bss*)
 .bss.xUART1Sem
                0x0000000020000090        0x4 ./Core/Src/freertos.o
                0x0000000020000090                xUART1Sem
 .bss.xUART2Sem
                0x0000000020000094        0x4 ./Core/Src/freertos.o
                0x0000000020000094                xUART2Sem
 .bss.defaultTaskHandle
                0x0000000020000098        0x4 ./Core/Src/freertos.o
                0x0000000020000098                defaultTaskHandle
 .bss.defaultTaskBuffer
                0x000000002000009c      0x200 ./Core/Src/freertos.o
                0x000000002000009c                defaultTaskBuffer
 .bss.defaultTaskControlBlock
                0x000000002000029c       0x5c ./Core/Src/freertos.o
                0x000000002000029c                defaultTaskControlBlock
 .bss.UART1TaskHandle
                0x00000000200002f8        0x4 ./Core/Src/freertos.o
                0x00000000200002f8                UART1TaskHandle
 .bss.UART1TaskBuffer
                0x00000000200002fc      0x400 ./Core/Src/freertos.o
                0x00000000200002fc                UART1TaskBuffer
 .bss.UART1TaskControlBlock
                0x00000000200006fc       0x5c ./Core/Src/freertos.o
                0x00000000200006fc                UART1TaskControlBlock
 .bss.UART2TaskHandle
                0x0000000020000758        0x4 ./Core/Src/freertos.o
                0x0000000020000758                UART2TaskHandle
 .bss.UART2TaskBuffer
                0x000000002000075c      0x400 ./Core/Src/freertos.o
                0x000000002000075c                UART2TaskBuffer
 .bss.UART2TaskControlBlock
                0x0000000020000b5c       0x5c ./Core/Src/freertos.o
                0x0000000020000b5c                UART2TaskControlBlock
 .bss.UART3TaskHandle
                0x0000000020000bb8        0x4 ./Core/Src/freertos.o
                0x0000000020000bb8                UART3TaskHandle
 .bss.UART3TaskBuffer
                0x0000000020000bbc      0x400 ./Core/Src/freertos.o
                0x0000000020000bbc                UART3TaskBuffer
 .bss.UART3TaskControlBlock
                0x0000000020000fbc       0x5c ./Core/Src/freertos.o
                0x0000000020000fbc                UART3TaskControlBlock
 .bss.UARTQueueHandle
                0x0000000020001018        0x4 ./Core/Src/freertos.o
                0x0000000020001018                UARTQueueHandle
 .bss.UARTQueueBuffer
                0x000000002000101c     0x1040 ./Core/Src/freertos.o
                0x000000002000101c                UARTQueueBuffer
 .bss.UARTQueueControlBlock
                0x000000002000205c       0x50 ./Core/Src/freertos.o
                0x000000002000205c                UARTQueueControlBlock
 .bss.mav_state.3
                0x00000000200020ac        0x1 ./Core/Src/freertos.o
 *fill*         0x00000000200020ad        0x3 
 .bss.mav_msg.2
                0x00000000200020b0      0x10a ./Core/Src/freertos.o
 .bss.mav_state.1
                0x00000000200021ba        0x1 ./Core/Src/freertos.o
 *fill*         0x00000000200021bb        0x1 
 .bss.mav_msg.0
                0x00000000200021bc      0x10a ./Core/Src/freertos.o
 *fill*         0x00000000200022c6        0x2 
 .bss.htim4     0x00000000200022c8       0x48 ./Core/Src/stm32f1xx_hal_timebase_tim.o
                0x00000000200022c8                htim4
 .bss.last_dma_pos_uart1.1
                0x0000000020002310        0x2 ./Core/Src/stm32f1xx_it.o
 .bss.last_dma_pos.0
                0x0000000020002312        0x2 ./Core/Src/stm32f1xx_it.o
 .bss.__sbrk_heap_end
                0x0000000020002314        0x4 ./Core/Src/sysmem.o
 .bss.uart1_fifo
                0x0000000020002318        0xc ./Core/Src/usart.o
                0x0000000020002318                uart1_fifo
 .bss.uart2_fifo
                0x0000000020002324        0xc ./Core/Src/usart.o
                0x0000000020002324                uart2_fifo
 .bss.uart1_dma_rx_buf
                0x0000000020002330       0x80 ./Core/Src/usart.o
                0x0000000020002330                uart1_dma_rx_buf
 .bss.uart2_dma_rx_buf
                0x00000000200023b0       0x80 ./Core/Src/usart.o
                0x00000000200023b0                uart2_dma_rx_buf
 .bss.uart1_fifo_array
                0x0000000020002430       0x80 ./Core/Src/usart.o
                0x0000000020002430                uart1_fifo_array
 .bss.uart2_fifo_array
                0x00000000200024b0       0x80 ./Core/Src/usart.o
                0x00000000200024b0                uart2_fifo_array
 .bss.huart1    0x0000000020002530       0x44 ./Core/Src/usart.o
                0x0000000020002530                huart1
 .bss.huart2    0x0000000020002574       0x44 ./Core/Src/usart.o
                0x0000000020002574                huart2
 .bss.huart3    0x00000000200025b8       0x44 ./Core/Src/usart.o
                0x00000000200025b8                huart3
 .bss.hdma_usart1_rx
                0x00000000200025fc       0x44 ./Core/Src/usart.o
                0x00000000200025fc                hdma_usart1_rx
 .bss.hdma_usart2_rx
                0x0000000020002640       0x44 ./Core/Src/usart.o
                0x0000000020002640                hdma_usart2_rx
 .bss.uwTick    0x0000000020002684        0x4 ./Drivers/STM32F1xx_HAL_Driver/Src/stm32f1xx_hal.o
                0x0000000020002684                uwTick
 .bss.KernelState
                0x0000000020002688        0x4 ./Middlewares/Third_Party/FreeRTOS/Source/CMSIS_RTOS_V2/cmsis_os2.o
 .bss.Idle_TCB  0x000000002000268c       0x5c ./Middlewares/Third_Party/FreeRTOS/Source/CMSIS_RTOS_V2/cmsis_os2.o
 .bss.Idle_Stack
                0x00000000200026e8      0x200 ./Middlewares/Third_Party/FreeRTOS/Source/CMSIS_RTOS_V2/cmsis_os2.o
 .bss.Timer_TCB
                0x00000000200028e8       0x5c ./Middlewares/Third_Party/FreeRTOS/Source/CMSIS_RTOS_V2/cmsis_os2.o
 .bss.Timer_Stack
                0x0000000020002944      0x400 ./Middlewares/Third_Party/FreeRTOS/Source/CMSIS_RTOS_V2/cmsis_os2.o
 .bss.xQueueRegistry
                0x0000000020002d44       0x40 ./Middlewares/Third_Party/FreeRTOS/Source/queue.o
                0x0000000020002d44                xQueueRegistry
 .bss.pxCurrentTCB
                0x0000000020002d84        0x4 ./Middlewares/Third_Party/FreeRTOS/Source/tasks.o
                0x0000000020002d84                pxCurrentTCB
 .bss.pxReadyTasksLists
                0x0000000020002d88      0x460 ./Middlewares/Third_Party/FreeRTOS/Source/tasks.o
 .bss.xDelayedTaskList1
                0x00000000200031e8       0x14 ./Middlewares/Third_Party/FreeRTOS/Source/tasks.o
 .bss.xDelayedTaskList2
                0x00000000200031fc       0x14 ./Middlewares/Third_Party/FreeRTOS/Source/tasks.o
 .bss.pxDelayedTaskList
                0x0000000020003210        0x4 ./Middlewares/Third_Party/FreeRTOS/Source/tasks.o
 .bss.pxOverflowDelayedTaskList
                0x0000000020003214        0x4 ./Middlewares/Third_Party/FreeRTOS/Source/tasks.o
 .bss.xPendingReadyList
                0x0000000020003218       0x14 ./Middlewares/Third_Party/FreeRTOS/Source/tasks.o
 .bss.xTasksWaitingTermination
                0x000000002000322c       0x14 ./Middlewares/Third_Party/FreeRTOS/Source/tasks.o
 .bss.uxDeletedTasksWaitingCleanUp
                0x0000000020003240        0x4 ./Middlewares/Third_Party/FreeRTOS/Source/tasks.o
 .bss.xSuspendedTaskList
                0x0000000020003244       0x14 ./Middlewares/Third_Party/FreeRTOS/Source/tasks.o
 .bss.uxCurrentNumberOfTasks
                0x0000000020003258        0x4 ./Middlewares/Third_Party/FreeRTOS/Source/tasks.o
 .bss.xTickCount
                0x000000002000325c        0x4 ./Middlewares/Third_Party/FreeRTOS/Source/tasks.o
 .bss.uxTopReadyPriority
                0x0000000020003260        0x4 ./Middlewares/Third_Party/FreeRTOS/Source/tasks.o
 .bss.xSchedulerRunning
                0x0000000020003264        0x4 ./Middlewares/Third_Party/FreeRTOS/Source/tasks.o
 .bss.uxPendedTicks
                0x0000000020003268        0x4 ./Middlewares/Third_Party/FreeRTOS/Source/tasks.o
 .bss.xYieldPending
                0x000000002000326c        0x4 ./Middlewares/Third_Party/FreeRTOS/Source/tasks.o
 .bss.xNumOfOverflows
                0x0000000020003270        0x4 ./Middlewares/Third_Party/FreeRTOS/Source/tasks.o
 .bss.uxTaskNumber
                0x0000000020003274        0x4 ./Middlewares/Third_Party/FreeRTOS/Source/tasks.o
 .bss.xNextTaskUnblockTime
                0x0000000020003278        0x4 ./Middlewares/Third_Party/FreeRTOS/Source/tasks.o
 .bss.xIdleTaskHandle
                0x000000002000327c        0x4 ./Middlewares/Third_Party/FreeRTOS/Source/tasks.o
 .bss.uxSchedulerSuspended
                0x0000000020003280        0x4 ./Middlewares/Third_Party/FreeRTOS/Source/tasks.o
 .bss.xActiveTimerList1
                0x0000000020003284       0x14 ./Middlewares/Third_Party/FreeRTOS/Source/timers.o
 .bss.xActiveTimerList2
                0x0000000020003298       0x14 ./Middlewares/Third_Party/FreeRTOS/Source/timers.o
 .bss.pxCurrentTimerList
                0x00000000200032ac        0x4 ./Middlewares/Third_Party/FreeRTOS/Source/timers.o
 .bss.pxOverflowTimerList
                0x00000000200032b0        0x4 ./Middlewares/Third_Party/FreeRTOS/Source/timers.o
 .bss.xTimerQueue
                0x00000000200032b4        0x4 ./Middlewares/Third_Party/FreeRTOS/Source/timers.o
 .bss.xTimerTaskHandle
                0x00000000200032b8        0x4 ./Middlewares/Third_Party/FreeRTOS/Source/timers.o
 .bss.xLastTime.2
                0x00000000200032bc        0x4 ./Middlewares/Third_Party/FreeRTOS/Source/timers.o
 .bss.ucStaticTimerQueueStorage.1
                0x00000000200032c0       0xa0 ./Middlewares/Third_Party/FreeRTOS/Source/timers.o
 .bss.xStaticTimerQueue.0
                0x0000000020003360       0x50 ./Middlewares/Third_Party/FreeRTOS/Source/timers.o
 .bss.ucMaxSysCallPriority
                0x00000000200033b0        0x1 ./Middlewares/Third_Party/FreeRTOS/Source/portable/GCC/ARM_CM3/port.o
 *fill*         0x00000000200033b1        0x3 
 .bss.ulMaxPRIGROUPValue
                0x00000000200033b4        0x4 ./Middlewares/Third_Party/FreeRTOS/Source/portable/GCC/ARM_CM3/port.o
 .bss.ucHeap    0x00000000200033b8     0x1000 ./Middlewares/Third_Party/FreeRTOS/Source/portable/MemMang/heap_4.o
 .bss.xStart    0x00000000200043b8        0x8 ./Middlewares/Third_Party/FreeRTOS/Source/portable/MemMang/heap_4.o
 .bss.pxEnd     0x00000000200043c0        0x4 ./Middlewares/Third_Party/FreeRTOS/Source/portable/MemMang/heap_4.o
 .bss.xFreeBytesRemaining
                0x00000000200043c4        0x4 ./Middlewares/Third_Party/FreeRTOS/Source/portable/MemMang/heap_4.o
 .bss.xMinimumEverFreeBytesRemaining
                0x00000000200043c8        0x4 ./Middlewares/Third_Party/FreeRTOS/Source/portable/MemMang/heap_4.o
 .bss.xBlockAllocatedBit
                0x00000000200043cc        0x4 ./Middlewares/Third_Party/FreeRTOS/Source/portable/MemMang/heap_4.o
 .bss.__malloc_free_list
                0x00000000200043d0        0x4 e:/stm32cubeide/stm32cubeide_1.11.2/stm32cubeide/plugins/com.st.stm32cube.ide.mcu.externaltools.gnu-tools-for-stm32.10.3-2021.10.win32_1.0.100.202210260954/tools/bin/../lib/gcc/arm-none-eabi/10.3.1/../../../../arm-none-eabi/lib/thumb/v7-m/nofp\libc_nano.a(lib_a-nano-mallocr.o)
                0x00000000200043d0                __malloc_free_list
 .bss.__malloc_sbrk_start
                0x00000000200043d4        0x4 e:/stm32cubeide/stm32cubeide_1.11.2/stm32cubeide/plugins/com.st.stm32cube.ide.mcu.externaltools.gnu-tools-for-stm32.10.3-2021.10.win32_1.0.100.202210260954/tools/bin/../lib/gcc/arm-none-eabi/10.3.1/../../../../arm-none-eabi/lib/thumb/v7-m/nofp\libc_nano.a(lib_a-nano-mallocr.o)
                0x00000000200043d4                __malloc_sbrk_start
 .bss.errno     0x00000000200043d8        0x4 e:/stm32cubeide/stm32cubeide_1.11.2/stm32cubeide/plugins/com.st.stm32cube.ide.mcu.externaltools.gnu-tools-for-stm32.10.3-2021.10.win32_1.0.100.202210260954/tools/bin/../lib/gcc/arm-none-eabi/10.3.1/../../../../arm-none-eabi/lib/thumb/v7-m/nofp\libc_nano.a(lib_a-reent.o)
                0x00000000200043d8                errno
 .bss.__lock___malloc_recursive_mutex
                0x00000000200043dc        0x1 e:/stm32cubeide/stm32cubeide_1.11.2/stm32cubeide/plugins/com.st.stm32cube.ide.mcu.externaltools.gnu-tools-for-stm32.10.3-2021.10.win32_1.0.100.202210260954/tools/bin/../lib/gcc/arm-none-eabi/10.3.1/../../../../arm-none-eabi/lib/thumb/v7-m/nofp\libc_nano.a(lib_a-lock.o)
                0x00000000200043dc                __lock___malloc_recursive_mutex
 *(COMMON)
                0x00000000200043e0                . = ALIGN (0x4)
 *fill*         0x00000000200043dd        0x3 
                0x00000000200043e0                _ebss = .
                0x00000000200043e0                __bss_end__ = _ebss

._user_heap_stack
                0x00000000200043e0      0x600 load address 0x000000000800769c
                0x00000000200043e0                . = ALIGN (0x8)
                [!provide]                        PROVIDE (end = .)
                0x00000000200043e0                PROVIDE (_end = .)
                0x00000000200045e0                . = (. + _Min_Heap_Size)
 *fill*         0x00000000200043e0      0x200 
                0x00000000200049e0                . = (. + _Min_Stack_Size)
 *fill*         0x00000000200045e0      0x400 
                0x00000000200049e0                . = ALIGN (0x8)

/DISCARD/
 libc.a(*)
 libm.a(*)
 libgcc.a(*)

.ARM.attributes
                0x0000000000000000       0x29
 *(.ARM.attributes)
 .ARM.attributes
                0x0000000000000000       0x1d e:/stm32cubeide/stm32cubeide_1.11.2/stm32cubeide/plugins/com.st.stm32cube.ide.mcu.externaltools.gnu-tools-for-stm32.10.3-2021.10.win32_1.0.100.202210260954/tools/bin/../lib/gcc/arm-none-eabi/10.3.1/thumb/v7-m/nofp/crti.o
 .ARM.attributes
                0x000000000000001d       0x2d e:/stm32cubeide/stm32cubeide_1.11.2/stm32cubeide/plugins/com.st.stm32cube.ide.mcu.externaltools.gnu-tools-for-stm32.10.3-2021.10.win32_1.0.100.202210260954/tools/bin/../lib/gcc/arm-none-eabi/10.3.1/thumb/v7-m/nofp/crtbegin.o
 .ARM.attributes
                0x000000000000004a       0x2d ./Core/Src/dma.o
 .ARM.attributes
                0x0000000000000077       0x2d ./Core/Src/fifo.o
 .ARM.attributes
                0x00000000000000a4       0x2d ./Core/Src/freertos.o
 .ARM.attributes
                0x00000000000000d1       0x2d ./Core/Src/gpio.o
 .ARM.attributes
                0x00000000000000fe       0x2d ./Core/Src/main.o
 .ARM.attributes
                0x000000000000012b       0x2d ./Core/Src/stm32f1xx_hal_msp.o
 .ARM.attributes
                0x0000000000000158       0x2d ./Core/Src/stm32f1xx_hal_timebase_tim.o
 .ARM.attributes
                0x0000000000000185       0x2d ./Core/Src/stm32f1xx_it.o
 .ARM.attributes
                0x00000000000001b2       0x2d ./Core/Src/sysmem.o
 .ARM.attributes
                0x00000000000001df       0x2d ./Core/Src/system_stm32f1xx.o
 .ARM.attributes
                0x000000000000020c       0x2d ./Core/Src/usart.o
 .ARM.attributes
                0x0000000000000239       0x21 ./Core/Startup/startup_stm32f103rbtx.o
 .ARM.attributes
                0x000000000000025a       0x2d ./Drivers/STM32F1xx_HAL_Driver/Src/stm32f1xx_hal.o
 .ARM.attributes
                0x0000000000000287       0x2d ./Drivers/STM32F1xx_HAL_Driver/Src/stm32f1xx_hal_cortex.o
 .ARM.attributes
                0x00000000000002b4       0x2d ./Drivers/STM32F1xx_HAL_Driver/Src/stm32f1xx_hal_dma.o
 .ARM.attributes
                0x00000000000002e1       0x2d ./Drivers/STM32F1xx_HAL_Driver/Src/stm32f1xx_hal_gpio.o
 .ARM.attributes
                0x000000000000030e       0x2d ./Drivers/STM32F1xx_HAL_Driver/Src/stm32f1xx_hal_rcc.o
 .ARM.attributes
                0x000000000000033b       0x2d ./Drivers/STM32F1xx_HAL_Driver/Src/stm32f1xx_hal_tim.o
 .ARM.attributes
                0x0000000000000368       0x2d ./Drivers/STM32F1xx_HAL_Driver/Src/stm32f1xx_hal_tim_ex.o
 .ARM.attributes
                0x0000000000000395       0x2d ./Drivers/STM32F1xx_HAL_Driver/Src/stm32f1xx_hal_uart.o
 .ARM.attributes
                0x00000000000003c2       0x2d ./Middlewares/MAVLink/MAVLinkV1.o
 .ARM.attributes
                0x00000000000003ef       0x2d ./Middlewares/Third_Party/FreeRTOS/Source/CMSIS_RTOS_V2/cmsis_os2.o
 .ARM.attributes
                0x000000000000041c       0x2d ./Middlewares/Third_Party/FreeRTOS/Source/list.o
 .ARM.attributes
                0x0000000000000449       0x2d ./Middlewares/Third_Party/FreeRTOS/Source/queue.o
 .ARM.attributes
                0x0000000000000476       0x2d ./Middlewares/Third_Party/FreeRTOS/Source/tasks.o
 .ARM.attributes
                0x00000000000004a3       0x2d ./Middlewares/Third_Party/FreeRTOS/Source/timers.o
 .ARM.attributes
                0x00000000000004d0       0x2d ./Middlewares/Third_Party/FreeRTOS/Source/portable/GCC/ARM_CM3/port.o
 .ARM.attributes
                0x00000000000004fd       0x2d ./Middlewares/Third_Party/FreeRTOS/Source/portable/MemMang/heap_4.o
 .ARM.attributes
                0x000000000000052a       0x2d e:/stm32cubeide/stm32cubeide_1.11.2/stm32cubeide/plugins/com.st.stm32cube.ide.mcu.externaltools.gnu-tools-for-stm32.10.3-2021.10.win32_1.0.100.202210260954/tools/bin/../lib/gcc/arm-none-eabi/10.3.1/../../../../arm-none-eabi/lib/thumb/v7-m/nofp\libc_nano.a(lib_a-errno.o)
 .ARM.attributes
                0x0000000000000557       0x2d e:/stm32cubeide/stm32cubeide_1.11.2/stm32cubeide/plugins/com.st.stm32cube.ide.mcu.externaltools.gnu-tools-for-stm32.10.3-2021.10.win32_1.0.100.202210260954/tools/bin/../lib/gcc/arm-none-eabi/10.3.1/../../../../arm-none-eabi/lib/thumb/v7-m/nofp\libc_nano.a(lib_a-impure.o)
 .ARM.attributes
                0x0000000000000584       0x2d e:/stm32cubeide/stm32cubeide_1.11.2/stm32cubeide/plugins/com.st.stm32cube.ide.mcu.externaltools.gnu-tools-for-stm32.10.3-2021.10.win32_1.0.100.202210260954/tools/bin/../lib/gcc/arm-none-eabi/10.3.1/../../../../arm-none-eabi/lib/thumb/v7-m/nofp\libc_nano.a(lib_a-init.o)
 .ARM.attributes
                0x00000000000005b1       0x2d e:/stm32cubeide/stm32cubeide_1.11.2/stm32cubeide/plugins/com.st.stm32cube.ide.mcu.externaltools.gnu-tools-for-stm32.10.3-2021.10.win32_1.0.100.202210260954/tools/bin/../lib/gcc/arm-none-eabi/10.3.1/../../../../arm-none-eabi/lib/thumb/v7-m/nofp\libc_nano.a(lib_a-memcpy-stub.o)
 .ARM.attributes
                0x00000000000005de       0x2d e:/stm32cubeide/stm32cubeide_1.11.2/stm32cubeide/plugins/com.st.stm32cube.ide.mcu.externaltools.gnu-tools-for-stm32.10.3-2021.10.win32_1.0.100.202210260954/tools/bin/../lib/gcc/arm-none-eabi/10.3.1/../../../../arm-none-eabi/lib/thumb/v7-m/nofp\libc_nano.a(lib_a-memset.o)
 .ARM.attributes
                0x000000000000060b       0x2d e:/stm32cubeide/stm32cubeide_1.11.2/stm32cubeide/plugins/com.st.stm32cube.ide.mcu.externaltools.gnu-tools-for-stm32.10.3-2021.10.win32_1.0.100.202210260954/tools/bin/../lib/gcc/arm-none-eabi/10.3.1/../../../../arm-none-eabi/lib/thumb/v7-m/nofp\libc_nano.a(lib_a-snprintf.o)
 .ARM.attributes
                0x0000000000000638       0x2d e:/stm32cubeide/stm32cubeide_1.11.2/stm32cubeide/plugins/com.st.stm32cube.ide.mcu.externaltools.gnu-tools-for-stm32.10.3-2021.10.win32_1.0.100.202210260954/tools/bin/../lib/gcc/arm-none-eabi/10.3.1/../../../../arm-none-eabi/lib/thumb/v7-m/nofp\libc_nano.a(lib_a-nano-svfprintf.o)
 .ARM.attributes
                0x0000000000000665       0x2d e:/stm32cubeide/stm32cubeide_1.11.2/stm32cubeide/plugins/com.st.stm32cube.ide.mcu.externaltools.gnu-tools-for-stm32.10.3-2021.10.win32_1.0.100.202210260954/tools/bin/../lib/gcc/arm-none-eabi/10.3.1/../../../../arm-none-eabi/lib/thumb/v7-m/nofp\libc_nano.a(lib_a-nano-vfprintf_i.o)
 .ARM.attributes
                0x0000000000000692       0x2d e:/stm32cubeide/stm32cubeide_1.11.2/stm32cubeide/plugins/com.st.stm32cube.ide.mcu.externaltools.gnu-tools-for-stm32.10.3-2021.10.win32_1.0.100.202210260954/tools/bin/../lib/gcc/arm-none-eabi/10.3.1/../../../../arm-none-eabi/lib/thumb/v7-m/nofp\libc_nano.a(lib_a-memchr-stub.o)
 .ARM.attributes
                0x00000000000006bf       0x2d e:/stm32cubeide/stm32cubeide_1.11.2/stm32cubeide/plugins/com.st.stm32cube.ide.mcu.externaltools.gnu-tools-for-stm32.10.3-2021.10.win32_1.0.100.202210260954/tools/bin/../lib/gcc/arm-none-eabi/10.3.1/../../../../arm-none-eabi/lib/thumb/v7-m/nofp\libc_nano.a(lib_a-memmove.o)
 .ARM.attributes
                0x00000000000006ec       0x2d e:/stm32cubeide/stm32cubeide_1.11.2/stm32cubeide/plugins/com.st.stm32cube.ide.mcu.externaltools.gnu-tools-for-stm32.10.3-2021.10.win32_1.0.100.202210260954/tools/bin/../lib/gcc/arm-none-eabi/10.3.1/../../../../arm-none-eabi/lib/thumb/v7-m/nofp\libc_nano.a(lib_a-nano-freer.o)
 .ARM.attributes
                0x0000000000000719       0x2d e:/stm32cubeide/stm32cubeide_1.11.2/stm32cubeide/plugins/com.st.stm32cube.ide.mcu.externaltools.gnu-tools-for-stm32.10.3-2021.10.win32_1.0.100.202210260954/tools/bin/../lib/gcc/arm-none-eabi/10.3.1/../../../../arm-none-eabi/lib/thumb/v7-m/nofp\libc_nano.a(lib_a-nano-mallocr.o)
 .ARM.attributes
                0x0000000000000746       0x2d e:/stm32cubeide/stm32cubeide_1.11.2/stm32cubeide/plugins/com.st.stm32cube.ide.mcu.externaltools.gnu-tools-for-stm32.10.3-2021.10.win32_1.0.100.202210260954/tools/bin/../lib/gcc/arm-none-eabi/10.3.1/../../../../arm-none-eabi/lib/thumb/v7-m/nofp\libc_nano.a(lib_a-nano-reallocr.o)
 .ARM.attributes
                0x0000000000000773       0x2d e:/stm32cubeide/stm32cubeide_1.11.2/stm32cubeide/plugins/com.st.stm32cube.ide.mcu.externaltools.gnu-tools-for-stm32.10.3-2021.10.win32_1.0.100.202210260954/tools/bin/../lib/gcc/arm-none-eabi/10.3.1/../../../../arm-none-eabi/lib/thumb/v7-m/nofp\libc_nano.a(lib_a-sbrkr.o)
 .ARM.attributes
                0x00000000000007a0       0x2d e:/stm32cubeide/stm32cubeide_1.11.2/stm32cubeide/plugins/com.st.stm32cube.ide.mcu.externaltools.gnu-tools-for-stm32.10.3-2021.10.win32_1.0.100.202210260954/tools/bin/../lib/gcc/arm-none-eabi/10.3.1/../../../../arm-none-eabi/lib/thumb/v7-m/nofp\libc_nano.a(lib_a-mlock.o)
 .ARM.attributes
                0x00000000000007cd       0x2d e:/stm32cubeide/stm32cubeide_1.11.2/stm32cubeide/plugins/com.st.stm32cube.ide.mcu.externaltools.gnu-tools-for-stm32.10.3-2021.10.win32_1.0.100.202210260954/tools/bin/../lib/gcc/arm-none-eabi/10.3.1/../../../../arm-none-eabi/lib/thumb/v7-m/nofp\libc_nano.a(lib_a-nano-msizer.o)
 .ARM.attributes
                0x00000000000007fa       0x2d e:/stm32cubeide/stm32cubeide_1.11.2/stm32cubeide/plugins/com.st.stm32cube.ide.mcu.externaltools.gnu-tools-for-stm32.10.3-2021.10.win32_1.0.100.202210260954/tools/bin/../lib/gcc/arm-none-eabi/10.3.1/../../../../arm-none-eabi/lib/thumb/v7-m/nofp\libc_nano.a(lib_a-reent.o)
 .ARM.attributes
                0x0000000000000827       0x2d e:/stm32cubeide/stm32cubeide_1.11.2/stm32cubeide/plugins/com.st.stm32cube.ide.mcu.externaltools.gnu-tools-for-stm32.10.3-2021.10.win32_1.0.100.202210260954/tools/bin/../lib/gcc/arm-none-eabi/10.3.1/../../../../arm-none-eabi/lib/thumb/v7-m/nofp\libc_nano.a(lib_a-lock.o)
 .ARM.attributes
                0x0000000000000854       0x1d e:/stm32cubeide/stm32cubeide_1.11.2/stm32cubeide/plugins/com.st.stm32cube.ide.mcu.externaltools.gnu-tools-for-stm32.10.3-2021.10.win32_1.0.100.202210260954/tools/bin/../lib/gcc/arm-none-eabi/10.3.1/thumb/v7-m/nofp/crtn.o
OUTPUT(Data_communication_project.elf elf32-littlearm)
LOAD linker stubs
LOAD e:/stm32cubeide/stm32cubeide_1.11.2/stm32cubeide/plugins/com.st.stm32cube.ide.mcu.externaltools.gnu-tools-for-stm32.10.3-2021.10.win32_1.0.100.202210260954/tools/bin/../lib/gcc/arm-none-eabi/10.3.1/../../../../arm-none-eabi/lib/thumb/v7-m/nofp\libc.a
LOAD e:/stm32cubeide/stm32cubeide_1.11.2/stm32cubeide/plugins/com.st.stm32cube.ide.mcu.externaltools.gnu-tools-for-stm32.10.3-2021.10.win32_1.0.100.202210260954/tools/bin/../lib/gcc/arm-none-eabi/10.3.1/../../../../arm-none-eabi/lib/thumb/v7-m/nofp\libm.a
LOAD e:/stm32cubeide/stm32cubeide_1.11.2/stm32cubeide/plugins/com.st.stm32cube.ide.mcu.externaltools.gnu-tools-for-stm32.10.3-2021.10.win32_1.0.100.202210260954/tools/bin/../lib/gcc/arm-none-eabi/10.3.1/thumb/v7-m/nofp\libgcc.a

.debug_info     0x0000000000000000    0x16dfc
 .debug_info    0x0000000000000000      0x2e6 ./Core/Src/dma.o
 .debug_info    0x00000000000002e6      0x255 ./Core/Src/fifo.o
 .debug_info    0x000000000000053b     0x1355 ./Core/Src/freertos.o
 .debug_info    0x0000000000001890      0x48e ./Core/Src/gpio.o
 .debug_info    0x0000000000001d1e      0xb8b ./Core/Src/main.o
 .debug_info    0x00000000000028a9      0x380 ./Core/Src/stm32f1xx_hal_msp.o
 .debug_info    0x0000000000002c29      0x9f8 ./Core/Src/stm32f1xx_hal_timebase_tim.o
 .debug_info    0x0000000000003621      0xcb9 ./Core/Src/stm32f1xx_it.o
 .debug_info    0x00000000000042da      0x171 ./Core/Src/sysmem.o
 .debug_info    0x000000000000444b      0x23d ./Core/Src/system_stm32f1xx.o
 .debug_info    0x0000000000004688      0xbb2 ./Core/Src/usart.o
 .debug_info    0x000000000000523a       0x22 ./Core/Startup/startup_stm32f103rbtx.o
 .debug_info    0x000000000000525c      0x734 ./Drivers/STM32F1xx_HAL_Driver/Src/stm32f1xx_hal.o
 .debug_info    0x0000000000005990      0xb20 ./Drivers/STM32F1xx_HAL_Driver/Src/stm32f1xx_hal_cortex.o
 .debug_info    0x00000000000064b0      0x73f ./Drivers/STM32F1xx_HAL_Driver/Src/stm32f1xx_hal_dma.o
 .debug_info    0x0000000000006bef      0x615 ./Drivers/STM32F1xx_HAL_Driver/Src/stm32f1xx_hal_gpio.o
 .debug_info    0x0000000000007204      0x860 ./Drivers/STM32F1xx_HAL_Driver/Src/stm32f1xx_hal_rcc.o
 .debug_info    0x0000000000007a64     0x29de ./Drivers/STM32F1xx_HAL_Driver/Src/stm32f1xx_hal_tim.o
 .debug_info    0x000000000000a442     0x1513 ./Drivers/STM32F1xx_HAL_Driver/Src/stm32f1xx_hal_tim_ex.o
 .debug_info    0x000000000000b955     0x15d8 ./Drivers/STM32F1xx_HAL_Driver/Src/stm32f1xx_hal_uart.o
 .debug_info    0x000000000000cf2d      0x49e ./Middlewares/MAVLink/MAVLinkV1.o
 .debug_info    0x000000000000d3cb     0x3bef ./Middlewares/Third_Party/FreeRTOS/Source/CMSIS_RTOS_V2/cmsis_os2.o
 .debug_info    0x0000000000010fba      0x2cb ./Middlewares/Third_Party/FreeRTOS/Source/list.o
 .debug_info    0x0000000000011285     0x1bf9 ./Middlewares/Third_Party/FreeRTOS/Source/queue.o
 .debug_info    0x0000000000012e7e     0x224a ./Middlewares/Third_Party/FreeRTOS/Source/tasks.o
 .debug_info    0x00000000000150c8     0x1495 ./Middlewares/Third_Party/FreeRTOS/Source/timers.o
 .debug_info    0x000000000001655d      0x4b7 ./Middlewares/Third_Party/FreeRTOS/Source/portable/GCC/ARM_CM3/port.o
 .debug_info    0x0000000000016a14      0x3e8 ./Middlewares/Third_Party/FreeRTOS/Source/portable/MemMang/heap_4.o

.debug_abbrev   0x0000000000000000     0x39d8
 .debug_abbrev  0x0000000000000000       0xf8 ./Core/Src/dma.o
 .debug_abbrev  0x00000000000000f8       0xf5 ./Core/Src/fifo.o
 .debug_abbrev  0x00000000000001ed      0x2b8 ./Core/Src/freertos.o
 .debug_abbrev  0x00000000000004a5      0x152 ./Core/Src/gpio.o
 .debug_abbrev  0x00000000000005f7      0x224 ./Core/Src/main.o
 .debug_abbrev  0x000000000000081b      0x115 ./Core/Src/stm32f1xx_hal_msp.o
 .debug_abbrev  0x0000000000000930      0x1e6 ./Core/Src/stm32f1xx_hal_timebase_tim.o
 .debug_abbrev  0x0000000000000b16      0x26a ./Core/Src/stm32f1xx_it.o
 .debug_abbrev  0x0000000000000d80       0xbb ./Core/Src/sysmem.o
 .debug_abbrev  0x0000000000000e3b      0x13b ./Core/Src/system_stm32f1xx.o
 .debug_abbrev  0x0000000000000f76      0x262 ./Core/Src/usart.o
 .debug_abbrev  0x00000000000011d8       0x12 ./Core/Startup/startup_stm32f103rbtx.o
 .debug_abbrev  0x00000000000011ea      0x1fb ./Drivers/STM32F1xx_HAL_Driver/Src/stm32f1xx_hal.o
 .debug_abbrev  0x00000000000013e5      0x2ed ./Drivers/STM32F1xx_HAL_Driver/Src/stm32f1xx_hal_cortex.o
 .debug_abbrev  0x00000000000016d2      0x1fe ./Drivers/STM32F1xx_HAL_Driver/Src/stm32f1xx_hal_dma.o
 .debug_abbrev  0x00000000000018d0      0x1bb ./Drivers/STM32F1xx_HAL_Driver/Src/stm32f1xx_hal_gpio.o
 .debug_abbrev  0x0000000000001a8b      0x2a8 ./Drivers/STM32F1xx_HAL_Driver/Src/stm32f1xx_hal_rcc.o
 .debug_abbrev  0x0000000000001d33      0x25d ./Drivers/STM32F1xx_HAL_Driver/Src/stm32f1xx_hal_tim.o
 .debug_abbrev  0x0000000000001f90      0x265 ./Drivers/STM32F1xx_HAL_Driver/Src/stm32f1xx_hal_tim_ex.o
 .debug_abbrev  0x00000000000021f5      0x278 ./Drivers/STM32F1xx_HAL_Driver/Src/stm32f1xx_hal_uart.o
 .debug_abbrev  0x000000000000246d      0x19b ./Middlewares/MAVLink/MAVLinkV1.o
 .debug_abbrev  0x0000000000002608      0x414 ./Middlewares/Third_Party/FreeRTOS/Source/CMSIS_RTOS_V2/cmsis_os2.o
 .debug_abbrev  0x0000000000002a1c       0xf2 ./Middlewares/Third_Party/FreeRTOS/Source/list.o
 .debug_abbrev  0x0000000000002b0e      0x3ba ./Middlewares/Third_Party/FreeRTOS/Source/queue.o
 .debug_abbrev  0x0000000000002ec8      0x37d ./Middlewares/Third_Party/FreeRTOS/Source/tasks.o
 .debug_abbrev  0x0000000000003245      0x33d ./Middlewares/Third_Party/FreeRTOS/Source/timers.o
 .debug_abbrev  0x0000000000003582      0x257 ./Middlewares/Third_Party/FreeRTOS/Source/portable/GCC/ARM_CM3/port.o
 .debug_abbrev  0x00000000000037d9      0x1ff ./Middlewares/Third_Party/FreeRTOS/Source/portable/MemMang/heap_4.o

.debug_aranges  0x0000000000000000     0x14b0
 .debug_aranges
                0x0000000000000000       0x20 ./Core/Src/dma.o
 .debug_aranges
                0x0000000000000020       0x38 ./Core/Src/fifo.o
 .debug_aranges
                0x0000000000000058       0x40 ./Core/Src/freertos.o
 .debug_aranges
                0x0000000000000098       0x20 ./Core/Src/gpio.o
 .debug_aranges
                0x00000000000000b8       0x38 ./Core/Src/main.o
 .debug_aranges
                0x00000000000000f0       0x20 ./Core/Src/stm32f1xx_hal_msp.o
 .debug_aranges
                0x0000000000000110       0x30 ./Core/Src/stm32f1xx_hal_timebase_tim.o
 .debug_aranges
                0x0000000000000140       0x80 ./Core/Src/stm32f1xx_it.o
 .debug_aranges
                0x00000000000001c0       0x20 ./Core/Src/sysmem.o
 .debug_aranges
                0x00000000000001e0       0x28 ./Core/Src/system_stm32f1xx.o
 .debug_aranges
                0x0000000000000208       0x40 ./Core/Src/usart.o
 .debug_aranges
                0x0000000000000248       0x28 ./Core/Startup/startup_stm32f103rbtx.o
 .debug_aranges
                0x0000000000000270       0xe0 ./Drivers/STM32F1xx_HAL_Driver/Src/stm32f1xx_hal.o
 .debug_aranges
                0x0000000000000350      0x100 ./Drivers/STM32F1xx_HAL_Driver/Src/stm32f1xx_hal_cortex.o
 .debug_aranges
                0x0000000000000450       0x80 ./Drivers/STM32F1xx_HAL_Driver/Src/stm32f1xx_hal_dma.o
 .debug_aranges
                0x00000000000004d0       0x58 ./Drivers/STM32F1xx_HAL_Driver/Src/stm32f1xx_hal_gpio.o
 .debug_aranges
                0x0000000000000528       0x90 ./Drivers/STM32F1xx_HAL_Driver/Src/stm32f1xx_hal_rcc.o
 .debug_aranges
                0x00000000000005b8      0x3d0 ./Drivers/STM32F1xx_HAL_Driver/Src/stm32f1xx_hal_tim.o
 .debug_aranges
                0x0000000000000988      0x168 ./Drivers/STM32F1xx_HAL_Driver/Src/stm32f1xx_hal_tim_ex.o
 .debug_aranges
                0x0000000000000af0      0x200 ./Drivers/STM32F1xx_HAL_Driver/Src/stm32f1xx_hal_uart.o
 .debug_aranges
                0x0000000000000cf0       0x60 ./Middlewares/MAVLink/MAVLinkV1.o
 .debug_aranges
                0x0000000000000d50      0x228 ./Middlewares/Third_Party/FreeRTOS/Source/CMSIS_RTOS_V2/cmsis_os2.o
 .debug_aranges
                0x0000000000000f78       0x40 ./Middlewares/Third_Party/FreeRTOS/Source/list.o
 .debug_aranges
                0x0000000000000fb8      0x158 ./Middlewares/Third_Party/FreeRTOS/Source/queue.o
 .debug_aranges
                0x0000000000001110      0x1f8 ./Middlewares/Third_Party/FreeRTOS/Source/tasks.o
 .debug_aranges
                0x0000000000001308       0xe0 ./Middlewares/Third_Party/FreeRTOS/Source/timers.o
 .debug_aranges
                0x00000000000013e8       0x78 ./Middlewares/Third_Party/FreeRTOS/Source/portable/GCC/ARM_CM3/port.o
 .debug_aranges
                0x0000000000001460       0x50 ./Middlewares/Third_Party/FreeRTOS/Source/portable/MemMang/heap_4.o

.debug_ranges   0x0000000000000000     0x1340
 .debug_ranges  0x0000000000000000       0x10 ./Core/Src/dma.o
 .debug_ranges  0x0000000000000010       0x40 ./Core/Src/fifo.o