../Core/Src/stm32f1xx_it.c:95:6:NMI_Handler	4	static
../Core/Src/stm32f1xx_it.c:110:6:HardFault_Handler	8	static
../Core/Src/stm32f1xx_it.c:126:6:MemManage_Handler	4	static
../Core/Src/stm32f1xx_it.c:141:6:BusFault_Handler	4	static
../Core/Src/stm32f1xx_it.c:156:6:UsageFault_Handler	4	static
../Core/Src/stm32f1xx_it.c:171:6:DebugMon_Handler	4	static
../Core/Src/stm32f1xx_it.c:191:6:DMA1_Channel5_IRQHandler	8	static
../Core/Src/stm32f1xx_it.c:205:6:DMA1_Channel6_IRQHandler	8	static
../Core/Src/stm32f1xx_it.c:219:6:TIM4_IRQHandler	8	static
../Core/Src/stm32f1xx_it.c:234:6:USART1_IRQHandler	24	static,ignoring_inline_asm
../Core/Src/stm32f1xx_it.c:272:6:USART2_IRQHandler	24	static,ignoring_inline_asm
../Core/Src/stm32f1xx_it.c:310:6:USART3_IRQHandler	8	static
../Core/Src/stm32f1xx_it.c:324:6:EXTI15_10_IRQHandler	8	static
