../Core/Src/stm32f1xx_it.c:96:6:NMI_Handler	4	static
../Core/Src/stm32f1xx_it.c:111:6:HardFault_Handler	8	static
../Core/Src/stm32f1xx_it.c:127:6:MemManage_Handler	4	static
../Core/Src/stm32f1xx_it.c:142:6:BusFault_Handler	4	static
../Core/Src/stm32f1xx_it.c:157:6:UsageFault_Handler	4	static
../Core/Src/stm32f1xx_it.c:172:6:DebugMon_Handler	4	static
../Core/Src/stm32f1xx_it.c:192:6:DMA1_Channel2_IRQHandler	8	static
../Core/Src/stm32f1xx_it.c:197:6:DMA1_Channel5_IRQHandler	8	static
../Core/Src/stm32f1xx_it.c:211:6:DMA1_Channel6_IRQHandler	8	static
../Core/Src/stm32f1xx_it.c:225:6:TIM4_IRQHandler	8	static
../Core/Src/stm32f1xx_it.c:240:6:USART1_IRQHandler	24	static,ignoring_inline_asm
../Core/Src/stm32f1xx_it.c:278:6:USART2_IRQHandler	24	static,ignoring_inline_asm
../Core/Src/stm32f1xx_it.c:316:6:USART3_IRQHandler	8	static
../Core/Src/stm32f1xx_it.c:330:6:EXTI15_10_IRQHandler	8	static
../Core/Src/stm32f1xx_it.c:372:6:HAL_UART_TxCpltCallback	24	static,ignoring_inline_asm
