../Middlewares/MAVLink/common/../checksum.h:34:20:crc_accumulate	24	static
../Middlewares/MAVLink/common/../checksum.h:51:20:crc_init	16	static
../Middlewares/MAVLink/common/../mavlink_helpers.h:21:34:mavlink_get_channel_status	16	static
../Middlewares/MAVLink/common/../mavlink_helpers.h:37:35:mavlink_get_channel_buffer	16	static
../Middlewares/MAVLink/common/../mavlink_helpers.h:220:25:mavlink_msg_to_send_buffer	24	static
../Middlewares/MAVLink/common/../mavlink_helpers.h:242:21:mavlink_start_checksum	16	static
../Middlewares/MAVLink/common/../mavlink_helpers.h:247:21:mavlink_update_checksum	16	static
../Middlewares/MAVLink/common/../mavlink_helpers.h:265:24:mavlink_frame_char_buffer	24	static
../Middlewares/MAVLink/common/../mavlink_helpers.h:488:24:mavlink_frame_char	40	static
../Middlewares/MAVLink/common/../mavlink_helpers.h:539:24:mavlink_parse_char	40	static
../Core/Src/freertos.c:134:6:MX_FREERTOS_Init	8	static
../Core/Src/freertos.c:192:6:StartDefaultTask	16	static
../Core/Src/freertos.c:210:6:StartUART1Task	576	static
../Core/Src/freertos.c:248:6:StartUART2Task	576	static
../Core/Src/freertos.c:282:6:StartUART3Task	560	static
