Archive member included to satisfy reference by file (symbol)

e:/stm32cubeide/stm32cubeide_1.11.2/stm32cubeide/plugins/com.st.stm32cube.ide.mcu.externaltools.gnu-tools-for-stm32.10.3-2021.10.win32_1.0.100.202210260954/tools/bin/../lib/gcc/arm-none-eabi/10.3.1/../../../../arm-none-eabi/lib/thumb/v7-m/nofp\libc_nano.a(lib_a-errno.o)
                              ./Core/Src/syscalls.o (__errno)
e:/stm32cubeide/stm32cubeide_1.11.2/stm32cubeide/plugins/com.st.stm32cube.ide.mcu.externaltools.gnu-tools-for-stm32.10.3-2021.10.win32_1.0.100.202210260954/tools/bin/../lib/gcc/arm-none-eabi/10.3.1/../../../../arm-none-eabi/lib/thumb/v7-m/nofp\libc_nano.a(lib_a-exit.o)
                              e:/stm32cubeide/stm32cubeide_1.11.2/stm32cubeide/plugins/com.st.stm32cube.ide.mcu.externaltools.gnu-tools-for-stm32.10.3-2021.10.win32_1.0.100.202210260954/tools/bin/../lib/gcc/arm-none-eabi/10.3.1/../../../../arm-none-eabi/lib/thumb/v7-m/nofp/crt0.o (exit)
e:/stm32cubeide/stm32cubeide_1.11.2/stm32cubeide/plugins/com.st.stm32cube.ide.mcu.externaltools.gnu-tools-for-stm32.10.3-2021.10.win32_1.0.100.202210260954/tools/bin/../lib/gcc/arm-none-eabi/10.3.1/../../../../arm-none-eabi/lib/thumb/v7-m/nofp\libc_nano.a(lib_a-impure.o)
                              e:/stm32cubeide/stm32cubeide_1.11.2/stm32cubeide/plugins/com.st.stm32cube.ide.mcu.externaltools.gnu-tools-for-stm32.10.3-2021.10.win32_1.0.100.202210260954/tools/bin/../lib/gcc/arm-none-eabi/10.3.1/../../../../arm-none-eabi/lib/thumb/v7-m/nofp\libc_nano.a(lib_a-exit.o) (_global_impure_ptr)
e:/stm32cubeide/stm32cubeide_1.11.2/stm32cubeide/plugins/com.st.stm32cube.ide.mcu.externaltools.gnu-tools-for-stm32.10.3-2021.10.win32_1.0.100.202210260954/tools/bin/../lib/gcc/arm-none-eabi/10.3.1/../../../../arm-none-eabi/lib/thumb/v7-m/nofp\libc_nano.a(lib_a-init.o)
                              e:/stm32cubeide/stm32cubeide_1.11.2/stm32cubeide/plugins/com.st.stm32cube.ide.mcu.externaltools.gnu-tools-for-stm32.10.3-2021.10.win32_1.0.100.202210260954/tools/bin/../lib/gcc/arm-none-eabi/10.3.1/../../../../arm-none-eabi/lib/thumb/v7-m/nofp/crt0.o (__libc_init_array)
e:/stm32cubeide/stm32cubeide_1.11.2/stm32cubeide/plugins/com.st.stm32cube.ide.mcu.externaltools.gnu-tools-for-stm32.10.3-2021.10.win32_1.0.100.202210260954/tools/bin/../lib/gcc/arm-none-eabi/10.3.1/../../../../arm-none-eabi/lib/thumb/v7-m/nofp\libc_nano.a(lib_a-memcpy-stub.o)
                              ./Core/Src/freertos.o (memcpy)
e:/stm32cubeide/stm32cubeide_1.11.2/stm32cubeide/plugins/com.st.stm32cube.ide.mcu.externaltools.gnu-tools-for-stm32.10.3-2021.10.win32_1.0.100.202210260954/tools/bin/../lib/gcc/arm-none-eabi/10.3.1/../../../../arm-none-eabi/lib/thumb/v7-m/nofp\libc_nano.a(lib_a-memset.o)
                              e:/stm32cubeide/stm32cubeide_1.11.2/stm32cubeide/plugins/com.st.stm32cube.ide.mcu.externaltools.gnu-tools-for-stm32.10.3-2021.10.win32_1.0.100.202210260954/tools/bin/../lib/gcc/arm-none-eabi/10.3.1/../../../../arm-none-eabi/lib/thumb/v7-m/nofp/crt0.o (memset)

Discarded input sections

 .text          0x0000000000000000        0x0 e:/stm32cubeide/stm32cubeide_1.11.2/stm32cubeide/plugins/com.st.stm32cube.ide.mcu.externaltools.gnu-tools-for-stm32.10.3-2021.10.win32_1.0.100.202210260954/tools/bin/../lib/gcc/arm-none-eabi/10.3.1/thumb/v7-m/nofp/crti.o
 .data          0x0000000000000000        0x0 e:/stm32cubeide/stm32cubeide_1.11.2/stm32cubeide/plugins/com.st.stm32cube.ide.mcu.externaltools.gnu-tools-for-stm32.10.3-2021.10.win32_1.0.100.202210260954/tools/bin/../lib/gcc/arm-none-eabi/10.3.1/thumb/v7-m/nofp/crti.o
 .bss           0x0000000000000000        0x0 e:/stm32cubeide/stm32cubeide_1.11.2/stm32cubeide/plugins/com.st.stm32cube.ide.mcu.externaltools.gnu-tools-for-stm32.10.3-2021.10.win32_1.0.100.202210260954/tools/bin/../lib/gcc/arm-none-eabi/10.3.1/thumb/v7-m/nofp/crti.o
 .data          0x0000000000000000        0x4 e:/stm32cubeide/stm32cubeide_1.11.2/stm32cubeide/plugins/com.st.stm32cube.ide.mcu.externaltools.gnu-tools-for-stm32.10.3-2021.10.win32_1.0.100.202210260954/tools/bin/../lib/gcc/arm-none-eabi/10.3.1/thumb/v7-m/nofp/crtbegin.o
 .rodata        0x0000000000000000       0x24 e:/stm32cubeide/stm32cubeide_1.11.2/stm32cubeide/plugins/com.st.stm32cube.ide.mcu.externaltools.gnu-tools-for-stm32.10.3-2021.10.win32_1.0.100.202210260954/tools/bin/../lib/gcc/arm-none-eabi/10.3.1/thumb/v7-m/nofp/crtbegin.o
 .text          0x0000000000000000       0x7c e:/stm32cubeide/stm32cubeide_1.11.2/stm32cubeide/plugins/com.st.stm32cube.ide.mcu.externaltools.gnu-tools-for-stm32.10.3-2021.10.win32_1.0.100.202210260954/tools/bin/../lib/gcc/arm-none-eabi/10.3.1/../../../../arm-none-eabi/lib/thumb/v7-m/nofp/crt0.o
 .data          0x0000000000000000        0x0 e:/stm32cubeide/stm32cubeide_1.11.2/stm32cubeide/plugins/com.st.stm32cube.ide.mcu.externaltools.gnu-tools-for-stm32.10.3-2021.10.win32_1.0.100.202210260954/tools/bin/../lib/gcc/arm-none-eabi/10.3.1/../../../../arm-none-eabi/lib/thumb/v7-m/nofp/crt0.o
[...]
Memory Configuration

Name             Origin             Length             Attributes
RAM              0x0000000020000000 0x0000000000005000 xrw
FLASH            0x0000000008000000 0x0000000000020000 xr
*default*        0x0000000000000000 0xffffffffffffffff

Linker script and memory map

LOAD e:/stm32cubeide/stm32cubeide_1.11.2/stm32cubeide/plugins/com.st.stm32cube.ide.mcu.externaltools.gnu-tools-for-stm32.10.3-2021.10.win32_1.0.100.202210260954/tools/bin/../lib/gcc/arm-none-eabi/10.3.1/thumb/v7-m/nofp/crti.o
LOAD e:/stm32cubeide/stm32cubeide_1.11.2/stm32cubeide/plugins/com.st.stm32cube.ide.mcu.externaltools.gnu-tools-for-stm32.10.3-2021.10.win32_1.0.100.202210260954/tools/bin/../lib/gcc/arm-none-eabi/10.3.1/thumb/v7-m/nofp/crtbegin.o
LOAD e:/stm32cubeide/stm32cubeide_1.11.2/stm32cubeide/plugins/com.st.stm32cube.ide.mcu.externaltools.gnu-tools-for-stm32.10.3-2021.10.win32_1.0.100.202210260954/tools/bin/../lib/gcc/arm-none-eabi/10.3.1/../../../../arm-none-eabi/lib/thumb/v7-m/nofp/crt0.o
LOAD ./Core/Src/dma.o
LOAD ./Core/Src/fifo.o
LOAD ./Core/Src/freertos.o
LOAD ./Core/Src/gpio.o
LOAD ./Core/Src/main.o
LOAD ./Core/Src/stm32f1xx_hal_msp.o
LOAD ./Core/Src/stm32f1xx_hal_timebase_tim.o
LOAD ./Core/Src/stm32f1xx_it.o
LOAD ./Core/Src/syscalls.o
LOAD ./Core/Src/sysmem.o
LOAD ./Core/Src/system_stm32f1xx.o
LOAD ./Core/Src/usart.o
LOAD ./Core/Startup/startup_stm32f103rbtx.o
LOAD ./Drivers/STM32F1xx_HAL_Driver/Src/stm32f1xx_hal.o
LOAD ./Drivers/STM32F1xx_HAL_Driver/Src/stm32f1xx_hal_cortex.o
LOAD ./Drivers/STM32F1xx_HAL_Driver/Src/stm32f1xx_hal_dma.o
LOAD ./Drivers/STM32F1xx_HAL_Driver/Src/stm32f1xx_hal_exti.o
LOAD ./Drivers/STM32F1xx_HAL_Driver/Src/stm32f1xx_hal_flash.o
LOAD ./Drivers/STM32F1xx_HAL_Driver/Src/stm32f1xx_hal_flash_ex.o
LOAD ./Drivers/STM32F1xx_HAL_Driver/Src/stm32f1xx_hal_gpio.o
LOAD ./Drivers/STM32F1xx_HAL_Driver/Src/stm32f1xx_hal_gpio_ex.o
LOAD ./Drivers/STM32F1xx_HAL_Driver/Src/stm32f1xx_hal_pwr.o
LOAD ./Drivers/STM32F1xx_HAL_Driver/Src/stm32f1xx_hal_rcc.o
LOAD ./Drivers/STM32F1xx_HAL_Driver/Src/stm32f1xx_hal_rcc_ex.o
LOAD ./Drivers/STM32F1xx_HAL_Driver/Src/stm32f1xx_hal_tim.o
LOAD ./Drivers/STM32F1xx_HAL_Driver/Src/stm32f1xx_hal_tim_ex.o
LOAD ./Drivers/STM32F1xx_HAL_Driver/Src/stm32f1xx_hal_uart.o
LOAD ./Middlewares/Third_Party/FreeRTOS/Source/CMSIS_RTOS_V2/cmsis_os2.o
LOAD ./Middlewares/Third_Party/FreeRTOS/Source/croutine.o
LOAD ./Middlewares/Third_Party/FreeRTOS/Source/event_groups.o
LOAD ./Middlewares/Third_Party/FreeRTOS/Source/list.o
LOAD ./Middlewares/Third_Party/FreeRTOS/Source/queue.o
LOAD ./Middlewares/Third_Party/FreeRTOS/Source/stream_buffer.o
LOAD ./Middlewares/Third_Party/FreeRTOS/Source/tasks.o
LOAD ./Middlewares/Third_Party/FreeRTOS/Source/timers.o
LOAD ./Middlewares/Third_Party/FreeRTOS/Source/portable/GCC/ARM_CM3/port.o
LOAD ./Middlewares/Third_Party/FreeRTOS/Source/portable/MemMang/heap_4.o
START GROUP
LOAD e:/stm32cubeide/stm32cubeide_1.11.2/stm32cubeide/plugins/com.st.stm32cube.ide.mcu.externaltools.gnu-tools-for-stm32.10.3-2021.10.win32_1.0.100.202210260954/tools/bin/../lib/gcc/arm-none-eabi/10.3.1/../../../../arm-none-eabi/lib/thumb/v7-m/nofp\libc_nano.a
LOAD e:/stm32cubeide/stm32cubeide_1.11.2/stm32cubeide/plugins/com.st.stm32cube.ide.mcu.externaltools.gnu-tools-for-stm32.10.3-2021.10.win32_1.0.100.202210260954/tools/bin/../lib/gcc/arm-none-eabi/10.3.1/../../../../arm-none-eabi/lib/thumb/v7-m/nofp\libm.a
END GROUP
START GROUP
LOAD e:/stm32cubeide/stm32cubeide_1.11.2/stm32cubeide/plugins/com.st.stm32cube.ide.mcu.externaltools.gnu-tools-for-stm32.10.3-2021.10.win32_1.0.100.202210260954/tools/bin/../lib/gcc/arm-none-eabi/10.3.1/thumb/v7-m/nofp\libgcc.a
LOAD e:/stm32cubeide/stm32cubeide_1.11.2/stm32cubeide/plugins/com.st.stm32cube.ide.mcu.externaltools.gnu-tools-for-stm32.10.3-2021.10.win32_1.0.100.202210260954/tools/bin/../lib/gcc/arm-none-eabi/10.3.1/../../../../arm-none-eabi/lib/thumb/v7-m/nofp\libc_nano.a
END GROUP
START GROUP
LOAD e:/stm32cubeide/stm32cubeide_1.11.2/stm32cubeide/plugins/com.st.stm32cube.ide.mcu.externaltools.gnu-tools-for-stm32.10.3-2021.10.win32_1.0.100.202210260954/tools/bin/../lib/gcc/arm-none-eabi/10.3.1/thumb/v7-m/nofp\libgcc.a
LOAD e:/stm32cubeide/stm32cubeide_1.11.2/stm32cubeide/plugins/com.st.stm32cube.ide.mcu.externaltools.gnu-tools-for-stm32.10.3-2021.10.win32_1.0.100.202210260954/tools/bin/../lib/gcc/arm-none-eabi/10.3.1/../../../../arm-none-eabi/lib/thumb/v7-m/nofp\libc_nano.a
LOAD e:/stm32cubeide/stm32cubeide_1.11.2/stm32cubeide/plugins/com.st.stm32cube.ide.mcu.externaltools.gnu-tools-for-stm32.10.3-2021.10.win32_1.0.100.202210260954/tools/bin/../lib/gcc/arm-none-eabi/10.3.1/../../../../arm-none-eabi/lib/thumb/v7-m/nofp\libnosys.a
END GROUP
START GROUP
LOAD e:/stm32cubeide/stm32cubeide_1.11.2/stm32cubeide/plugins/com.st.stm32cube.ide.mcu.externaltools.gnu-tools-for-stm32.10.3-2021.10.win32_1.0.100.202210260954/tools/bin/../lib/gcc/arm-none-eabi/10.3.1/thumb/v7-m/nofp\libgcc.a
LOAD e:/stm32cubeide/stm32cubeide_1.11.2/stm32cubeide/plugins/com.st.stm32cube.ide.mcu.externaltools.gnu-tools-for-stm32.10.3-2021.10.win32_1.0.100.202210260954/tools/bin/../lib/gcc/arm-none-eabi/10.3.1/../../../../arm-none-eabi/lib/thumb/v7-m/nofp\libc_nano.a
LOAD e:/stm32cubeide/stm32cubeide_1.11.2/stm32cubeide/plugins/com.st.stm32cube.ide.mcu.externaltools.gnu-tools-for-stm32.10.3-2021.10.win32_1.0.100.202210260954/tools/bin/../lib/gcc/arm-none-eabi/10.3.1/../../../../arm-none-eabi/lib/thumb/v7-m/nofp\libnosys.a
END GROUP
LOAD e:/stm32cubeide/stm32cubeide_1.11.2/stm32cubeide/plugins/com.st.stm32cube.ide.mcu.externaltools.gnu-tools-for-stm32.10.3-2021.10.win32_1.0.100.202210260954/tools/bin/../lib/gcc/arm-none-eabi/10.3.1/thumb/v7-m/nofp/crtend.o
LOAD e:/stm32cubeide/stm32cubeide_1.11.2/stm32cubeide/plugins/com.st.stm32cube.ide.mcu.externaltools.gnu-tools-for-stm32.10.3-2021.10.win32_1.0.100.202210260954/tools/bin/../lib/gcc/arm-none-eabi/10.3.1/thumb/v7-m/nofp/crtn.o
                0x0000000020005000                _estack = (ORIGIN (RAM) + LENGTH (RAM))
                0x0000000000000200                _Min_Heap_Size = 0x200
                0x0000000000000400                _Min_Stack_Size = 0x400

.isr_vector     0x0000000008000000      0x10c
                0x0000000008000000                . = ALIGN (0x4)
 *(.isr_vector)
 .isr_vector    0x0000000008000000      0x10c ./Core/Startup/startup_stm32f103rbtx.o
                0x0000000008000000                g_pfnVectors
                0x000000000800010c                . = ALIGN (0x4)

.text           0x0000000008000110     0x6958
                0x0000000008000110                . = ALIGN (0x4)
 *(.text)
 .text          0x0000000008000110       0x40 e:/stm32cubeide/stm32cubeide_1.11.2/stm32cubeide/plugins/com.st.stm32cube.ide.mcu.externaltools.gnu-tools-for-stm32.10.3-2021.10.win32_1.0.100.202210260954/tools/bin/../lib/gcc/arm-none-eabi/10.3.1/thumb/v7-m/nofp/crtbegin.o
 *(.text*)
 .text.MX_DMA_Init
                0x0000000008000150       0x4c ./Core/Src/dma.o
                0x0000000008000150                MX_DMA_Init
 .text.fifo_init
                0x000000000800019c       0x26 ./Core/Src/fifo.o
                0x000000000800019c                fifo_init
 .text.fifo_push
                0x00000000080001c2       0x52 ./Core/Src/fifo.o
                0x00000000080001c2                fifo_push
 .text.fifo_pop
                0x0000000008000214       0x54 ./Core/Src/fifo.o
                0x0000000008000214                fifo_pop
 .text.fifo_is_empty
                0x0000000008000268       0x28 ./Core/Src/fifo.o
                0x0000000008000268                fifo_is_empty
 .text.crc_accumulate
                0x0000000008000290       0x62 ./Core/Src/freertos.o
 .text.crc_init
                0x00000000080002f2       0x1a ./Core/Src/freertos.o
 .text.mavlink_get_channel_status
                0x000000000800030c       0x28 ./Core/Src/freertos.o
 .text.mavlink_get_channel_buffer
                0x0000000008000334       0x28 ./Core/Src/freertos.o
 .text.mavlink_msg_to_send_buffer
                0x000000000800035c       0x5a ./Core/Src/freertos.o
 .text.mavlink_start_checksum
                0x00000000080003b6       0x18 ./Core/Src/freertos.o
 .text.mavlink_update_checksum
                0x00000000080003ce       0x20 ./Core/Src/freertos.o
 *fill*         0x00000000080003ee        0x2 
 .text.mavlink_frame_char_buffer
                0x00000000080003f0      0x2a4 ./Core/Src/freertos.o
 .text.mavlink_frame_char
                0x0000000008000694       0x3e ./Core/Src/freertos.o
 .text.mavlink_parse_char
                0x00000000080006d2       0x7a ./Core/Src/freertos.o
 .text.MX_FREERTOS_Init
                0x000000000800074c       0xb8 ./Core/Src/freertos.o
                0x000000000800074c                MX_FREERTOS_Init
 .text.StartDefaultTask
                0x0000000008000804       0x10 ./Core/Src/freertos.o
                0x0000000008000804                StartDefaultTask
 .text.StartUART1Task
                0x0000000008000814       0xa0 ./Core/Src/freertos.o
                0x0000000008000814                StartUART1Task
 .text.StartUART2Task
                0x00000000080008b4       0xa0 ./Core/Src/freertos.o
                0x00000000080008b4                StartUART2Task
 .text.StartUART3Task
                0x0000000008000954       0x5c ./Core/Src/freertos.o
                0x0000000008000954                StartUART3Task
 .text.MX_GPIO_Init
                0x00000000080009b0       0xdc ./Core/Src/gpio.o
                0x00000000080009b0                MX_GPIO_Init
 .text.main     0x0000000008000a8c       0x6c ./Core/Src/main.o
                0x0000000008000a8c                main
 .text.SystemClock_Config
                0x0000000008000af8       0x82 ./Core/Src/main.o
                0x0000000008000af8                SystemClock_Config
 *fill*         0x0000000008000b7a        0x2 
 .text.HAL_TIM_PeriodElapsedCallback
                0x0000000008000b7c       0x24 ./Core/Src/main.o
                0x0000000008000b7c                HAL_TIM_PeriodElapsedCallback
 .text.Error_Handler
                0x0000000008000ba0        0xa ./Core/Src/main.o
                0x0000000008000ba0                Error_Handler
 *fill*         0x0000000008000baa        0x2 
 .text.HAL_MspInit
                0x0000000008000bac       0x70 ./Core/Src/stm32f1xx_hal_msp.o
                0x0000000008000bac                HAL_MspInit
 .text.HAL_InitTick
                0x0000000008000c1c       0xfc ./Core/Src/stm32f1xx_hal_timebase_tim.o
                0x0000000008000c1c                HAL_InitTick
 .text.NMI_Handler
                0x0000000008000d18        0x6 ./Core/Src/stm32f1xx_it.o
                0x0000000008000d18                NMI_Handler
 .text.HardFault_Handler
                0x0000000008000d1e        0x6 ./Core/Src/stm32f1xx_it.o
                0x0000000008000d1e                HardFault_Handler
 .text.MemManage_Handler
                0x0000000008000d24        0x6 ./Core/Src/stm32f1xx_it.o
                0x0000000008000d24                MemManage_Handler
 .text.BusFault_Handler
                0x0000000008000d2a        0x6 ./Core/Src/stm32f1xx_it.o
                0x0000000008000d2a                BusFault_Handler
 .text.UsageFault_Handler
                0x0000000008000d30        0x6 ./Core/Src/stm32f1xx_it.o
                0x0000000008000d30                UsageFault_Handler
 .text.DebugMon_Handler
                0x0000000008000d36        0xc ./Core/Src/stm32f1xx_it.o
                0x0000000008000d36                DebugMon_Handler
 *fill*         0x0000000008000d42        0x2 
 .text.DMA1_Channel5_IRQHandler
                0x0000000008000d44       0x14 ./Core/Src/stm32f1xx_it.o
                0x0000000008000d44                DMA1_Channel5_IRQHandler
 .text.DMA1_Channel6_IRQHandler
                0x0000000008000d58       0x14 ./Core/Src/stm32f1xx_it.o
                0x0000000008000d58                DMA1_Channel6_IRQHandler
 .text.TIM4_IRQHandler
                0x0000000008000d6c       0x14 ./Core/Src/stm32f1xx_it.o
                0x0000000008000d6c                TIM4_IRQHandler
 .text.USART1_IRQHandler
                0x0000000008000d80       0x14 ./Core/Src/stm32f1xx_it.o
                0x0000000008000d80                USART1_IRQHandler
 .text.USART2_IRQHandler
                0x0000000008000d94       0x14 ./Core/Src/stm32f1xx_it.o
                0x0000000008000d94                USART2_IRQHandler
 .text.USART3_IRQHandler
                0x0000000008000da8       0x14 ./Core/Src/stm32f1xx_it.o
                0x0000000008000da8                USART3_IRQHandler
 .text.EXTI15_10_IRQHandler
                0x0000000008000dbc       0x10 ./Core/Src/stm32f1xx_it.o
                0x0000000008000dbc                EXTI15_10_IRQHandler
 .text.SystemInit
                0x0000000008000dcc        0xc ./Core/Src/system_stm32f1xx.o
                0x0000000008000dcc                SystemInit
 .text.MX_USART1_UART_Init
                0x0000000008000dd8       0x54 ./Core/Src/usart.o
                0x0000000008000dd8                MX_USART1_UART_Init
 .text.MX_USART2_UART_Init
                0x0000000008000e2c       0x54 ./Core/Src/usart.o
                0x0000000008000e2c                MX_USART2_UART_Init
 .text.MX_USART3_UART_Init
                0x0000000008000e80       0x54 ./Core/Src/usart.o
                0x0000000008000e80                MX_USART3_UART_Init
 .text.HAL_UART_MspInit
                0x0000000008000ed4      0x240 ./Core/Src/usart.o
                0x0000000008000ed4                HAL_UART_MspInit
 .text.HAL_UART_RxCpltCallback
                0x0000000008001114       0xfc ./Core/Src/usart.o
                0x0000000008001114                HAL_UART_RxCpltCallback
 .text.Reset_Handler
                0x0000000008001210       0x48 ./Core/Startup/startup_stm32f103rbtx.o
                0x0000000008001210                Reset_Handler
 .text.Default_Handler
                0x0000000008001258        0x2 ./Core/Startup/startup_stm32f103rbtx.o
                0x0000000008001258                RTC_Alarm_IRQHandler
                0x0000000008001258                EXTI2_IRQHandler
                0x0000000008001258                TIM1_CC_IRQHandler
                0x0000000008001258                PVD_IRQHandler
                0x0000000008001258                EXTI3_IRQHandler
                0x0000000008001258                EXTI0_IRQHandler
                0x0000000008001258                I2C2_EV_IRQHandler
                0x0000000008001258                ADC1_2_IRQHandler
                0x0000000008001258                SPI1_IRQHandler
                0x0000000008001258                TAMPER_IRQHandler
                0x0000000008001258                DMA1_Channel4_IRQHandler
                0x0000000008001258                RTC_IRQHandler
                0x0000000008001258                DMA1_Channel7_IRQHandler
                0x0000000008001258                CAN1_RX1_IRQHandler
                0x0000000008001258                I2C1_EV_IRQHandler
                0x0000000008001258                TIM3_IRQHandler
                0x0000000008001258                RCC_IRQHandler
                0x0000000008001258                TIM1_TRG_COM_IRQHandler
                0x0000000008001258                DMA1_Channel1_IRQHandler
                0x0000000008001258                Default_Handler
                0x0000000008001258                EXTI9_5_IRQHandler
                0x0000000008001258                SPI2_IRQHandler
                0x0000000008001258                EXTI4_IRQHandler
                0x0000000008001258                USB_LP_CAN1_RX0_IRQHandler
                0x0000000008001258                USB_HP_CAN1_TX_IRQHandler
                0x0000000008001258                DMA1_Channel3_IRQHandler
                0x0000000008001258                TIM1_UP_IRQHandler
                0x0000000008001258                WWDG_IRQHandler
                0x0000000008001258                TIM2_IRQHandler
                0x0000000008001258                TIM1_BRK_IRQHandler
                0x0000000008001258                EXTI1_IRQHandler
                0x0000000008001258                I2C2_ER_IRQHandler
                0x0000000008001258                DMA1_Channel2_IRQHandler
                0x0000000008001258                CAN1_SCE_IRQHandler
                0x0000000008001258                FLASH_IRQHandler
                0x0000000008001258                I2C1_ER_IRQHandler
                0x0000000008001258                USBWakeUp_IRQHandler
 *fill*         0x000000000800125a        0x2 
 .text.HAL_Init
                0x000000000800125c       0x2c ./Drivers/STM32F1xx_HAL_Driver/Src/stm32f1xx_hal.o
                0x000000000800125c                HAL_Init
 .text.HAL_IncTick
                0x0000000008001288       0x24 ./Drivers/STM32F1xx_HAL_Driver/Src/stm32f1xx_hal.o
                0x0000000008001288                HAL_IncTick
 .text.HAL_GetTick
                0x00000000080012ac       0x14 ./Drivers/STM32F1xx_HAL_Driver/Src/stm32f1xx_hal.o
                0x00000000080012ac                HAL_GetTick
 .text.__NVIC_SetPriorityGrouping
                0x00000000080012c0       0x48 ./Drivers/STM32F1xx_HAL_Driver/Src/stm32f1xx_hal_cortex.o
 .text.__NVIC_GetPriorityGrouping
                0x0000000008001308       0x1c ./Drivers/STM32F1xx_HAL_Driver/Src/stm32f1xx_hal_cortex.o
 .text.__NVIC_EnableIRQ
                0x0000000008001324       0x38 ./Drivers/STM32F1xx_HAL_Driver/Src/stm32f1xx_hal_cortex.o
 .text.__NVIC_SetPriority
                0x000000000800135c       0x54 ./Drivers/STM32F1xx_HAL_Driver/Src/stm32f1xx_hal_cortex.o
 .text.NVIC_EncodePriority
                0x00000000080013b0       0x64 ./Drivers/STM32F1xx_HAL_Driver/Src/stm32f1xx_hal_cortex.o
 .text.HAL_NVIC_SetPriorityGrouping
                0x0000000008001414       0x16 ./Drivers/STM32F1xx_HAL_Driver/Src/stm32f1xx_hal_cortex.o
                0x0000000008001414                HAL_NVIC_SetPriorityGrouping
 .text.HAL_NVIC_SetPriority
                0x000000000800142a       0x38 ./Drivers/STM32F1xx_HAL_Driver/Src/stm32f1xx_hal_cortex.o
                0x000000000800142a                HAL_NVIC_SetPriority
 .text.HAL_NVIC_EnableIRQ
                0x0000000008001462       0x1c ./Drivers/STM32F1xx_HAL_Driver/Src/stm32f1xx_hal_cortex.o
                0x0000000008001462                HAL_NVIC_EnableIRQ
 *fill*         0x000000000800147e        0x2 
 .text.HAL_DMA_Init
                0x0000000008001480       0xb4 ./Drivers/STM32F1xx_HAL_Driver/Src/stm32f1xx_hal_dma.o
                0x0000000008001480                HAL_DMA_Init
 .text.HAL_DMA_Start_IT
                0x0000000008001534       0xc0 ./Drivers/STM32F1xx_HAL_Driver/Src/stm32f1xx_hal_dma.o
                0x0000000008001534                HAL_DMA_Start_IT
 .text.HAL_DMA_Abort
                0x00000000080015f4       0x76 ./Drivers/STM32F1xx_HAL_Driver/Src/stm32f1xx_hal_dma.o
                0x00000000080015f4                HAL_DMA_Abort
 *fill*         0x000000000800166a        0x2 
 .text.HAL_DMA_Abort_IT
                0x000000000800166c       0xf0 ./Drivers/STM32F1xx_HAL_Driver/Src/stm32f1xx_hal_dma.o
                0x000000000800166c                HAL_DMA_Abort_IT
 .text.HAL_DMA_IRQHandler
                0x000000000800175c      0x20c ./Drivers/STM32F1xx_HAL_Driver/Src/stm32f1xx_hal_dma.o
                0x000000000800175c                HAL_DMA_IRQHandler
 .text.DMA_SetConfig
                0x0000000008001968       0x5a ./Drivers/STM32F1xx_HAL_Driver/Src/stm32f1xx_hal_dma.o
 *fill*         0x00000000080019c2        0x2 
 .text.HAL_GPIO_Init
                0x00000000080019c4      0x308 ./Drivers/STM32F1xx_HAL_Driver/Src/stm32f1xx_hal_gpio.o
                0x00000000080019c4                HAL_GPIO_Init
 .text.HAL_GPIO_WritePin
                0x0000000008001ccc       0x30 ./Drivers/STM32F1xx_HAL_Driver/Src/stm32f1xx_hal_gpio.o
                0x0000000008001ccc                HAL_GPIO_WritePin
 .text.HAL_GPIO_EXTI_IRQHandler
                0x0000000008001cfc       0x30 ./Drivers/STM32F1xx_HAL_Driver/Src/stm32f1xx_hal_gpio.o
                0x0000000008001cfc                HAL_GPIO_EXTI_IRQHandler
 .text.HAL_GPIO_EXTI_Callback
                0x0000000008001d2c       0x14 ./Drivers/STM32F1xx_HAL_Driver/Src/stm32f1xx_hal_gpio.o
                0x0000000008001d2c                HAL_GPIO_EXTI_Callback
 .text.HAL_RCC_OscConfig
                0x0000000008001d40      0x504 ./Drivers/STM32F1xx_HAL_Driver/Src/stm32f1xx_hal_rcc.o
                0x0000000008001d40                HAL_RCC_OscConfig
 .text.HAL_RCC_ClockConfig
                0x0000000008002244      0x1d4 ./Drivers/STM32F1xx_HAL_Driver/Src/stm32f1xx_hal_rcc.o
                0x0000000008002244                HAL_RCC_ClockConfig
 .text.HAL_RCC_GetSysClockFreq
                0x0000000008002418       0xa8 ./Drivers/STM32F1xx_HAL_Driver/Src/stm32f1xx_hal_rcc.o
                0x0000000008002418                HAL_RCC_GetSysClockFreq
 .text.HAL_RCC_GetHCLKFreq
                0x00000000080024c0       0x14 ./Drivers/STM32F1xx_HAL_Driver/Src/stm32f1xx_hal_rcc.o
                0x00000000080024c0                HAL_RCC_GetHCLKFreq
 .text.HAL_RCC_GetPCLK1Freq
                0x00000000080024d4       0x28 ./Drivers/STM32F1xx_HAL_Driver/Src/stm32f1xx_hal_rcc.o
                0x00000000080024d4                HAL_RCC_GetPCLK1Freq
 .text.HAL_RCC_GetPCLK2Freq
                0x00000000080024fc       0x28 ./Drivers/STM32F1xx_HAL_Driver/Src/stm32f1xx_hal_rcc.o
                0x00000000080024fc                HAL_RCC_GetPCLK2Freq
 .text.HAL_RCC_GetClockConfig
                0x0000000008002524       0x60 ./Drivers/STM32F1xx_HAL_Driver/Src/stm32f1xx_hal_rcc.o
                0x0000000008002524                HAL_RCC_GetClockConfig
 .text.RCC_Delay
                0x0000000008002584       0x3c ./Drivers/STM32F1xx_HAL_Driver/Src/stm32f1xx_hal_rcc.o
 .text.HAL_TIM_Base_Init
                0x00000000080025c0       0x9e ./Drivers/STM32F1xx_HAL_Driver/Src/stm32f1xx_hal_tim.o
                0x00000000080025c0                HAL_TIM_Base_Init
 .text.HAL_TIM_Base_MspInit
                0x000000000800265e       0x12 ./Drivers/STM32F1xx_HAL_Driver/Src/stm32f1xx_hal_tim.o
                0x000000000800265e                HAL_TIM_Base_MspInit
 .text.HAL_TIM_Base_Start_IT
                0x0000000008002670       0xa4 ./Drivers/STM32F1xx_HAL_Driver/Src/stm32f1xx_hal_tim.o
                0x0000000008002670                HAL_TIM_Base_Start_IT
 .text.HAL_TIM_IRQHandler
                0x0000000008002714      0x1e0 ./Drivers/STM32F1xx_HAL_Driver/Src/stm32f1xx_hal_tim.o
                0x0000000008002714                HAL_TIM_IRQHandler
 .text.HAL_TIM_OC_DelayElapsedCallback
                0x00000000080028f4       0x12 ./Drivers/STM32F1xx_HAL_Driver/Src/stm32f1xx_hal_tim.o
                0x00000000080028f4                HAL_TIM_OC_DelayElapsedCallback
 .text.HAL_TIM_IC_CaptureCallback
                0x0000000008002906       0x12 ./Drivers/STM32F1xx_HAL_Driver/Src/stm32f1xx_hal_tim.o
                0x0000000008002906                HAL_TIM_IC_CaptureCallback
 .text.HAL_TIM_PWM_PulseFinishedCallback
                0x0000000008002918       0x12 ./Drivers/STM32F1xx_HAL_Driver/Src/stm32f1xx_hal_tim.o
                0x0000000008002918                HAL_TIM_PWM_PulseFinishedCallback
 .text.HAL_TIM_TriggerCallback
                0x000000000800292a       0x12 ./Drivers/STM32F1xx_HAL_Driver/Src/stm32f1xx_hal_tim.o
                0x000000000800292a                HAL_TIM_TriggerCallback
 .text.TIM_Base_SetConfig
                0x000000000800293c       0xdc ./Drivers/STM32F1xx_HAL_Driver/Src/stm32f1xx_hal_tim.o
                0x000000000800293c                TIM_Base_SetConfig
 .text.HAL_TIMEx_CommutCallback
                0x0000000008002a18       0x12 ./Drivers/STM32F1xx_HAL_Driver/Src/stm32f1xx_hal_tim_ex.o
                0x0000000008002a18                HAL_TIMEx_CommutCallback
 .text.HAL_TIMEx_BreakCallback
                0x0000000008002a2a       0x12 ./Drivers/STM32F1xx_HAL_Driver/Src/stm32f1xx_hal_tim_ex.o
                0x0000000008002a2a                HAL_TIMEx_BreakCallback
 .text.HAL_UART_Init
                0x0000000008002a3c       0xa0 ./Drivers/STM32F1xx_HAL_Driver/Src/stm32f1xx_hal_uart.o
                0x0000000008002a3c                HAL_UART_Init
 .text.HAL_UART_Transmit
                0x0000000008002adc      0x116 ./Drivers/STM32F1xx_HAL_Driver/Src/stm32f1xx_hal_uart.o
                0x0000000008002adc                HAL_UART_Transmit
 .text.HAL_UART_Receive_DMA
                0x0000000008002bf2       0x4a ./Drivers/STM32F1xx_HAL_Driver/Src/stm32f1xx_hal_uart.o
                0x0000000008002bf2                HAL_UART_Receive_DMA
 .text.HAL_UART_IRQHandler
                0x0000000008002c3c      0x524 ./Drivers/STM32F1xx_HAL_Driver/Src/stm32f1xx_hal_uart.o
                0x0000000008002c3c                HAL_UART_IRQHandler
 .text.HAL_UART_TxCpltCallback
                0x0000000008003160       0x12 ./Drivers/STM32F1xx_HAL_Driver/Src/stm32f1xx_hal_uart.o
                0x0000000008003160                HAL_UART_TxCpltCallback
 .text.HAL_UART_RxHalfCpltCallback
                0x0000000008003172       0x12 ./Drivers/STM32F1xx_HAL_Driver/Src/stm32f1xx_hal_uart.o
                0x0000000008003172                HAL_UART_RxHalfCpltCallback
 .text.HAL_UART_ErrorCallback
                0x0000000008003184       0x12 ./Drivers/STM32F1xx_HAL_Driver/Src/stm32f1xx_hal_uart.o
                0x0000000008003184                HAL_UART_ErrorCallback
 .text.HAL_UARTEx_RxEventCallback
                0x0000000008003196       0x16 ./Drivers/STM32F1xx_HAL_Driver/Src/stm32f1xx_hal_uart.o
                0x0000000008003196                HAL_UARTEx_RxEventCallback
 .text.UART_DMAReceiveCplt
                0x00000000080031ac      0x12c ./Drivers/STM32F1xx_HAL_Driver/Src/stm32f1xx_hal_uart.o
 .text.UART_DMARxHalfCplt
                0x00000000080032d8       0x3c ./Drivers/STM32F1xx_HAL_Driver/Src/stm32f1xx_hal_uart.o
 .text.UART_DMAError
                0x0000000008003314       0x94 ./Drivers/STM32F1xx_HAL_Driver/Src/stm32f1xx_hal_uart.o
 .text.UART_WaitOnFlagUntilTimeout
                0x00000000080033a8       0xb2 ./Drivers/STM32F1xx_HAL_Driver/Src/stm32f1xx_hal_uart.o
 *fill*         0x000000000800345a        0x2 
 .text.UART_Start_Receive_DMA
                0x000000000800345c      0x134 ./Drivers/STM32F1xx_HAL_Driver/Src/stm32f1xx_hal_uart.o
                0x000000000800345c                UART_Start_Receive_DMA
 .text.UART_EndTxTransfer
                0x0000000008003590       0x4e ./Drivers/STM32F1xx_HAL_Driver/Src/stm32f1xx_hal_uart.o
 .text.UART_EndRxTransfer
                0x00000000080035de       0xc4 ./Drivers/STM32F1xx_HAL_Driver/Src/stm32f1xx_hal_uart.o
 .text.UART_DMAAbortOnError
                0x00000000080036a2       0x28 ./Drivers/STM32F1xx_HAL_Driver/Src/stm32f1xx_hal_uart.o
 .text.UART_Transmit_IT
                0x00000000080036ca       0x9e ./Drivers/STM32F1xx_HAL_Driver/Src/stm32f1xx_hal_uart.o
 .text.UART_EndTransmit_IT
                0x0000000008003768       0x30 ./Drivers/STM32F1xx_HAL_Driver/Src/stm32f1xx_hal_uart.o
 .text.UART_Receive_IT
                0x0000000008003798      0x17c ./Drivers/STM32F1xx_HAL_Driver/Src/stm32f1xx_hal_uart.o
 .text.UART_SetConfig
                0x0000000008003914      0x11c ./Drivers/STM32F1xx_HAL_Driver/Src/stm32f1xx_hal_uart.o
 .text.__NVIC_SetPriority
                0x0000000008003a30       0x54 ./Middlewares/Third_Party/FreeRTOS/Source/CMSIS_RTOS_V2/cmsis_os2.o
 .text.SVC_Setup
                0x0000000008003a84       0x12 ./Middlewares/Third_Party/FreeRTOS/Source/CMSIS_RTOS_V2/cmsis_os2.o
 *fill*         0x0000000008003a96        0x2 
 .text.osKernelInitialize
                0x0000000008003a98       0x44 ./Middlewares/Third_Party/FreeRTOS/Source/CMSIS_RTOS_V2/cmsis_os2.o
                0x0000000008003a98                osKernelInitialize
 .text.osKernelStart
                0x0000000008003adc       0x4c ./Middlewares/Third_Party/FreeRTOS/Source/CMSIS_RTOS_V2/cmsis_os2.o
                0x0000000008003adc                osKernelStart
 .text.osThreadNew
                0x0000000008003b28      0x124 ./Middlewares/Third_Party/FreeRTOS/Source/CMSIS_RTOS_V2/cmsis_os2.o
                0x0000000008003b28                osThreadNew
 .text.osDelay  0x0000000008003c4c       0x36 ./Middlewares/Third_Party/FreeRTOS/Source/CMSIS_RTOS_V2/cmsis_os2.o
                0x0000000008003c4c                osDelay
 .text.osMessageQueueNew
                0x0000000008003c82       0xe6 ./Middlewares/Third_Party/FreeRTOS/Source/CMSIS_RTOS_V2/cmsis_os2.o
                0x0000000008003c82                osMessageQueueNew
 .text.osMessageQueuePut
                0x0000000008003d68       0xc0 ./Middlewares/Third_Party/FreeRTOS/Source/CMSIS_RTOS_V2/cmsis_os2.o
                0x0000000008003d68                osMessageQueuePut
 .text.osMessageQueueGet
                0x0000000008003e28       0xbc ./Middlewares/Third_Party/FreeRTOS/Source/CMSIS_RTOS_V2/cmsis_os2.o
                0x0000000008003e28                osMessageQueueGet
 .text.vApplicationGetIdleTaskMemory
                0x0000000008003ee4       0x30 ./Middlewares/Third_Party/FreeRTOS/Source/CMSIS_RTOS_V2/cmsis_os2.o
                0x0000000008003ee4                vApplicationGetIdleTaskMemory
 .text.vApplicationGetTimerTaskMemory
                0x0000000008003f14       0x34 ./Middlewares/Third_Party/FreeRTOS/Source/CMSIS_RTOS_V2/cmsis_os2.o
                0x0000000008003f14                vApplicationGetTimerTaskMemory
 .text.vListInitialise
                0x0000000008003f48       0x3e ./Middlewares/Third_Party/FreeRTOS/Source/list.o
                0x0000000008003f48                vListInitialise
 .text.vListInitialiseItem
                0x0000000008003f86       0x18 ./Middlewares/Third_Party/FreeRTOS/Source/list.o
                0x0000000008003f86                vListInitialiseItem
 .text.vListInsertEnd
                0x0000000008003f9e       0x46 ./Middlewares/Third_Party/FreeRTOS/Source/list.o
                0x0000000008003f9e                vListInsertEnd
 .text.vListInsert
                0x0000000008003fe4       0x70 ./Middlewares/Third_Party/FreeRTOS/Source/list.o
                0x0000000008003fe4                vListInsert
 .text.uxListRemove
                0x0000000008004054       0x52 ./Middlewares/Third_Party/FreeRTOS/Source/list.o
                0x0000000008004054                uxListRemove
 *fill*         0x00000000080040a6        0x2 
 .text.xQueueGenericReset
                0x00000000080040a8       0xd0 ./Middlewares/Third_Party/FreeRTOS/Source/queue.o
                0x00000000080040a8                xQueueGenericReset
 .text.xQueueGenericCreateStatic
                0x0000000008004178       0xf0 ./Middlewares/Third_Party/FreeRTOS/Source/queue.o
                0x0000000008004178                xQueueGenericCreateStatic
 .text.xQueueGenericCreate
                0x0000000008004268       0x74 ./Middlewares/Third_Party/FreeRTOS/Source/queue.o
                0x0000000008004268                xQueueGenericCreate
 .text.prvInitialiseNewQueue
                0x00000000080042dc       0x46 ./Middlewares/Third_Party/FreeRTOS/Source/queue.o
 *fill*         0x0000000008004322        0x2 
 .text.xQueueGenericSend
                0x0000000008004324      0x1fc ./Middlewares/Third_Party/FreeRTOS/Source/queue.o
                0x0000000008004324                xQueueGenericSend
 .text.xQueueGenericSendFromISR
                0x0000000008004520      0x136 ./Middlewares/Third_Party/FreeRTOS/Source/queue.o
                0x0000000008004520                xQueueGenericSendFromISR
 *fill*         0x0000000008004656        0x2 
 .text.xQueueReceive
                0x0000000008004658      0x1c0 ./Middlewares/Third_Party/FreeRTOS/Source/queue.o
                0x0000000008004658                xQueueReceive
 .text.xQueueReceiveFromISR
                0x0000000008004818      0x100 ./Middlewares/Third_Party/FreeRTOS/Source/queue.o
                0x0000000008004818                xQueueReceiveFromISR
 .text.prvCopyDataToQueue
                0x0000000008004918       0xd4 ./Middlewares/Third_Party/FreeRTOS/Source/queue.o
 .text.prvCopyDataFromQueue
                0x00000000080049ec       0x4c ./Middlewares/Third_Party/FreeRTOS/Source/queue.o
 .text.prvUnlockQueue
                0x0000000008004a38       0xa4 ./Middlewares/Third_Party/FreeRTOS/Source/queue.o
 .text.prvIsQueueEmpty
                0x0000000008004adc       0x2c ./Middlewares/Third_Party/FreeRTOS/Source/queue.o
 .text.prvIsQueueFull
                0x0000000008004b08       0x30 ./Middlewares/Third_Party/FreeRTOS/Source/queue.o
 .text.vQueueAddToRegistry
                0x0000000008004b38       0x50 ./Middlewares/Third_Party/FreeRTOS/Source/queue.o
                0x0000000008004b38                vQueueAddToRegistry
 .text.vQueueWaitForMessageRestricted
                0x0000000008004b88       0x68 ./Middlewares/Third_Party/FreeRTOS/Source/queue.o
                0x0000000008004b88                vQueueWaitForMessageRestricted
 .text.xTaskCreateStatic
                0x0000000008004bf0       0xba ./Middlewares/Third_Party/FreeRTOS/Source/tasks.o
                0x0000000008004bf0                xTaskCreateStatic
 .text.xTaskCreate
                0x0000000008004caa       0x8a ./Middlewares/Third_Party/FreeRTOS/Source/tasks.o
                0x0000000008004caa                xTaskCreate
 .text.prvInitialiseNewTask
                0x0000000008004d34      0x11e ./Middlewares/Third_Party/FreeRTOS/Source/tasks.o
 *fill*         0x0000000008004e52        0x2 
 .text.prvAddNewTaskToReadyList
                0x0000000008004e54       0xe0 ./Middlewares/Third_Party/FreeRTOS/Source/tasks.o
 .text.vTaskDelay
                0x0000000008004f34       0x68 ./Middlewares/Third_Party/FreeRTOS/Source/tasks.o
                0x0000000008004f34                vTaskDelay
 .text.vTaskStartScheduler
                0x0000000008004f9c       0xcc ./Middlewares/Third_Party/FreeRTOS/Source/tasks.o
                0x0000000008004f9c                vTaskStartScheduler
 .text.vTaskSuspendAll
                0x0000000008005068       0x1c ./Middlewares/Third_Party/FreeRTOS/Source/tasks.o
                0x0000000008005068                vTaskSuspendAll
 .text.xTaskResumeAll
                0x0000000008005084      0x13c ./Middlewares/Third_Party/FreeRTOS/Source/tasks.o
                0x0000000008005084                xTaskResumeAll
 .text.xTaskGetTickCount
                0x00000000080051c0       0x1c ./Middlewares/Third_Party/FreeRTOS/Source/tasks.o
                0x00000000080051c0                xTaskGetTickCount
 .text.xTaskIncrementTick
                0x00000000080051dc      0x174 ./Middlewares/Third_Party/FreeRTOS/Source/tasks.o
                0x00000000080051dc                xTaskIncrementTick
 .text.vTaskSwitchContext
                0x0000000008005350       0xb8 ./Middlewares/Third_Party/FreeRTOS/Source/tasks.o
                0x0000000008005350                vTaskSwitchContext
 .text.vTaskPlaceOnEventList
                0x0000000008005408       0x48 ./Middlewares/Third_Party/FreeRTOS/Source/tasks.o
                0x0000000008005408                vTaskPlaceOnEventList
 .text.vTaskPlaceOnEventListRestricted
                0x0000000008005450       0x58 ./Middlewares/Third_Party/FreeRTOS/Source/tasks.o
                0x0000000008005450                vTaskPlaceOnEventListRestricted
 .text.xTaskRemoveFromEventList
                0x00000000080054a8       0xc8 ./Middlewares/Third_Party/FreeRTOS/Source/tasks.o
                0x00000000080054a8                xTaskRemoveFromEventList
 .text.vTaskInternalSetTimeOutState
                0x0000000008005570       0x2c ./Middlewares/Third_Party/FreeRTOS/Source/tasks.o
                0x0000000008005570                vTaskInternalSetTimeOutState
 .text.xTaskCheckForTimeOut
                0x000000000800559c       0xc4 ./Middlewares/Third_Party/FreeRTOS/Source/tasks.o
                0x000000000800559c                xTaskCheckForTimeOut
 .text.vTaskMissedYield
                0x0000000008005660       0x18 ./Middlewares/Third_Party/FreeRTOS/Source/tasks.o
                0x0000000008005660                vTaskMissedYield
 .text.prvIdleTask
                0x0000000008005678       0x30 ./Middlewares/Third_Party/FreeRTOS/Source/tasks.o
 .text.prvInitialiseTaskLists
                0x00000000080056a8       0x80 ./Middlewares/Third_Party/FreeRTOS/Source/tasks.o
 .text.prvCheckTasksWaitingTermination
                0x0000000008005728       0x5c ./Middlewares/Third_Party/FreeRTOS/Source/tasks.o
 .text.prvDeleteTCB
                0x0000000008005784       0x5e ./Middlewares/Third_Party/FreeRTOS/Source/tasks.o
 *fill*         0x00000000080057e2        0x2 
 .text.prvResetNextTaskUnblockTime
                0x00000000080057e4       0x40 ./Middlewares/Third_Party/FreeRTOS/Source/tasks.o
 .text.xTaskGetSchedulerState
                0x0000000008005824       0x3c ./Middlewares/Third_Party/FreeRTOS/Source/tasks.o
                0x0000000008005824                xTaskGetSchedulerState
 .text.xTaskPriorityDisinherit
                0x0000000008005860       0xdc ./Middlewares/Third_Party/FreeRTOS/Source/tasks.o
                0x0000000008005860                xTaskPriorityDisinherit
 .text.ulTaskNotifyTake
                0x000000000800593c       0x90 ./Middlewares/Third_Party/FreeRTOS/Source/tasks.o
                0x000000000800593c                ulTaskNotifyTake
 .text.vTaskNotifyGiveFromISR
                0x00000000080059cc      0x124 ./Middlewares/Third_Party/FreeRTOS/Source/tasks.o
                0x00000000080059cc                vTaskNotifyGiveFromISR
 .text.prvAddCurrentTaskToDelayedList
                0x0000000008005af0       0xa8 ./Middlewares/Third_Party/FreeRTOS/Source/tasks.o
 .text.xTimerCreateTimerTask
                0x0000000008005b98       0x90 ./Middlewares/Third_Party/FreeRTOS/Source/timers.o
                0x0000000008005b98                xTimerCreateTimerTask
 .text.xTimerGenericCommand
                0x0000000008005c28       0x9c ./Middlewares/Third_Party/FreeRTOS/Source/timers.o
                0x0000000008005c28                xTimerGenericCommand
 .text.prvProcessExpiredTimer
                0x0000000008005cc4       0x98 ./Middlewares/Third_Party/FreeRTOS/Source/timers.o
 .text.prvTimerTask
                0x0000000008005d5c       0x24 ./Middlewares/Third_Party/FreeRTOS/Source/timers.o
 .text.prvProcessTimerOrBlockTask
                0x0000000008005d80       0x9c ./Middlewares/Third_Party/FreeRTOS/Source/timers.o
 .text.prvGetNextExpireTime
                0x0000000008005e1c       0x44 ./Middlewares/Third_Party/FreeRTOS/Source/timers.o
 .text.prvSampleTimeNow
                0x0000000008005e60       0x40 ./Middlewares/Third_Party/FreeRTOS/Source/timers.o
 .text.prvInsertTimerInActiveList
                0x0000000008005ea0       0x84 ./Middlewares/Third_Party/FreeRTOS/Source/timers.o
 .text.prvProcessReceivedCommands
                0x0000000008005f24      0x1c4 ./Middlewares/Third_Party/FreeRTOS/Source/timers.o
 .text.prvSwitchTimerLists
                0x00000000080060e8       0xc8 ./Middlewares/Third_Party/FreeRTOS/Source/timers.o
 .text.prvCheckForValidListAndQueue
                0x00000000080061b0       0x80 ./Middlewares/Third_Party/FreeRTOS/Source/timers.o
 .text.pxPortInitialiseStack
                0x0000000008006230       0x58 ./Middlewares/Third_Party/FreeRTOS/Source/portable/GCC/ARM_CM3/port.o
                0x0000000008006230                pxPortInitialiseStack
 .text.prvTaskExitError
                0x0000000008006288       0x58 ./Middlewares/Third_Party/FreeRTOS/Source/portable/GCC/ARM_CM3/port.o
 .text.SVC_Handler
                0x00000000080062e0       0x28 ./Middlewares/Third_Party/FreeRTOS/Source/portable/GCC/ARM_CM3/port.o
                0x00000000080062e0                SVC_Handler
 .text.prvPortStartFirstTask
                0x0000000008006308       0x20 ./Middlewares/Third_Party/FreeRTOS/Source/portable/GCC/ARM_CM3/port.o
 .text.xPortStartScheduler
                0x0000000008006328       0xe4 ./Middlewares/Third_Party/FreeRTOS/Source/portable/GCC/ARM_CM3/port.o
                0x0000000008006328                xPortStartScheduler
 .text.vPortEnterCritical
                0x000000000800640c       0x60 ./Middlewares/Third_Party/FreeRTOS/Source/portable/GCC/ARM_CM3/port.o
                0x000000000800640c                vPortEnterCritical
 .text.vPortExitCritical
                0x000000000800646c       0x50 ./Middlewares/Third_Party/FreeRTOS/Source/portable/GCC/ARM_CM3/port.o
                0x000000000800646c                vPortExitCritical
 *fill*         0x00000000080064bc        0x4 
 .text.PendSV_Handler
                0x00000000080064c0       0x48 ./Middlewares/Third_Party/FreeRTOS/Source/portable/GCC/ARM_CM3/port.o
                0x00000000080064c0                PendSV_Handler
 .text.SysTick_Handler
                0x0000000008006508       0x44 ./Middlewares/Third_Party/FreeRTOS/Source/portable/GCC/ARM_CM3/port.o
                0x0000000008006508                SysTick_Handler
 .text.vPortSetupTimerInterrupt
                0x000000000800654c       0x44 ./Middlewares/Third_Party/FreeRTOS/Source/portable/GCC/ARM_CM3/port.o
                0x000000000800654c                vPortSetupTimerInterrupt
 .text.vPortValidateInterruptPriority
                0x0000000008006590       0x7c ./Middlewares/Third_Party/FreeRTOS/Source/portable/GCC/ARM_CM3/port.o
                0x0000000008006590                vPortValidateInterruptPriority
 .text.pvPortMalloc
                0x000000000800660c      0x198 ./Middlewares/Third_Party/FreeRTOS/Source/portable/MemMang/heap_4.o
                0x000000000800660c                pvPortMalloc
 .text.vPortFree
                0x00000000080067a4       0xc4 ./Middlewares/Third_Party/FreeRTOS/Source/portable/MemMang/heap_4.o
                0x00000000080067a4                vPortFree
 .text.prvHeapInit
                0x0000000008006868       0xc4 ./Middlewares/Third_Party/FreeRTOS/Source/portable/MemMang/heap_4.o
 .text.prvInsertBlockIntoFreeList
                0x000000000800692c       0xb0 ./Middlewares/Third_Party/FreeRTOS/Source/portable/MemMang/heap_4.o
 .text.__libc_init_array
                0x00000000080069dc       0x48 e:/stm32cubeide/stm32cubeide_1.11.2/stm32cubeide/plugins/com.st.stm32cube.ide.mcu.externaltools.gnu-tools-for-stm32.10.3-2021.10.win32_1.0.100.202210260954/tools/bin/../lib/gcc/arm-none-eabi/10.3.1/../../../../arm-none-eabi/lib/thumb/v7-m/nofp\libc_nano.a(lib_a-init.o)
                0x00000000080069dc                __libc_init_array
 .text.memcpy   0x0000000008006a24       0x1c e:/stm32cubeide/stm32cubeide_1.11.2/stm32cubeide/plugins/com.st.stm32cube.ide.mcu.externaltools.gnu-tools-for-stm32.10.3-2021.10.win32_1.0.100.202210260954/tools/bin/../lib/gcc/arm-none-eabi/10.3.1/../../../../arm-none-eabi/lib/thumb/v7-m/nofp\libc_nano.a(lib_a-memcpy-stub.o)
                0x0000000008006a24                memcpy
 .text.memset   0x0000000008006a40       0x10 e:/stm32cubeide/stm32cubeide_1.11.2/stm32cubeide/plugins/com.st.stm32cube.ide.mcu.externaltools.gnu-tools-for-stm32.10.3-2021.10.win32_1.0.100.202210260954/tools/bin/../lib/gcc/arm-none-eabi/10.3.1/../../../../arm-none-eabi/lib/thumb/v7-m/nofp\libc_nano.a(lib_a-memset.o)
                0x0000000008006a40                memset
 *(.glue_7)
 .glue_7        0x0000000008006a50        0x0 linker stubs
 *(.glue_7t)
 .glue_7t       0x0000000008006a50        0x0 linker stubs
 *(.eh_frame)
 .eh_frame      0x0000000008006a50        0x0 e:/stm32cubeide/stm32cubeide_1.11.2/stm32cubeide/plugins/com.st.stm32cube.ide.mcu.externaltools.gnu-tools-for-stm32.10.3-2021.10.win32_1.0.100.202210260954/tools/bin/../lib/gcc/arm-none-eabi/10.3.1/thumb/v7-m/nofp/crtbegin.o
 *(.init)
 .init          0x0000000008006a50        0x4 e:/stm32cubeide/stm32cubeide_1.11.2/stm32cubeide/plugins/com.st.stm32cube.ide.mcu.externaltools.gnu-tools-for-stm32.10.3-2021.10.win32_1.0.100.202210260954/tools/bin/../lib/gcc/arm-none-eabi/10.3.1/thumb/v7-m/nofp/crti.o
                0x0000000008006a50                _init
 .init          0x0000000008006a54        0x8 e:/stm32cubeide/stm32cubeide_1.11.2/stm32cubeide/plugins/com.st.stm32cube.ide.mcu.externaltools.gnu-tools-for-stm32.10.3-2021.10.win32_1.0.100.202210260954/tools/bin/../lib/gcc/arm-none-eabi/10.3.1/thumb/v7-m/nofp/crtn.o
 *(.fini)
 .fini          0x0000000008006a5c        0x4 e:/stm32cubeide/stm32cubeide_1.11.2/stm32cubeide/plugins/com.st.stm32cube.ide.mcu.externaltools.gnu-tools-for-stm32.10.3-2021.10.win32_1.0.100.202210260954/tools/bin/../lib/gcc/arm-none-eabi/10.3.1/thumb/v7-m/nofp/crti.o
                0x0000000008006a5c                _fini
 .fini          0x0000000008006a60        0x8 e:/stm32cubeide/stm32cubeide_1.11.2/stm32cubeide/plugins/com.st.stm32cube.ide.mcu.externaltools.gnu-tools-for-stm32.10.3-2021.10.win32_1.0.100.202210260954/tools/bin/../lib/gcc/arm-none-eabi/10.3.1/thumb/v7-m/nofp/crtn.o
                0x0000000008006a68                . = ALIGN (0x4)
                0x0000000008006a68                _etext = .

.vfp11_veneer   0x0000000008006a68        0x0
 .vfp11_veneer  0x0000000008006a68        0x0 linker stubs

.v4_bx          0x0000000008006a68        0x0
 .v4_bx         0x0000000008006a68        0x0 linker stubs

.iplt           0x0000000008006a68        0x0
 .iplt          0x0000000008006a68        0x0 e:/stm32cubeide/stm32cubeide_1.11.2/stm32cubeide/plugins/com.st.stm32cube.ide.mcu.externaltools.gnu-tools-for-stm32.10.3-2021.10.win32_1.0.100.202210260954/tools/bin/../lib/gcc/arm-none-eabi/10.3.1/thumb/v7-m/nofp/crtbegin.o

.rodata         0x0000000008006a68      0x228
                0x0000000008006a68                . = ALIGN (0x4)
 *(.rodata)
 .rodata        0x0000000008006a68       0x3a ./Core/Src/freertos.o
 *fill*         0x0000000008006aa2        0x2 
 .rodata        0x0000000008006aa4        0x5 ./Middlewares/Third_Party/FreeRTOS/Source/tasks.o
 *fill*         0x0000000008006aa9        0x3 
 .rodata        0x0000000008006aac        0xd ./Middlewares/Third_Party/FreeRTOS/Source/timers.o
 *(.rodata*)
 *fill*         0x0000000008006ab9        0x3 
 .rodata.defaultTask_attributes
                0x0000000008006abc       0x24 ./Core/Src/freertos.o
                0x0000000008006abc                defaultTask_attributes
 .rodata.UART1Task_attributes
                0x0000000008006ae0       0x24 ./Core/Src/freertos.o
                0x0000000008006ae0                UART1Task_attributes
 .rodata.UART2Task_attributes
                0x0000000008006b04       0x24 ./Core/Src/freertos.o
                0x0000000008006b04                UART2Task_attributes
 .rodata.UART3Task_attributes
                0x0000000008006b28       0x24 ./Core/Src/freertos.o
                0x0000000008006b28                UART3Task_attributes
 .rodata.UARTQueue_attributes
                0x0000000008006b4c       0x18 ./Core/Src/freertos.o
                0x0000000008006b4c                UARTQueue_attributes
 .rodata.mavlink_message_crcs.2
                0x0000000008006b64      0x100 ./Core/Src/freertos.o
 .rodata.AHBPrescTable
                0x0000000008006c64       0x10 ./Core/Src/system_stm32f1xx.o
                0x0000000008006c64                AHBPrescTable
 .rodata.APBPrescTable
                0x0000000008006c74        0x8 ./Core/Src/system_stm32f1xx.o
                0x0000000008006c74                APBPrescTable
 .rodata.aPLLMULFactorTable.1
                0x0000000008006c7c       0x10 ./Drivers/STM32F1xx_HAL_Driver/Src/stm32f1xx_hal_rcc.o
 .rodata.aPredivFactorTable.0
                0x0000000008006c8c        0x2 ./Drivers/STM32F1xx_HAL_Driver/Src/stm32f1xx_hal_rcc.o
                0x0000000008006c90                . = ALIGN (0x4)
 *fill*         0x0000000008006c8e        0x2 

.rel.dyn        0x0000000008006c90        0x0
 .rel.iplt      0x0000000008006c90        0x0 e:/stm32cubeide/stm32cubeide_1.11.2/stm32cubeide/plugins/com.st.stm32cube.ide.mcu.externaltools.gnu-tools-for-stm32.10.3-2021.10.win32_1.0.100.202210260954/tools/bin/../lib/gcc/arm-none-eabi/10.3.1/thumb/v7-m/nofp/crtbegin.o

.ARM.extab      0x0000000008006c90        0x0
                0x0000000008006c90                . = ALIGN (0x4)
 *(.ARM.extab* .gnu.linkonce.armextab.*)
                0x0000000008006c90                . = ALIGN (0x4)

.ARM            0x0000000008006c90        0x0
                0x0000000008006c90                . = ALIGN (0x4)
                0x0000000008006c90                __exidx_start = .
 *(.ARM.exidx*)
                0x0000000008006c90                __exidx_end = .
                0x0000000008006c90                . = ALIGN (0x4)

.preinit_array  0x0000000008006c90        0x0
                0x0000000008006c90                . = ALIGN (0x4)
                0x0000000008006c90                PROVIDE (__preinit_array_start = .)
 *(.preinit_array*)
                0x0000000008006c90                PROVIDE (__preinit_array_end = .)
                0x0000000008006c90                . = ALIGN (0x4)

.init_array     0x0000000008006c90        0x4
                0x0000000008006c90                . = ALIGN (0x4)
                0x0000000008006c90                PROVIDE (__init_array_start = .)
 *(SORT_BY_NAME(.init_array.*))
 *(.init_array*)
 .init_array    0x0000000008006c90        0x4 e:/stm32cubeide/stm32cubeide_1.11.2/stm32cubeide/plugins/com.st.stm32cube.ide.mcu.externaltools.gnu-tools-for-stm32.10.3-2021.10.win32_1.0.100.202210260954/tools/bin/../lib/gcc/arm-none-eabi/10.3.1/thumb/v7-m/nofp/crtbegin.o
                0x0000000008006c94                PROVIDE (__init_array_end = .)
                0x0000000008006c94                . = ALIGN (0x4)

.fini_array     0x0000000008006c94        0x4
                0x0000000008006c94                . = ALIGN (0x4)
                [!provide]                        PROVIDE (__fini_array_start = .)
 *(SORT_BY_NAME(.fini_array.*))
 *(.fini_array*)
 .fini_array    0x0000000008006c94        0x4 e:/stm32cubeide/stm32cubeide_1.11.2/stm32cubeide/plugins/com.st.stm32cube.ide.mcu.externaltools.gnu-tools-for-stm32.10.3-2021.10.win32_1.0.100.202210260954/tools/bin/../lib/gcc/arm-none-eabi/10.3.1/thumb/v7-m/nofp/crtbegin.o
                [!provide]                        PROVIDE (__fini_array_end = .)
                0x0000000008006c98                . = ALIGN (0x4)
                0x0000000008006c98                _sidata = LOADADDR (.data)

.data           0x0000000020000000       0x10 load address 0x0000000008006c98
                0x0000000020000000                . = ALIGN (0x4)
                0x0000000020000000                _sdata = .
 *(.data)
 *(.data*)
 .data.SystemCoreClock
                0x0000000020000000        0x4 ./Core/Src/system_stm32f1xx.o
                0x0000000020000000                SystemCoreClock
 .data.uwTickPrio
                0x0000000020000004        0x4 ./Drivers/STM32F1xx_HAL_Driver/Src/stm32f1xx_hal.o
                0x0000000020000004                uwTickPrio
 .data.uwTickFreq
                0x0000000020000008        0x1 ./Drivers/STM32F1xx_HAL_Driver/Src/stm32f1xx_hal.o
                0x0000000020000008                uwTickFreq
 *fill*         0x0000000020000009        0x3 
 .data.uxCriticalNesting
                0x000000002000000c        0x4 ./Middlewares/Third_Party/FreeRTOS/Source/portable/GCC/ARM_CM3/port.o
 *(.RamFunc)
 *(.RamFunc*)
                0x0000000020000010                . = ALIGN (0x4)
                0x0000000020000010                _edata = .

.igot.plt       0x0000000020000010        0x0 load address 0x0000000008006ca8
 .igot.plt      0x0000000020000010        0x0 e:/stm32cubeide/stm32cubeide_1.11.2/stm32cubeide/plugins/com.st.stm32cube.ide.mcu.externaltools.gnu-tools-for-stm32.10.3-2021.10.win32_1.0.100.202210260954/tools/bin/../lib/gcc/arm-none-eabi/10.3.1/thumb/v7-m/nofp/crtbegin.o
                0x0000000020000010                . = ALIGN (0x4)

.bss            0x0000000020000010     0x3834 load address 0x0000000008006ca8
                0x0000000020000010                _sbss = .
                0x0000000020000010                __bss_start__ = _sbss
 *(.bss)
 .bss           0x0000000020000010       0x1c e:/stm32cubeide/stm32cubeide_1.11.2/stm32cubeide/plugins/com.st.stm32cube.ide.mcu.externaltools.gnu-tools-for-stm32.10.3-2021.10.win32_1.0.100.202210260954/tools/bin/../lib/gcc/arm-none-eabi/10.3.1/thumb/v7-m/nofp/crtbegin.o
 *(.bss*)
 .bss.defaultTaskHandle
                0x000000002000002c        0x4 ./Core/Src/freertos.o
                0x000000002000002c                defaultTaskHandle
 .bss.UART1TaskHandle
                0x0000000020000030        0x4 ./Core/Src/freertos.o
                0x0000000020000030                UART1TaskHandle
 .bss.UART1TaskBuffer
                0x0000000020000034      0x200 ./Core/Src/freertos.o
                0x0000000020000034                UART1TaskBuffer
 .bss.UART1TaskControlBlock
                0x0000000020000234       0x5c ./Core/Src/freertos.o
                0x0000000020000234                UART1TaskControlBlock
 .bss.UART2TaskHandle
                0x0000000020000290        0x4 ./Core/Src/freertos.o
                0x0000000020000290                UART2TaskHandle
 .bss.UART2TaskBuffer
                0x0000000020000294      0x200 ./Core/Src/freertos.o
                0x0000000020000294                UART2TaskBuffer
 .bss.UART2TaskControlBlock
                0x0000000020000494       0x5c ./Core/Src/freertos.o
                0x0000000020000494                UART2TaskControlBlock
 .bss.UART3TaskHandle
                0x00000000200004f0        0x4 ./Core/Src/freertos.o
                0x00000000200004f0                UART3TaskHandle
 .bss.UART3TaskBuffer
                0x00000000200004f4      0x200 ./Core/Src/freertos.o
                0x00000000200004f4                UART3TaskBuffer
 .bss.UART3TaskControlBlock
                0x00000000200006f4       0x5c ./Core/Src/freertos.o
                0x00000000200006f4                UART3TaskControlBlock
 .bss.UARTQueueHandle
                0x0000000020000750        0x4 ./Core/Src/freertos.o
                0x0000000020000750                UARTQueueHandle
 .bss.UARTQueueBuffer
                0x0000000020000754      0xaaa ./Core/Src/freertos.o
                0x0000000020000754                UARTQueueBuffer
 *fill*         0x00000000200011fe        0x2 
 .bss.UARTQueueControlBlock
                0x0000000020001200       0x50 ./Core/Src/freertos.o
                0x0000000020001200                UARTQueueControlBlock
 .bss.m_mavlink_buffer.1
                0x0000000020001250      0x440 ./Core/Src/freertos.o
 .bss.m_mavlink_status.0
                0x0000000020001690       0x30 ./Core/Src/freertos.o
 .bss.uart1_dma_buf
                0x00000000200016c0       0x40 ./Core/Src/main.o
                0x00000000200016c0                uart1_dma_buf
 .bss.uart1_fifo
                0x0000000020001700      0x104 ./Core/Src/main.o
                0x0000000020001700                uart1_fifo
 .bss.uart2_dma_buf
                0x0000000020001804       0x40 ./Core/Src/main.o
                0x0000000020001804                uart2_dma_buf
 .bss.uart2_fifo
                0x0000000020001844      0x104 ./Core/Src/main.o
                0x0000000020001844                uart2_fifo
 .bss.htim4     0x0000000020001948       0x48 ./Core/Src/stm32f1xx_hal_timebase_tim.o
                0x0000000020001948                htim4
 .bss.huart1    0x0000000020001990       0x48 ./Core/Src/usart.o
                0x0000000020001990                huart1
 .bss.huart2    0x00000000200019d8       0x48 ./Core/Src/usart.o
                0x00000000200019d8                huart2
 .bss.huart3    0x0000000020001a20       0x48 ./Core/Src/usart.o
                0x0000000020001a20                huart3
 .bss.hdma_usart1_rx
                0x0000000020001a68       0x44 ./Core/Src/usart.o
                0x0000000020001a68                hdma_usart1_rx
 .bss.hdma_usart2_rx
                0x0000000020001aac       0x44 ./Core/Src/usart.o
                0x0000000020001aac                hdma_usart2_rx
 .bss.uwTick    0x0000000020001af0        0x4 ./Drivers/STM32F1xx_HAL_Driver/Src/stm32f1xx_hal.o
                0x0000000020001af0                uwTick
 .bss.KernelState
                0x0000000020001af4        0x4 ./Middlewares/Third_Party/FreeRTOS/Source/CMSIS_RTOS_V2/cmsis_os2.o
 .bss.Idle_TCB.3
                0x0000000020001af8       0x5c ./Middlewares/Third_Party/FreeRTOS/Source/CMSIS_RTOS_V2/cmsis_os2.o
 .bss.Idle_Stack.2
                0x0000000020001b54      0x200 ./Middlewares/Third_Party/FreeRTOS/Source/CMSIS_RTOS_V2/cmsis_os2.o
 .bss.Timer_TCB.1
                0x0000000020001d54       0x5c ./Middlewares/Third_Party/FreeRTOS/Source/CMSIS_RTOS_V2/cmsis_os2.o
 .bss.Timer_Stack.0
                0x0000000020001db0      0x400 ./Middlewares/Third_Party/FreeRTOS/Source/CMSIS_RTOS_V2/cmsis_os2.o
 .bss.xQueueRegistry
                0x00000000200021b0       0x40 ./Middlewares/Third_Party/FreeRTOS/Source/queue.o
                0x00000000200021b0                xQueueRegistry
 .bss.pxCurrentTCB
                0x00000000200021f0        0x4 ./Middlewares/Third_Party/FreeRTOS/Source/tasks.o
                0x00000000200021f0                pxCurrentTCB
 .bss.pxReadyTasksLists
                0x00000000200021f4      0x460 ./Middlewares/Third_Party/FreeRTOS/Source/tasks.o
 .bss.xDelayedTaskList1
                0x0000000020002654       0x14 ./Middlewares/Third_Party/FreeRTOS/Source/tasks.o
 .bss.xDelayedTaskList2
                0x0000000020002668       0x14 ./Middlewares/Third_Party/FreeRTOS/Source/tasks.o
 .bss.pxDelayedTaskList
                0x000000002000267c        0x4 ./Middlewares/Third_Party/FreeRTOS/Source/tasks.o
 .bss.pxOverflowDelayedTaskList
                0x0000000020002680        0x4 ./Middlewares/Third_Party/FreeRTOS/Source/tasks.o
 .bss.xPendingReadyList
                0x0000000020002684       0x14 ./Middlewares/Third_Party/FreeRTOS/Source/tasks.o
 .bss.xTasksWaitingTermination
                0x0000000020002698       0x14 ./Middlewares/Third_Party/FreeRTOS/Source/tasks.o
 .bss.uxDeletedTasksWaitingCleanUp
                0x00000000200026ac        0x4 ./Middlewares/Third_Party/FreeRTOS/Source/tasks.o
 .bss.xSuspendedTaskList
                0x00000000200026b0       0x14 ./Middlewares/Third_Party/FreeRTOS/Source/tasks.o
 .bss.uxCurrentNumberOfTasks
                0x00000000200026c4        0x4 ./Middlewares/Third_Party/FreeRTOS/Source/tasks.o
 .bss.xTickCount
                0x00000000200026c8        0x4 ./Middlewares/Third_Party/FreeRTOS/Source/tasks.o
 .bss.uxTopReadyPriority
                0x00000000200026cc        0x4 ./Middlewares/Third_Party/FreeRTOS/Source/tasks.o
 .bss.xSchedulerRunning
                0x00000000200026d0        0x4 ./Middlewares/Third_Party/FreeRTOS/Source/tasks.o
 .bss.xPendedTicks
                0x00000000200026d4        0x4 ./Middlewares/Third_Party/FreeRTOS/Source/tasks.o
 .bss.xYieldPending
                0x00000000200026d8        0x4 ./Middlewares/Third_Party/FreeRTOS/Source/tasks.o
 .bss.xNumOfOverflows
                0x00000000200026dc        0x4 ./Middlewares/Third_Party/FreeRTOS/Source/tasks.o
 .bss.uxTaskNumber
                0x00000000200026e0        0x4 ./Middlewares/Third_Party/FreeRTOS/Source/tasks.o
 .bss.xNextTaskUnblockTime
                0x00000000200026e4        0x4 ./Middlewares/Third_Party/FreeRTOS/Source/tasks.o
 .bss.xIdleTaskHandle
                0x00000000200026e8        0x4 ./Middlewares/Third_Party/FreeRTOS/Source/tasks.o
 .bss.uxSchedulerSuspended
                0x00000000200026ec        0x4 ./Middlewares/Third_Party/FreeRTOS/Source/tasks.o
 .bss.xActiveTimerList1
                0x00000000200026f0       0x14 ./Middlewares/Third_Party/FreeRTOS/Source/timers.o
 .bss.xActiveTimerList2
                0x0000000020002704       0x14 ./Middlewares/Third_Party/FreeRTOS/Source/timers.o
 .bss.pxCurrentTimerList
                0x0000000020002718        0x4 ./Middlewares/Third_Party/FreeRTOS/Source/timers.o
 .bss.pxOverflowTimerList
                0x000000002000271c        0x4 ./Middlewares/Third_Party/FreeRTOS/Source/timers.o
 .bss.xTimerQueue
                0x0000000020002720        0x4 ./Middlewares/Third_Party/FreeRTOS/Source/timers.o
 .bss.xTimerTaskHandle
                0x0000000020002724        0x4 ./Middlewares/Third_Party/FreeRTOS/Source/timers.o
 .bss.xLastTime.2
                0x0000000020002728        0x4 ./Middlewares/Third_Party/FreeRTOS/Source/timers.o
 .bss.ucStaticTimerQueueStorage.1
                0x000000002000272c       0xa0 ./Middlewares/Third_Party/FreeRTOS/Source/timers.o
 .bss.xStaticTimerQueue.0
                0x00000000200027cc       0x50 ./Middlewares/Third_Party/FreeRTOS/Source/timers.o
 .bss.ucMaxSysCallPriority
                0x000000002000281c        0x1 ./Middlewares/Third_Party/FreeRTOS/Source/portable/GCC/ARM_CM3/port.o
 *fill*         0x000000002000281d        0x3 
 .bss.ulMaxPRIGROUPValue
                0x0000000020002820        0x4 ./Middlewares/Third_Party/FreeRTOS/Source/portable/GCC/ARM_CM3/port.o
 .bss.ucHeap    0x0000000020002824     0x1000 ./Middlewares/Third_Party/FreeRTOS/Source/portable/MemMang/heap_4.o
 .bss.xStart    0x0000000020003824        0x8 ./Middlewares/Third_Party/FreeRTOS/Source/portable/MemMang/heap_4.o
 .bss.pxEnd     0x000000002000382c        0x4 ./Middlewares/Third_Party/FreeRTOS/Source/portable/MemMang/heap_4.o
 .bss.xFreeBytesRemaining
                0x0000000020003830        0x4 ./Middlewares/Third_Party/FreeRTOS/Source/portable/MemMang/heap_4.o
 .bss.xMinimumEverFreeBytesRemaining
                0x0000000020003834        0x4 ./Middlewares/Third_Party/FreeRTOS/Source/portable/MemMang/heap_4.o
 .bss.xNumberOfSuccessfulAllocations
                0x0000000020003838        0x4 ./Middlewares/Third_Party/FreeRTOS/Source/portable/MemMang/heap_4.o
 .bss.xNumberOfSuccessfulFrees
                0x000000002000383c        0x4 ./Middlewares/Third_Party/FreeRTOS/Source/portable/MemMang/heap_4.o
 .bss.xBlockAllocatedBit
                0x0000000020003840        0x4 ./Middlewares/Third_Party/FreeRTOS/Source/portable/MemMang/heap_4.o
 *(COMMON)
                0x0000000020003844                . = ALIGN (0x4)
                0x0000000020003844                _ebss = .
                0x0000000020003844                __bss_end__ = _ebss

._user_heap_stack
                0x0000000020003844      0x604 load address 0x0000000008006ca8
                0x0000000020003848                . = ALIGN (0x8)
 *fill*         0x0000000020003844        0x4 
                [!provide]                        PROVIDE (end = .)
                0x0000000020003848                PROVIDE (_end = .)
                0x0000000020003a48                . = (. + _Min_Heap_Size)
 *fill*         0x0000000020003848      0x200 
                0x0000000020003e48                . = (. + _Min_Stack_Size)
 *fill*         0x0000000020003a48      0x400 
                0x0000000020003e48                . = ALIGN (0x8)

/DISCARD/
 libc.a(*)
 libm.a(*)
 libgcc.a(*)

.ARM.attributes
                0x0000000000000000       0x29
 *(.ARM.attributes)
 .ARM.attributes
                0x0000000000000000       0x1d e:/stm32cubeide/stm32cubeide_1.11.2/stm32cubeide/plugins/com.st.stm32cube.ide.mcu.externaltools.gnu-tools-for-stm32.10.3-2021.10.win32_1.0.100.202210260954/tools/bin/../lib/gcc/arm-none-eabi/10.3.1/thumb/v7-m/nofp/crti.o
 .ARM.attributes
                0x000000000000001d       0x2d e:/stm32cubeide/stm32cubeide_1.11.2/stm32cubeide/plugins/com.st.stm32cube.ide.mcu.externaltools.gnu-tools-for-stm32.10.3-2021.10.win32_1.0.100.202210260954/tools/bin/../lib/gcc/arm-none-eabi/10.3.1/thumb/v7-m/nofp/crtbegin.o
 .ARM.attributes
                0x000000000000004a       0x2d ./Core/Src/dma.o
 .ARM.attributes
                0x0000000000000077       0x2d ./Core/Src/fifo.o
 .ARM.attributes
                0x00000000000000a4       0x2d ./Core/Src/freertos.o
 .ARM.attributes
                0x00000000000000d1       0x2d ./Core/Src/gpio.o
 .ARM.attributes
                0x00000000000000fe       0x2d ./Core/Src/main.o
 .ARM.attributes
                0x000000000000012b       0x2d ./Core/Src/stm32f1xx_hal_msp.o
 .ARM.attributes
                0x0000000000000158       0x2d ./Core/Src/stm32f1xx_hal_timebase_tim.o
 .ARM.attributes
                0x0000000000000185       0x2d ./Core/Src/stm32f1xx_it.o
 .ARM.attributes
                0x00000000000001b2       0x2d ./Core/Src/system_stm32f1xx.o
 .ARM.attributes
                0x00000000000001df       0x2d ./Core/Src/usart.o
 .ARM.attributes
                0x000000000000020c       0x21 ./Core/Startup/startup_stm32f103rbtx.o
 .ARM.attributes
                0x000000000000022d       0x2d ./Drivers/STM32F1xx_HAL_Driver/Src/stm32f1xx_hal.o
 .ARM.attributes
                0x000000000000025a       0x2d ./Drivers/STM32F1xx_HAL_Driver/Src/stm32f1xx_hal_cortex.o
 .ARM.attributes
                0x0000000000000287       0x2d ./Drivers/STM32F1xx_HAL_Driver/Src/stm32f1xx_hal_dma.o
 .ARM.attributes
                0x00000000000002b4       0x2d ./Drivers/STM32F1xx_HAL_Driver/Src/stm32f1xx_hal_gpio.o
 .ARM.attributes
                0x00000000000002e1       0x2d ./Drivers/STM32F1xx_HAL_Driver/Src/stm32f1xx_hal_rcc.o
 .ARM.attributes
                0x000000000000030e       0x2d ./Drivers/STM32F1xx_HAL_Driver/Src/stm32f1xx_hal_tim.o
 .ARM.attributes
                0x000000000000033b       0x2d ./Drivers/STM32F1xx_HAL_Driver/Src/stm32f1xx_hal_tim_ex.o
 .ARM.attributes
                0x0000000000000368       0x2d ./Drivers/STM32F1xx_HAL_Driver/Src/stm32f1xx_hal_uart.o
 .ARM.attributes
                0x0000000000000395       0x2d ./Middlewares/Third_Party/FreeRTOS/Source/CMSIS_RTOS_V2/cmsis_os2.o
 .ARM.attributes
                0x00000000000003c2       0x2d ./Middlewares/Third_Party/FreeRTOS/Source/list.o
 .ARM.attributes
                0x00000000000003ef       0x2d ./Middlewares/Third_Party/FreeRTOS/Source/queue.o
 .ARM.attributes
                0x000000000000041c       0x2d ./Middlewares/Third_Party/FreeRTOS/Source/tasks.o
 .ARM.attributes
                0x0000000000000449       0x2d ./Middlewares/Third_Party/FreeRTOS/Source/timers.o
 .ARM.attributes
                0x0000000000000476       0x2d ./Middlewares/Third_Party/FreeRTOS/Source/portable/GCC/ARM_CM3/port.o
 .ARM.attributes
                0x00000000000004a3       0x2d ./Middlewares/Third_Party/FreeRTOS/Source/portable/MemMang/heap_4.o
 .ARM.attributes
                0x00000000000004d0       0x2d e:/stm32cubeide/stm32cubeide_1.11.2/stm32cubeide/plugins/com.st.stm32cube.ide.mcu.externaltools.gnu-tools-for-stm32.10.3-2021.10.win32_1.0.100.202210260954/tools/bin/../lib/gcc/arm-none-eabi/10.3.1/../../../../arm-none-eabi/lib/thumb/v7-m/nofp\libc_nano.a(lib_a-init.o)
 .ARM.attributes
                0x00000000000004fd       0x2d e:/stm32cubeide/stm32cubeide_1.11.2/stm32cubeide/plugins/com.st.stm32cube.ide.mcu.externaltools.gnu-tools-for-stm32.10.3-2021.10.win32_1.0.100.202210260954/tools/bin/../lib/gcc/arm-none-eabi/10.3.1/../../../../arm-none-eabi/lib/thumb/v7-m/nofp\libc_nano.a(lib_a-memcpy-stub.o)
 .ARM.attributes
                0x000000000000052a       0x2d e:/stm32cubeide/stm32cubeide_1.11.2/stm32cubeide/plugins/com.st.stm32cube.ide.mcu.externaltools.gnu-tools-for-stm32.10.3-2021.10.win32_1.0.100.202210260954/tools/bin/../lib/gcc/arm-none-eabi/10.3.1/../../../../arm-none-eabi/lib/thumb/v7-m/nofp\libc_nano.a(lib_a-memset.o)
 .ARM.attributes
                0x0000000000000557       0x1d e:/stm32cubeide/stm32cubeide_1.11.2/stm32cubeide/plugins/com.st.stm32cube.ide.mcu.externaltools.gnu-tools-for-stm32.10.3-2021.10.win32_1.0.100.202210260954/tools/bin/../lib/gcc/arm-none-eabi/10.3.1/thumb/v7-m/nofp/crtn.o
OUTPUT(Project_Data_aggregation_block.elf elf32-littlearm)
LOAD linker stubs
LOAD e:/stm32cubeide/stm32cubeide_1.11.2/stm32cubeide/plugins/com.st.stm32cube.ide.mcu.externaltools.gnu-tools-for-stm32.10.3-2021.10.win32_1.0.100.202210260954/tools/bin/../lib/gcc/arm-none-eabi/10.3.1/../../../../arm-none-eabi/lib/thumb/v7-m/nofp\libc.a
LOAD e:/stm32cubeide/stm32cubeide_1.11.2/stm32cubeide/plugins/com.st.stm32cube.ide.mcu.externaltools.gnu-tools-for-stm32.10.3-2021.10.win32_1.0.100.202210260954/tools/bin/../lib/gcc/arm-none-eabi/10.3.1/../../../../arm-none-eabi/lib/thumb/v7-m/nofp\libm.a
LOAD e:/stm32cubeide/stm32cubeide_1.11.2/stm32cubeide/plugins/com.st.stm32cube.ide.mcu.externaltools.gnu-tools-for-stm32.10.3-2021.10.win32_1.0.100.202210260954/tools/bin/../lib/gcc/arm-none-eabi/10.3.1/thumb/v7-m/nofp\libgcc.a

.debug_info     0x0000000000000000    0x18a80
 .debug_info    0x0000000000000000      0x2fb ./Core/Src/dma.o
 .debug_info    0x00000000000002fb      0x1d0 ./Core/Src/fifo.o
 .debug_info    0x00000000000004cb     0x157e ./Core/Src/freertos.o
 .debug_info    0x0000000000001a49      0x4a3 ./Core/Src/gpio.o
 .debug_info    0x0000000000001eec      0xca0 ./Core/Src/main.o
 .debug_info    0x0000000000002b8c      0x395 ./Core/Src/stm32f1xx_hal_msp.o
 .debug_info    0x0000000000002f21      0x9fd ./Core/Src/stm32f1xx_hal_timebase_tim.o
 .debug_info    0x000000000000391e      0xa3d ./Core/Src/stm32f1xx_it.o
 .debug_info    0x000000000000435b      0x23d ./Core/Src/system_stm32f1xx.o
 .debug_info    0x0000000000004598      0xcd1 ./Core/Src/usart.o
 .debug_info    0x0000000000005269       0x22 ./Core/Startup/startup_stm32f103rbtx.o
 .debug_info    0x000000000000528b      0x734 ./Drivers/STM32F1xx_HAL_Driver/Src/stm32f1xx_hal.o
 .debug_info    0x00000000000059bf      0xb20 ./Drivers/STM32F1xx_HAL_Driver/Src/stm32f1xx_hal_cortex.o
 .debug_info    0x00000000000064df      0x744 ./Drivers/STM32F1xx_HAL_Driver/Src/stm32f1xx_hal_dma.o
 .debug_info    0x0000000000006c23      0x615 ./Drivers/STM32F1xx_HAL_Driver/Src/stm32f1xx_hal_gpio.o
 .debug_info    0x0000000000007238      0x865 ./Drivers/STM32F1xx_HAL_Driver/Src/stm32f1xx_hal_rcc.o
 .debug_info    0x0000000000007a9d     0x2bcb ./Drivers/STM32F1xx_HAL_Driver/Src/stm32f1xx_hal_tim.o
 .debug_info    0x000000000000a668     0x15c7 ./Drivers/STM32F1xx_HAL_Driver/Src/stm32f1xx_hal_tim_ex.o
 .debug_info    0x000000000000bc2f     0x30f2 ./Drivers/STM32F1xx_HAL_Driver/Src/stm32f1xx_hal_uart.o
 .debug_info    0x000000000000ed21     0x3b39 ./Middlewares/Third_Party/FreeRTOS/Source/CMSIS_RTOS_V2/cmsis_os2.o
 .debug_info    0x000000000001285a      0x2d1 ./Middlewares/Third_Party/FreeRTOS/Source/list.o
 .debug_info    0x0000000000012b2b     0x1cbf ./Middlewares/Third_Party/FreeRTOS/Source/queue.o
 .debug_info    0x00000000000147ea     0x2362 ./Middlewares/Third_Party/FreeRTOS/Source/tasks.o
 .debug_info    0x0000000000016b4c     0x1572 ./Middlewares/Third_Party/FreeRTOS/Source/timers.o
 .debug_info    0x00000000000180be      0x4b7 ./Middlewares/Third_Party/FreeRTOS/Source/portable/GCC/ARM_CM3/port.o
 .debug_info    0x0000000000018575      0x50b ./Middlewares/Third_Party/FreeRTOS/Source/portable/MemMang/heap_4.o

.debug_abbrev   0x0000000000000000     0x39ad
 .debug_abbrev  0x0000000000000000       0xf8 ./Core/Src/dma.o
 .debug_abbrev  0x00000000000000f8       0xe2 ./Core/Src/fifo.o
 .debug_abbrev  0x00000000000001da      0x3a2 ./Core/Src/freertos.o
 .debug_abbrev  0x000000000000057c      0x152 ./Core/Src/gpio.o
 .debug_abbrev  0x00000000000006ce      0x299 ./Core/Src/main.o
 .debug_abbrev  0x0000000000000967      0x115 ./Core/Src/stm32f1xx_hal_msp.o
 .debug_abbrev  0x0000000000000a7c      0x1e6 ./Core/Src/stm32f1xx_hal_timebase_tim.o
 .debug_abbrev  0x0000000000000c62      0x1a7 ./Core/Src/stm32f1xx_it.o
 .debug_abbrev  0x0000000000000e09      0x13b ./Core/Src/system_stm32f1xx.o
 .debug_abbrev  0x0000000000000f44      0x2ba ./Core/Src/usart.o
 .debug_abbrev  0x00000000000011fe       0x12 ./Core/Startup/startup_stm32f103rbtx.o
 .debug_abbrev  0x0000000000001210      0x1fb ./Drivers/STM32F1xx_HAL_Driver/Src/stm32f1xx_hal.o
 .debug_abbrev  0x000000000000140b      0x2ed ./Drivers/STM32F1xx_HAL_Driver/Src/stm32f1xx_hal_cortex.o
 .debug_abbrev  0x00000000000016f8      0x1fe ./Drivers/STM32F1xx_HAL_Driver/Src/stm32f1xx_hal_dma.o
 .debug_abbrev  0x00000000000018f6      0x1bb ./Drivers/STM32F1xx_HAL_Driver/Src/stm32f1xx_hal_gpio.o
 .debug_abbrev  0x0000000000001ab1      0x2a8 ./Drivers/STM32F1xx_HAL_Driver/Src/stm32f1xx_hal_rcc.o
 .debug_abbrev  0x0000000000001d59      0x264 ./Drivers/STM32F1xx_HAL_Driver/Src/stm32f1xx_hal_tim.o
 .debug_abbrev  0x0000000000001fbd      0x26c ./Drivers/STM32F1xx_HAL_Driver/Src/stm32f1xx_hal_tim_ex.o
 .debug_abbrev  0x0000000000002229      0x2df ./Drivers/STM32F1xx_HAL_Driver/Src/stm32f1xx_hal_uart.o
 .debug_abbrev  0x0000000000002508      0x4e6 ./Middlewares/Third_Party/FreeRTOS/Source/CMSIS_RTOS_V2/cmsis_os2.o
 .debug_abbrev  0x00000000000029ee       0xf2 ./Middlewares/Third_Party/FreeRTOS/Source/list.o
 .debug_abbrev  0x0000000000002ae0      0x3a1 ./Middlewares/Third_Party/FreeRTOS/Source/queue.o
 .debug_abbrev  0x0000000000002e81      0x37d ./Middlewares/Third_Party/FreeRTOS/Source/tasks.o
 .debug_abbrev  0x00000000000031fe      0x346 ./Middlewares/Third_Party/FreeRTOS/Source/timers.o
 .debug_abbrev  0x0000000000003544      0x257 ./Middlewares/Third_Party/FreeRTOS/Source/portable/GCC/ARM_CM3/port.o
 .debug_abbrev  0x000000000000379b      0x212 ./Middlewares/Third_Party/FreeRTOS/Source/portable/MemMang/heap_4.o

.debug_aranges  0x0000000000000000     0x1538
 .debug_aranges
                0x0000000000000000       0x20 ./Core/Src/dma.o
 .debug_aranges
                0x0000000000000020       0x38 ./Core/Src/fifo.o
 .debug_aranges
                0x0000000000000058       0x90 ./Core/Src/freertos.o
 .debug_aranges
                0x00000000000000e8       0x20 ./Core/Src/gpio.o
 .debug_aranges
                0x0000000000000108       0x38 ./Core/Src/main.o
 .debug_aranges
                0x0000000000000140       0x20 ./Core/Src/stm32f1xx_hal_msp.o
 .debug_aranges
                0x0000000000000160       0x30 ./Core/Src/stm32f1xx_hal_timebase_tim.o
 .debug_aranges
                0x0000000000000190       0x80 ./Core/Src/stm32f1xx_it.o
 .debug_aranges
                0x0000000000000210       0x28 ./Core/Src/system_stm32f1xx.o
 .debug_aranges
                0x0000000000000238       0x48 ./Core/Src/usart.o
 .debug_aranges
                0x0000000000000280       0x28 ./Core/Startup/startup_stm32f103rbtx.o
 .debug_aranges
                0x00000000000002a8       0xe0 ./Drivers/STM32F1xx_HAL_Driver/Src/stm32f1xx_hal.o
 .debug_aranges
                0x0000000000000388      0x100 ./Drivers/STM32F1xx_HAL_Driver/Src/stm32f1xx_hal_cortex.o
 .debug_aranges
                0x0000000000000488       0x80 ./Drivers/STM32F1xx_HAL_Driver/Src/stm32f1xx_hal_dma.o
 .debug_aranges
                0x0000000000000508       0x58 ./Drivers/STM32F1xx_HAL_Driver/Src/stm32f1xx_hal_gpio.o
 .debug_aranges
                0x0000000000000560       0x90 ./Drivers/STM32F1xx_HAL_Driver/Src/stm32f1xx_hal_rcc.o
 .debug_aranges
                0x00000000000005f0      0x3d0 ./Drivers/STM32F1xx_HAL_Driver/Src/stm32f1xx_hal_tim.o
 .debug_aranges
                0x00000000000009c0      0x168 ./Drivers/STM32F1xx_HAL_Driver/Src/stm32f1xx_hal_tim_ex.o
 .debug_aranges
                0x0000000000000b28      0x208 ./Drivers/STM32F1xx_HAL_Driver/Src/stm32f1xx_hal_uart.o
 .debug_aranges
                0x0000000000000d30      0x2a8 ./Middlewares/Third_Party/FreeRTOS/Source/CMSIS_RTOS_V2/cmsis_os2.o
 .debug_aranges
                0x0000000000000fd8       0x40 ./Middlewares/Third_Party/FreeRTOS/Source/list.o
 .debug_aranges
                0x0000000000001018      0x158 ./Middlewares/Third_Party/FreeRTOS/Source/queue.o
 .debug_aranges
                0x0000000000001170      0x208 ./Middlewares/Third_Party/FreeRTOS/Source/tasks.o
 .debug_aranges
                0x0000000000001378       0xf0 ./Middlewares/Third_Party/FreeRTOS/Source/timers.o
 .debug_aranges
                0x0000000000001468       0x78 ./Middlewares/Third_Party/FreeRTOS/Source/portable/GCC/ARM_CM3/port.o
 .debug_aranges
                0x00000000000014e0       0x58 ./Middlewares/Third_Party/FreeRTOS/Source/portable/MemMang/heap_4.o

.debug_ranges   0x0000000000000000     0x13d0
 .debug_ranges  0x0000000000000000       0x10 ./Core/Src/dma.o
 .debug_ranges  0x0000000000000010       0x28 ./Core/Src/fifo.o
 .debug_ranges  0x0000000000000038       0x80 ./Core/Src/freertos.o
 .debug_ranges  0x00000000000000b8       0x10 ./Core/Src/gpio.o
 .debug_ranges  0x00000000000000c8       0x28 ./Core/Src/main.o
 .debug_ranges  0x00000000000000f0       0x10 ./Core/Src/stm32f1xx_hal_msp.o
 .debug_ranges  0x0000000000000100       0x20 ./Core/Src/stm32f1xx_hal_timebase_tim.o
 .debug_ranges  0x0000000000000120       0x70 ./Core/Src/stm32f1xx_it.o
 .debug_ranges  0x0000000000000190       0x18 ./Core/Src/system_stm32f1xx.o
 .debug_ranges  0x00000000000001a8       0x38 ./Core/Src/usart.o
 .debug_ranges  0x00000000000001e0       0x20 ./Core/Startup/startup_stm32f103rbtx.o
 .debug_ranges  0x0000000000000200       0xd0 ./Drivers/STM32F1xx_HAL_Driver/Src/stm32f1xx_hal.o
 .debug_ranges  0x00000000000002d0       0xf0 ./Drivers/STM32F1xx_HAL_Driver/Src/stm32f1xx_hal_cortex.o
 .debug_ranges  0x00000000000003c0       0x70 ./Drivers/STM32F1xx_HAL_Driver/Src/stm32f1xx_hal_dma.o
 .debug_ranges  0x0000000000000430       0x48 ./Drivers/STM32F1xx_HAL_Driver/Src/stm32f1xx_hal_gpio.o
 .debug_ranges  0x0000000000000478       0x80 ./Drivers/STM32F1xx_HAL_Driver/Src/stm32f1xx_hal_rcc.o
 .debug_ranges  0x00000000000004f8      0x3c0 ./Drivers/STM32F1xx_HAL_Driver/Src/stm32f1xx_hal_tim.o
 .debug_ranges  0x00000000000008b8      0x158 ./Drivers/STM32F1xx_HAL_Driver/Src/stm32f1xx_hal_tim_ex.o
 .debug_ranges  0x0000000000000a10      0x228 ./Drivers/STM32F1xx_HAL_Driver/Src/stm32f1xx_hal_uart.o
 .debug_ranges  0x0000000000000c38      0x298 ./Middlewares/Third_Party/FreeRTOS/Source/CMSIS_RTOS_V2/cmsis_os2.o
 .debug_ranges  0x0000000000000ed0       0x30 ./Middlewares/Third_Party/FreeRTOS/Source/list.o
 .debug_ranges  0x0000000000000f00      0x148 ./Middlewares/Third_Party/FreeRTOS/Source/queue.o
 .debug_ranges  0x0000000000001048      0x1f8 ./Middlewares/Third_Party/FreeRTOS/Source/tasks.o
 .debug_ranges  0x0000000000001240       0xe0 ./Middlewares/Third_Party/FreeRTOS/Source/timers.o
 .debug_ranges  0x0000000000001320       0x68 ./Middlewares/Third_Party/FreeRTOS/Source/portable/GCC/ARM_CM3/port.o
 .debug_ranges  0x0000000000001388       0x48 ./Middlewares/Third_Party/FreeRTOS/Source/portable/MemMang/heap_4.o

.debug_macro    0x0000000000000000    0x1faa5
 .debug_macro   0x0000000000000000      0x8d9 ./Core/Src/dma.o
 .debug_macro   0x00000000000008d9      0xa6c ./Core/Src/dma.o
 .debug_macro   0x0000000000001345      0x221 ./Core/Src/dma.o
 .debug_macro   0x0000000000001566       0x2e ./Core/Src/dma.o
 .debug_macro   0x0000000000001594       0x22 ./Core/Src/dma.o
 .debug_macro   0x00000000000015b6       0x22 ./Core/Src/dma.o
 .debug_macro   0x00000000000015d8       0x8e ./Core/Src/dma.o
 .debug_macro   0x0000000000001666       0x51 ./Core/Src/dma.o
 .debug_macro   0x00000000000016b7      0x103 ./Core/Src/dma.o
 .debug_macro   0x00000000000017ba       0x6a ./Core/Src/dma.o
 .debug_macro   0x0000000000001824      0x1df ./Core/Src/dma.o
 .debug_macro   0x0000000000001a03       0x1c ./Core/Src/dma.o
 .debug_macro   0x0000000000001a1f       0x22 ./Core/Src/dma.o
 .debug_macro   0x0000000000001a41       0xbd ./Core/Src/dma.o
 .debug_macro   0x0000000000001afe      0xd23 ./Core/Src/dma.o
 .debug_macro   0x0000000000002821     0xe09e ./Core/Src/dma.o
 .debug_macro   0x00000000000108bf       0x6d ./Core/Src/dma.o
 .debug_macro   0x000000000001092c     0x34a2 ./Core/Src/dma.o
 .debug_macro   0x0000000000013dce      0x174 ./Core/Src/dma.o
 .debug_macro   0x0000000000013f42       0x5c ./Core/Src/dma.o
 .debug_macro   0x0000000000013f9e      0x5bc ./Core/Src/dma.o
 .debug_macro   0x000000000001455a      0x289 ./Core/Src/dma.o
 .debug_macro   0x00000000000147e3      0x1cb ./Core/Src/dma.o
 .debug_macro   0x00000000000149ae      0x114 ./Core/Src/dma.o
 .debug_macro   0x0000000000014ac2      0x1b2 ./Core/Src/dma.o
 .debug_macro   0x0000000000014c74       0x27 ./Core/Src/dma.o
 .debug_macro   0x0000000000014c9b      0x136 ./Core/Src/dma.o
 .debug_macro   0x0000000000014dd1      0x1bc ./Core/Src/dma.o
 .debug_macro   0x0000000000014f8d       0x34 ./Core/Src/dma.o
 .debug_macro   0x0000000000014fc1       0x3c ./Core/Src/dma.o
 .debug_macro   0x0000000000014ffd       0x57 ./Core/Src/dma.o
 .debug_macro   0x0000000000015054       0x87 ./Core/Src/dma.o
 .debug_macro   0x00000000000150db      0x240 ./Core/Src/dma.o
 .debug_macro   0x000000000001531b      0x140 ./Core/Src/dma.o
 .debug_macro   0x000000000001545b      0x8ed ./Core/Src/dma.o
 .debug_macro   0x0000000000015d48      0x28e ./Core/Src/dma.o
 .debug_macro   0x0000000000015fd6       0x83 ./Core/Src/dma.o
 .debug_macro   0x0000000000016059       0x2e ./Core/Src/dma.o
 .debug_macro   0x0000000000016087       0x1c ./Core/Src/dma.o
 .debug_macro   0x00000000000160a3       0x1c ./Core/Src/dma.o
 .debug_macro   0x00000000000160bf       0x52 ./Core/Src/dma.o
 .debug_macro   0x0000000000016111       0x18 ./Core/Src/dma.o
 .debug_macro   0x0000000000016129       0x3c ./Core/Src/dma.o
 .debug_macro   0x0000000000016165       0x34 ./Core/Src/dma.o
 .debug_macro   0x0000000000016199       0x16 ./Core/Src/dma.o
 .debug_macro   0x00000000000161af       0x43 ./Core/Src/dma.o
 .debug_macro   0x00000000000161f2       0x34 ./Core/Src/dma.o
 .debug_macro   0x0000000000016226       0x10 ./Core/Src/dma.o
 .debug_macro   0x0000000000016236       0x58 ./Core/Src/dma.o
 .debug_macro   0x000000000001628e       0x71 ./Core/Src/dma.o
 .debug_macro   0x00000000000162ff       0x1c ./Core/Src/dma.o
 .debug_macro   0x000000000001631b      0x12a ./Core/Src/dma.o
 .debug_macro   0x0000000000016445      0x341 ./Core/Src/dma.o
 .debug_macro   0x0000000000016786       0x10 ./Core/Src/dma.o
 .debug_macro   0x0000000000016796       0x35 ./Core/Src/dma.o
 .debug_macro   0x00000000000167cb       0x20 ./Core/Src/dma.o
 .debug_macro   0x00000000000167eb       0x84 ./Core/Src/dma.o
 .debug_macro   0x000000000001686f       0x2e ./Core/Src/dma.o
 .debug_macro   0x000000000001689d       0x16 ./Core/Src/dma.o
 .debug_macro   0x00000000000168b3      0x19b ./Core/Src/dma.o
 .debug_macro   0x0000000000016a4e       0x7b ./Core/Src/dma.o
 .debug_macro   0x0000000000016ac9      0x3e7 ./Core/Src/dma.o
 .debug_macro   0x0000000000016eb0       0x34 ./Core/Src/dma.o
 .debug_macro   0x0000000000016ee4       0x34 ./Core/Src/dma.o
 .debug_macro   0x0000000000016f18       0x34 ./Core/Src/dma.o
 .debug_macro   0x0000000000016f4c       0x3a ./Core/Src/dma.o
 .debug_macro   0x0000000000016f86       0x34 ./Core/Src/dma.o
 .debug_macro   0x0000000000016fba       0x3a ./Core/Src/dma.o
 .debug_macro   0x0000000000016ff4       0x34 ./Core/Src/dma.o
 .debug_macro   0x0000000000017028       0x34 ./Core/Src/dma.o
 .debug_macro   0x000000000001705c       0x3a ./Core/Src/dma.o
 .debug_macro   0x0000000000017096       0x34 ./Core/Src/dma.o
 .debug_macro   0x00000000000170ca       0x3a ./Core/Src/dma.o
 .debug_macro   0x0000000000017104       0x3a ./Core/Src/dma.o
 .debug_macro   0x000000000001713e       0x34 ./Core/Src/dma.o
 .debug_macro   0x0000000000017172       0x52 ./Core/Src/dma.o
 .debug_macro   0x00000000000171c4       0x34 ./Core/Src/dma.o
 .debug_macro   0x00000000000171f8       0x34 ./Core/Src/dma.o
 .debug_macro   0x000000000001722c       0x34 ./Core/Src/dma.o
 .debug_macro   0x0000000000017260       0x34 ./Core/Src/dma.o
 .debug_macro   0x0000000000017294       0x34 ./Core/Src/dma.o
 .debug_macro   0x00000000000172c8       0x34 ./Core/Src/dma.o
 .debug_macro   0x00000000000172fc       0x34 ./Core/Src/dma.o
 .debug_macro   0x0000000000017330       0x34 ./Core/Src/dma.o
 .debug_macro   0x0000000000017364       0x34 ./Core/Src/dma.o
 .debug_macro   0x0000000000017398       0x34 ./Core/Src/dma.o
 .debug_macro   0x00000000000173cc       0x34 ./Core/Src/dma.o
 .debug_macro   0x0000000000017400       0x34 ./Core/Src/dma.o
 .debug_macro   0x0000000000017434       0x34 ./Core/Src/dma.o
 .debug_macro   0x0000000000017468       0x34 ./Core/Src/dma.o
 .debug_macro   0x000000000001749c       0x34 ./Core/Src/dma.o
 .debug_macro   0x00000000000174d0       0x34 ./Core/Src/dma.o
 .debug_macro   0x0000000000017504       0x34 ./Core/Src/dma.o
 .debug_macro   0x0000000000017538       0x34 ./Core/Src/dma.o
 .debug_macro   0x000000000001756c       0x34 ./Core/Src/dma.o
 .debug_macro   0x00000000000175a0       0x34 ./Core/Src/dma.o
 .debug_macro   0x00000000000175d4       0x34 ./Core/Src/dma.o
 .debug_macro   0x0000000000017608       0x34 ./Core/Src/dma.o
 .debug_macro   0x000000000001763c       0x34 ./Core/Src/dma.o
 .debug_macro   0x0000000000017670       0x34 ./Core/Src/dma.o
 .debug_macro   0x00000000000176a4       0x3a ./Core/Src/dma.o
 .debug_macro   0x00000000000176de       0x34 ./Core/Src/dma.o
 .debug_macro   0x0000000000017712       0x34 ./Core/Src/dma.o
 .debug_macro   0x0000000000017746       0x34 ./Core/Src/dma.o
 .debug_macro   0x000000000001777a       0x40 ./Core/Src/dma.o
 .debug_macro   0x00000000000177ba       0x34 ./Core/Src/dma.o
 .debug_macro   0x00000000000177ee       0x3a ./Core/Src/dma.o
 .debug_macro   0x0000000000017828       0x3a ./Core/Src/dma.o
 .debug_macro   0x0000000000017862       0x34 ./Core/Src/dma.o
 .debug_macro   0x0000000000017896       0x34 ./Core/Src/dma.o
 .debug_macro   0x00000000000178ca       0x34 ./Core/Src/dma.o
 .debug_macro   0x00000000000178fe       0x34 ./Core/Src/dma.o
 .debug_macro   0x0000000000017932       0x34 ./Core/Src/dma.o
 .debug_macro   0x0000000000017966       0x34 ./Core/Src/dma.o
 .debug_macro   0x000000000001799a       0x34 ./Core/Src/dma.o
 .debug_macro   0x00000000000179ce       0x34 ./Core/Src/dma.o
 .debug_macro   0x0000000000017a02       0x34 ./Core/Src/dma.o
 .debug_macro   0x0000000000017a36       0x34 ./Core/Src/dma.o
 .debug_macro   0x0000000000017a6a       0x34 ./Core/Src/dma.o
 .debug_macro   0x0000000000017a9e       0x34 ./Core/Src/dma.o
 .debug_macro   0x0000000000017ad2       0x3a ./Core/Src/dma.o
 .debug_macro   0x0000000000017b0c       0x3a ./Core/Src/dma.o
 .debug_macro   0x0000000000017b46       0x34 ./Core/Src/dma.o
 .debug_macro   0x0000000000017b7a       0x34 ./Core/Src/dma.o
 .debug_macro   0x0000000000017bae       0x34 ./Core/Src/dma.o
 .debug_macro   0x0000000000017be2       0x34 ./Core/Src/dma.o
 .debug_macro   0x0000000000017c16       0x34 ./Core/Src/dma.o
 .debug_macro   0x0000000000017c4a       0x34 ./Core/Src/dma.o
 .debug_macro   0x0000000000017c7e       0x34 ./Core/Src/dma.o
 .debug_macro   0x0000000000017cb2       0x34 ./Core/Src/dma.o
 .debug_macro   0x0000000000017ce6       0x3a ./Core/Src/dma.o
 .debug_macro   0x0000000000017d20       0x34 ./Core/Src/dma.o
 .debug_macro   0x0000000000017d54       0x34 ./Core/Src/dma.o
 .debug_macro   0x0000000000017d88       0x34 ./Core/Src/dma.o
 .debug_macro   0x0000000000017dbc       0x34 ./Core/Src/dma.o
 .debug_macro   0x0000000000017df0       0x34 ./Core/Src/dma.o
 .debug_macro   0x0000000000017e24       0x34 ./Core/Src/dma.o
 .debug_macro   0x0000000000017e58       0x34 ./Core/Src/dma.o
 .debug_macro   0x0000000000017e8c       0x34 ./Core/Src/dma.o
 .debug_macro   0x0000000000017ec0       0x34 ./Core/Src/dma.o
 .debug_macro   0x0000000000017ef4       0x34 ./Core/Src/dma.o
 .debug_macro   0x0000000000017f28       0x3a ./Core/Src/dma.o
 .debug_macro   0x0000000000017f62       0x34 ./Core/Src/dma.o
 .debug_macro   0x0000000000017f96       0x34 ./Core/Src/dma.o
 .debug_macro   0x0000000000017fca       0x34 ./Core/Src/dma.o
 .debug_macro   0x0000000000017ffe       0x34 ./Core/Src/dma.o
 .debug_macro   0x0000000000018032       0x3a ./Core/Src/dma.o
 .debug_macro   0x000000000001806c       0x34 ./Core/Src/dma.o
 .debug_macro   0x00000000000180a0       0x34 ./Core/Src/dma.o
 .debug_macro   0x00000000000180d4       0x34 ./Core/Src/dma.o
 .debug_macro   0x0000000000018108       0x34 ./Core/Src/dma.o
 .debug_macro   0x000000000001813c       0x3a ./Core/Src/dma.o
 .debug_macro   0x0000000000018176       0x34 ./Core/Src/dma.o
 .debug_macro   0x00000000000181aa       0x34 ./Core/Src/dma.o
 .debug_macro   0x00000000000181de       0x3a ./Core/Src/dma.o
 .debug_macro   0x0000000000018218       0x34 ./Core/Src/dma.o
 .debug_macro   0x000000000001824c       0x34 ./Core/Src/dma.o
 .debug_macro   0x0000000000018280       0x3a ./Core/Src/dma.o
 .debug_macro   0x00000000000182ba       0x34 ./Core/Src/dma.o
 .debug_macro   0x00000000000182ee       0x34 ./Core/Src/dma.o
 .debug_macro   0x0000000000018322       0x34 ./Core/Src/dma.o
 .debug_macro   0x0000000000018356       0x34 ./Core/Src/dma.o
 .debug_macro   0x000000000001838a       0x3a ./Core/Src/dma.o
 .debug_macro   0x00000000000183c4       0x34 ./Core/Src/dma.o
 .debug_macro   0x00000000000183f8       0x34 ./Core/Src/dma.o
 .debug_macro   0x000000000001842c       0x3a ./Core/Src/dma.o
 .debug_macro   0x0000000000018466       0x34 ./Core/Src/dma.o
 .debug_macro   0x000000000001849a       0x34 ./Core/Src/dma.o
 .debug_macro   0x00000000000184ce       0x34 ./Core/Src/dma.o
 .debug_macro   0x0000000000018502       0x3a ./Core/Src/dma.o
 .debug_macro   0x000000000001853c       0x3a ./Core/Src/dma.o
 .debug_macro   0x0000000000018576       0x3a ./Core/Src/dma.o
 .debug_macro   0x00000000000185b0       0x34 ./Core/Src/dma.o
 .debug_macro   0x00000000000185e4       0x40 ./Core/Src/dma.o
 .debug_macro   0x0000000000018624       0x34 ./Core/Src/dma.o
 .debug_macro   0x0000000000018658       0x52 ./Core/Src/dma.o
 .debug_macro   0x00000000000186aa       0x46 ./Core/Src/dma.o
 .debug_macro   0x00000000000186f0       0x3a ./Core/Src/dma.o
 .debug_macro   0x000000000001872a       0x46 ./Core/Src/dma.o
 .debug_macro   0x0000000000018770       0x34 ./Core/Src/dma.o
 .debug_macro   0x00000000000187a4       0x34 ./Core/Src/dma.o
 .debug_macro   0x00000000000187d8       0x34 ./Core/Src/dma.o
 .debug_macro   0x000000000001880c       0x34 ./Core/Src/dma.o
 .debug_macro   0x0000000000018840       0x34 ./Core/Src/dma.o
 .debug_macro   0x0000000000018874       0x34 ./Core/Src/dma.o
 .debug_macro   0x00000000000188a8       0x34 ./Core/Src/dma.o
 .debug_macro   0x00000000000188dc       0x3a ./Core/Src/dma.o
 .debug_macro   0x0000000000018916       0x34 ./Core/Src/dma.o
 .debug_macro   0x000000000001894a       0x34 ./Core/Src/dma.o
 .debug_macro   0x000000000001897e       0x34 ./Core/Src/dma.o
 .debug_macro   0x00000000000189b2       0x3a ./Core/Src/dma.o
 .debug_macro   0x00000000000189ec       0x3a ./Core/Src/dma.o
 .debug_macro   0x0000000000018a26       0x34 ./Core/Src/dma.o
 .debug_macro   0x0000000000018a5a       0x34 ./Core/Src/dma.o
 .debug_macro   0x0000000000018a8e       0x3a ./Core/Src/dma.o
 .debug_macro   0x0000000000018ac8       0x34 ./Core/Src/dma.o
 .debug_macro   0x0000000000018afc       0x3a ./Core/Src/dma.o
 .debug_macro   0x0000000000018b36       0x3a ./Core/Src/dma.o
 .debug_macro   0x0000000000018b70       0x3a ./Core/Src/dma.o
 .debug_macro   0x0000000000018baa       0x3a ./Core/Src/dma.o
 .debug_macro   0x0000000000018be4       0x3a ./Core/Src/dma.o
 .debug_macro   0x0000000000018c1e       0x3a ./Core/Src/dma.o
 .debug_macro   0x0000000000018c58       0x34 ./Core/Src/dma.o
 .debug_macro   0x0000000000018c8c       0x12 ./Core/Src/dma.o
 .debug_macro   0x0000000000018c9e       0x6a ./Core/Src/dma.o
 .debug_macro   0x0000000000018d08       0x7c ./Core/Src/fifo.o
 .debug_macro   0x0000000000018d84       0x22 ./Core/Src/fifo.o
 .debug_macro   0x0000000000018da6      0xa51 ./Core/Src/freertos.o
 .debug_macro   0x00000000000197f7      0x174 ./Core/Src/freertos.o
 .debug_macro   0x000000000001996b      0x15a ./Core/Src/freertos.o
 .debug_macro   0x0000000000019ac5       0xc9 ./Core/Src/freertos.o
 .debug_macro   0x0000000000019b8e       0x1c ./Core/Src/freertos.o
 .debug_macro   0x0000000000019baa       0x26 ./Core/Src/freertos.o
 .debug_macro   0x0000000000019bd0      0x4d3 ./Core/Src/freertos.o
 .debug_macro   0x000000000001a0a3       0xb5 ./Core/Src/freertos.o
 .debug_macro   0x000000000001a158       0xaa ./Core/Src/freertos.o
 .debug_macro   0x000000000001a202       0x6c ./Core/Src/freertos.o
 .debug_macro   0x000000000001a26e       0x74 ./Core/Src/freertos.o
 .debug_macro   0x000000000001a2e2       0xdd ./Core/Src/freertos.o
 .debug_macro   0x000000000001a3bf       0x1c ./Core/Src/freertos.o
 .debug_macro   0x000000000001a3db       0x10 ./Core/Src/freertos.o
 .debug_macro   0x000000000001a3eb       0x10 ./Core/Src/freertos.o
 .debug_macro   0x000000000001a3fb       0x1c ./Core/Src/freertos.o
 .debug_macro   0x000000000001a417       0x52 ./Core/Src/freertos.o
 .debug_macro   0x000000000001a469       0x22 ./Core/Src/freertos.o
 .debug_macro   0x000000000001a48b       0x10 ./Core/Src/freertos.o
 .debug_macro   0x000000000001a49b       0x52 ./Core/Src/freertos.o
 .debug_macro   0x000000000001a4ed       0xd5 ./Core/Src/freertos.o
 .debug_macro   0x000000000001a5c2       0x1c ./Core/Src/freertos.o
 .debug_macro   0x000000000001a5de       0x3d ./Core/Src/freertos.o
 .debug_macro   0x000000000001a61b       0x16 ./Core/Src/freertos.o
 .debug_macro   0x000000000001a631      0x145 ./Core/Src/freertos.o
 .debug_macro   0x000000000001a776      0x8ce ./Core/Src/gpio.o
 .debug_macro   0x000000000001b044      0x99e ./Core/Src/main.o
 .debug_macro   0x000000000001b9e2      0x174 ./Core/Src/main.o
 .debug_macro   0x000000000001bb56       0x66 ./Core/Src/main.o
 .debug_macro   0x000000000001bbbc      0x8c3 ./Core/Src/stm32f1xx_hal_msp.o
 .debug_macro   0x000000000001c47f      0x1a3 ./Core/Src/stm32f1xx_hal_timebase_tim.o
 .debug_macro   0x000000000001c622      0x93f ./Core/Src/stm32f1xx_it.o
 .debug_macro   0x000000000001cf61      0x1a3 ./Core/Src/system_stm32f1xx.o
 .debug_macro   0x000000000001d104      0x988 ./Core/Src/usart.o
 .debug_macro   0x000000000001da8c      0x1c7 ./Drivers/STM32F1xx_HAL_Driver/Src/stm32f1xx_hal.o
 .debug_macro   0x000000000001dc53      0x1a3 ./Drivers/STM32F1xx_HAL_Driver/Src/stm32f1xx_hal_cortex.o
 .debug_macro   0x000000000001ddf6      0x1a3 ./Drivers/STM32F1xx_HAL_Driver/Src/stm32f1xx_hal_dma.o
 .debug_macro   0x000000000001df99      0x20e ./Drivers/STM32F1xx_HAL_Driver/Src/stm32f1xx_hal_gpio.o
 .debug_macro   0x000000000001e1a7      0x1b5 ./Drivers/STM32F1xx_HAL_Driver/Src/stm32f1xx_hal_rcc.o
 .debug_macro   0x000000000001e35c      0x1a4 ./Drivers/STM32F1xx_HAL_Driver/Src/stm32f1xx_hal_tim.o